03-03 21:19:49.476 W/JobInfo (15239): Requested important-while-foreground flag for job2663 is ignored and takes no effect
03-03 21:19:49.479 W/JobInfo (15239): Requested important-while-foreground flag for job2747 is ignored and takes no effect
03-03 21:19:49.480 W/GooglePlayServicesUtil(15239): Google Play services out of date for com.google.android.apps.youtube.music.  Requires 260880000 but found 260632035
03-03 21:19:49.484 W/JobInfo (15239): Requested important-while-foreground flag for job2748 is ignored and takes no effect
03-03 21:19:48.247 I/[wlan][6899]kalPerMonUpdate( 6899): (SW4 INFO) <1039ms> Tput: 179648(0.175mbps) [22190:27:1142:15][0:0:0:0][0:0:0:0][0:0:0:0] Pending:1/4096 [0:1:0:0][0:0:0:0][0:0:0:0][0:0:0:0] LQ[505409:494025:39561] idle:0 lv:0 th:5 fg:0x9 TxCpu[40430,42897,175039,38969,19604,20599,18056,20435] RxCpu[0,0,0,0,0,0,0,0] TxDp[ST:BS:FO:QM:DP]:0:0:0:0:1509 Tx[SQ:TI:TM:TDD:TDM:TIC:TFP]:0:376029:376029:0:0:8535:376027 MgmtSub[2:0:1:0:0:0:0:0:0:0:0:3:3:10:0:0]
03-03 21:19:48.247 I/[wlan][6899]kalPerMonUpdate( 6899): (SW4 INFO) ndevdrp:[0:0:0:0][0:0:0:4] NAPI[975002,0,0,0,0,0,0,0,0,0,0] RxReorder[209:0:0:0] RxPending[0:0:0:0] RfbTrack[0:60:10:0:0:0:0:0:0:0:0:0:0:0:0:0:0:0:0] drv[RM,IL,RI,PA,PF,DU,DA,RT,RM,RW,RA,RB,DT,NS,IB,HS,LS,DD,ME,BD,NI,DR,TE,PE,CE,DN,FE,DE,IE,TME,CM,FB,ID,FD,NL]:1683508,0,1418413,1418413,0,0,0,1602291,4294971025,1370395,32187,1295,200211,0,0,7,0,7025,0,1945,0,191194,0,0,40,200171,0,0,0,0,42,0,0,0,0
03-03 21:19:48.247 I/[wlan][6899]asicConnac2xFillCmdTxdInfo( 6899): (TX INFO) TX CMD: ID[0x7E] SEQ[71] SET[1] LEN[376]
03-03 21:19:48.247 I/[wlan][6899]asicConnac2xFillCmdTxdInfo( 6899): (TX INFO) TX CMD: ID[0x85] SEQ[72] SET[0] LEN[92]
03-03 21:19:48.247 I/[wlan][6899]wlanLinkQualityMonitor( 6899): (SW4 INFO) Link Quality: Tx(rate:10, total:505409, retry:62121, fail:40821, RTS fail:0, ACK fail:40821), Rx(rate:344, total:494025, dup:7025, error:416004), PER(76), Congestion(idle slot:491844628, diff:42695, AwakeDur:9004936)
03-03 21:19:48.247 I/[wlan][6900]wlanTxCmdDoneCb( 6900): (TX INFO) Add command: 0000000036dcaf95, 0000000078da7d5e, cmd=0x85, seq=72
03-03 21:19:48.247 I/[wlan][6900]wlanTxCmdDoneCb( 6900): (TX INFO) Add command: 00000000961cc7d7, 00000000ae7907ff, cmd=0x82, seq=73
03-03 21:19:48.247 I/[wlan][6900]soc7_0_DumpWfsyscpupcr( 6900): (HAL INFO) wm pc=490158.726841/0x00902500;490158.726843/0x0090251a;490158.726844/0x00902532;490158.726846/0x00902532;490158.726847/0x00902532;
03-03 21:19:48.247 I/[wlan][6900]soc7_0_DumpWfsyscpupcr( 6900): (HAL INFO) wm lp=490158.726841/0x0090249c;490158.726843/0x0090249c;490158.726844/0x0090249c;490158.726846/0x0090249c;490158.726847/0x0090249c;
03-03 21:19:48.247 I/[wlan][6900]halDumpMsduReportStats( 6900): (HAL INFO) TX_Delay D:[1:5:10:20]=[27:0:0:0:0#0] C:[10:20:50:80]=[0:0:0:0:11#452] M:[5:10:20:50]=[0:2:1:0:8#138] A:[5:10:20:50]=[0:0:0:0:0#0] F:[10:20:50:80]=[0:0:0:0:0#0] Txfail:0
03-03 21:19:48.247 I/[wlan][6900]halDumpHifStats( 6900): (HAL INFO) I[0 / 975003 1 0 0 0x0 0x0 0] T[34262 34262 34259 / 376029 376028 375368 375824] R[1618624 / 208791] T_Q:T_R[0:285 0:0 0:0 0:0 0:1 0:0 0:3 0:0]  R_R:R_N[0:0 0:0 0:0 0:0] Msdu:F[8189/8192]P[1]D[0] Tok[45/4096] Rfb[4150/0/0/209/0/0/0/0/4150] txreg[265319] rxreg[1255519]
03-03 21:19:48.248 I/[wlan][6899]nicRxProcessEventPacket( 6899): (RX INFO) Not static config event: id=0x21, seq=72
03-03 21:19:48.248 I/[wlan][6899]nicGetPendingCmdInfo( 6899): (TX INFO) Get command: 0000000036dcaf95, 0000000078da7d5e, cmd=0x85, seq=72
03-03 21:19:48.248 I/[wlan][6899]nicGetPendingCmdInfo( 6899): (TX INFO) Get command: 00000000961cc7d7, 00000000ae7907ff, cmd=0x82, seq=73
03-03 21:19:48.277 I/instant_current(  901): cic_idx:0
03-03 21:19:48.285 I/[DISP]mtk_dsi_esd_cmp(  240): expect[0x0], read[0x0]
03-03 21:19:49.542 I/lowmemorykiller(  502): nr_free_pages: 48822 nr_inactive_file: 134948 nr_active_file: 173495 workingset_refault: 1494274704 pgscan_kswapd: 2507660328 pgscan_direct: 61341145 pgscan_direct_throttle: 1167 init_pgscan_direct: 61230352 init_pgscan_kswapd: 2507660328 base_file_lru: 335239 init_ws_refault: 1494235230 free_swap: 883199 total_swap: 1572863 swap_free_percentage: 56%
03-03 21:19:49.567 W/SQLiteLog( 7943): (28) double-quoted string literal: "1772380189567"
03-03 21:19:49.567 W/SQLiteLog( 7943): (28) double-quoted string literal: "1"
03-03 21:19:49.577 W/JobInfo (15239): Requested important-while-foreground flag for job2749 is ignored and takes no effect
03-03 21:19:49.581 I/libPerfCtl( 1041): xgfGetFPS pid:2067 fps:120
03-03 21:19:49.581 I/libPerfCtl( 1041): xgfGetFPS pid:2332 fps:-1
03-03 21:19:49.581 I/libPerfCtl( 1041): xgfGetFPS pid:14908 fps:-1
03-03 21:19:49.583 W/JobScheduler( 1666): Job didn't exist in JobStore: a6d8cb1 {androidx.work.systemjobscheduler} #u0a169/2749 @androidx.work.systemjobscheduler@com.google.android.apps.youtube.music/androidx.work.impl.background.systemjob.SystemJobService
03-03 21:19:49.599 W/QueueRestorationCtlr(15239): Registering controller for EventBus
03-03 21:19:48.361 I/[wlan][6899]wlanPktTxDone( 6899): (TX INFO) TX DONE, Type[DNS] Tag[0x540cc200] WIDX:PID[6:3] SN[3900] Status[0], SeqNo: 129
03-03 21:19:48.367 I/[wlan][6899]statsParseUDPInfo( 6899): (RX INFO) <RX> DNS: IPID 0x960f, TransID 0x303a, SSN:3532
03-03 21:19:49.604 I/resolv  (  987): res_nsend: used send_dg 321 terrno: 0
03-03 21:19:49.604 I/resolv  (  987): doQuery: rcode=0, ancount=2, return value=321
03-03 21:19:49.605 E/msys    (11067): E[N mns]_OnSystemDNSSuccessCallback(340)=>Cache refresh succeeded with system DNS resolver. IP count: 1
03-03 21:19:49.605 I/resolv  (  987): GetAddrInfoHandler::run: {482 262626 482 983522 10372 0}
03-03 21:19:49.606 I/resolv  (  987): res_nmkquery: (QUERY, IN, A)
03-03 21:19:48.368 I/[wlan][6899]statsParseUDPInfo( 6899): (RX INFO) <RX> DNS: IPID 0x960f, TransID 0x303a, SSN:3532
03-03 21:19:48.369 I/[wlan][15401]statsParseUDPInfo(15401): (TX INFO) <TX> DNS: IPID[0x564f] TransID[0x66f0] SeqNo[138]
03-03 21:19:48.369 I/[wlan][6899]nic_txd_v2_compose( 6899): (TX INFO) TX[DNS] WIDX[6] PID[4]
03-03 21:19:49.621 I/resolv  (  987): res_nsend: used send_dg 334 terrno: 0
03-03 21:19:49.621 I/resolv  (  987): res_nsend: used send_dg 319 terrno: 0
03-03 21:19:49.621 I/resolv  (  987): doQuery: rcode=0, ancount=2, return value=319
03-03 21:19:49.621 I/resolv  (  987): doQuery: rcode=0, ancount=2, return value=334
03-03 21:19:49.623 I/resolv  (  987): GetAddrInfoHandler::run: {482 262626 482 983522 10372 0}
03-03 21:19:49.623 E/msys    (11067): E[N mns]_OnSystemDNSSuccessCallback(340)=>Cache refresh succeeded with system DNS resolver. IP count: 1
03-03 21:19:49.623 E/msys    (11067): E[N mns]_OnSystemDNSSuccessCallback(340)=>Cache refresh succeeded with system DNS resolver. IP count: 1
03-03 21:19:49.624 I/resolv  (  987): res_nmkquery: (QUERY, IN, A)
03-03 21:19:49.624 I/resolv  (  987): GetAddrInfoHandler::run: {482 262626 482 983522 10372 0}
03-03 21:19:48.383 I/[wlan][6899]statsParseUDPInfo( 6899): (RX INFO) <RX> DNS: IPID 0x9611, TransID 0x6e01, SSN:3533
03-03 21:19:48.383 I/[wlan][6899]statsParseUDPInfo( 6899): (RX INFO) <RX> DNS: IPID 0x9612, TransID 0x2efb, SSN:3534
03-03 21:19:49.625 I/resolv  (  987): res_nmkquery: (QUERY, IN, A)
03-03 21:19:49.625 I/resolv  (  987): resolv_cache_lookup: FOUND IN CACHE entry=0xb40000789f47a410
03-03 21:19:49.625 I/resolv  (  987): doQuery: rcode=0, ancount=2, return value=321
03-03 21:19:49.628 W/JobScheduler( 1666): Job didn't exist in JobStore: 3dcd475 {androidx.work.systemjobscheduler} #u0a169/2749 @androidx.work.systemjobscheduler@com.google.android.apps.youtube.music/androidx.work.impl.background.systemjob.SystemJobService
03-03 21:19:49.630 I/resolv  (  987): res_nsend: used send_dg 337 terrno: 0
03-03 21:19:49.630 I/resolv  (  987): doQuery: rcode=0, ancount=2, return value=337
03-03 21:19:49.630 E/msys    (11067): E[N mns]_OnSystemDNSSuccessCallback(340)=>Cache refresh succeeded with system DNS resolver. IP count: 1
03-03 21:19:49.630 I/resolv  (  987): GetAddrInfoHandler::run: {482 262626 482 983522 10372 0}
03-03 21:19:49.632 I/resolv  (  987): GetAddrInfoHandler::run: {482 262626 482 983522 10372 0}
03-03 21:19:49.632 E/msys    (11067): E[N mns]_OnSystemDNSSuccessCallback(340)=>Cache refresh succeeded with system DNS resolver. IP count: 1
03-03 21:19:48.392 I/[wlan][6899]statsParseUDPInfo( 6899): (RX INFO) <RX> DNS: IPID 0x9613, TransID 0x6a77, SSN:3535
03-03 21:19:49.632 I/resolv  (  987): res_nmkquery: (QUERY, IN, A)
03-03 21:19:49.632 I/resolv  (  987): resolv_cache_lookup: FOUND IN CACHE entry=0xb40000789f47a410
03-03 21:19:49.632 I/resolv  (  987): doQuery: rcode=0, ancount=2, return value=321
03-03 21:19:49.633 I/resolv  (  987): res_nmkquery: (QUERY, IN, A)
03-03 21:19:49.634 E/msys    (11067): E[N mns]_OnSystemDNSSuccessCallback(340)=>Cache refresh succeeded with system DNS resolver. IP count: 1
03-03 21:19:49.634 I/resolv  (  987): GetAddrInfoHandler::run: {482 262626 482 983522 10372 0}
03-03 21:19:49.636 I/resolv  (  987): res_nmkquery: (QUERY, IN, A)
03-03 21:19:49.636 I/resolv  (  987): resolv_cache_lookup: Waiting for previous request
03-03 21:19:49.661 I/NearbySharing(18610): Network state changed: NetworkState(isRestricted=false, isOnline=true, isCongested=false, isMetered=false, isWifiConnected=true)
03-03 21:19:49.666 W/WM-Processor(15239): Didn't find WorkSpec for id WorkGenerationalId(workSpecId=17d0a7ce-1310-425e-b76c-3548da686b2f, generation=0)
03-03 21:19:49.673 W/WM-Processor(15239): Didn't find WorkSpec for id WorkGenerationalId(workSpecId=17d0a7ce-1310-425e-b76c-3548da686b2f, generation=0)
03-03 21:19:49.681 W/android.hardware.thermal-service.mediatek( 1046): parseMsg: Get from client TYPE=thermal_hal_notify NAME=SKIN
03-03 21:19:49.681 W/android.hardware.thermal-service.mediatek( 1046): parseMsg:name.c_str():SKIN
03-03 21:19:49.682 W/android.hardware.thermal-service.mediatek( 1046): parseMsg:tz notify:SKIN
03-03 21:19:49.682 I/android.hardware.thermal-service.mediatek( 1046): Wait to accept a connection
03-03 21:19:49.682 I/android.hardware.thermal-service.mediatek( 1046): Sending notification:  Type: SKIN Name: SKIN CurrentValue: 38.466 ThrottlingStatus: LIGHT
03-03 21:19:49.682 I/android.hardware.thermal-service.mediatek( 1046): sendThermalChangedCallback
03-03 21:19:49.688 I/lowmemorykiller(  502): nr_free_pages: 43278 nr_inactive_file: 135051 nr_active_file: 175802 workingset_refault: 1494277105 pgscan_kswapd: 2507660328 pgscan_direct: 61341145 pgscan_direct_throttle: 1167 init_pgscan_direct: 61230352 init_pgscan_kswapd: 2507660328 base_file_lru: 335239 init_ws_refault: 1494235230 free_swap: 885887 total_swap: 1572863 swap_free_percentage: 56%
03-03 21:19:49.698 I/PlayCommon( 3123): [1367] Successfully uploaded logs.
03-03 21:19:49.720 I/BufferQueueProducer( 1080): [com.example.foxos/com.example.foxos.MainActivity#142838](this:0xb4000075ed9080b8,id:-1,api:0,p:-1,c:1080) queueBuffer: fps=119.59 dur=1003.41 max=8.90 min=7.69
03-03 21:19:49.735 E/msys    (11067): E[N mns]_OnDiskCacheGetData(632)=>Start post callback cache refresh DNS resolution
03-03 21:19:49.744 E/s.youtube.music(15239): [perfctl] 15239 15327 FPSGO ver:7
03-03 21:19:49.744 E/s.youtube.music(15239): [perfctl] 1 1 1 0
03-03 21:19:49.746 I/resolv  (  987): res_nsend: used send_dg 338 terrno: 0
03-03 21:19:49.746 I/resolv  (  987): doQuery: rcode=0, ancount=2, return value=338
03-03 21:19:48.509 I/[wlan][6899]statsParseUDPInfo( 6899): (RX INFO) <RX> DNS: IPID 0x9616, TransID 0xcd93, SSN:3546
03-03 21:19:49.760 E/msys    (11067): E[N mns]_OnSystemDNSSuccessCallback(340)=>Cache refresh succeeded with system DNS resolver. IP count: 1
03-03 21:19:49.778 I/SurfaceFactory(15239): [static] sSurfaceFactory = com.mediatek.view.impl.SurfaceFactoryImpl@9510802
03-03 21:19:49.789 I/lowmemorykiller(  502): nr_free_pages: 41325 nr_inactive_file: 135051 nr_active_file: 176372 workingset_refault: 1494277789 pgscan_kswapd: 2507660328 pgscan_direct: 61341145 pgscan_direct_throttle: 1167 init_pgscan_direct: 61230352 init_pgscan_kswapd: 2507660328 base_file_lru: 310853 init_ws_refault: 1494277105 free_swap: 887231 total_swap: 1572863 swap_free_percentage: 56%
03-03 21:19:49.802 W/BluetoothMetricsLogger( 2804): MetricsLogger isn't initialized
03-03 21:19:49.802 W/BluetoothMetricsLogger( 2804): MetricsLogger isn't initialized
03-03 21:19:49.805 I/NearbyDiscovery(17176): (REDACTED) BloomFilterAdvManager: Detected bloom filter but too far away, ignoring. %sm, %s
03-03 21:19:49.806 I/NearbyDiscovery(18610): (REDACTED) BloomFilterAdvManager: Detected bloom filter but too far away, ignoring. %sm, %s
03-03 21:19:49.806 I/resolv  (  987): res_nsend: used send_dg 323 terrno: 0
03-03 21:19:49.807 I/resolv  (  987): doQuery: rcode=0, ancount=2, return value=323
03-03 21:19:48.569 I/[wlan][6899]statsParseUDPInfo( 6899): (RX INFO) <RX> DNS: IPID 0x9619, TransID 0x1d97, SSN:3552
03-03 21:19:49.826 W/RealtimeClientManager(11067): Channel state: MqttChannelState{mConnectionState=CONNECTED, mDisconnectionReason=null, mLastConnectionMs=904882563, mLastDisconnectMs=905336567}
03-03 21:19:49.849 E/YouTubeMusic(15239): Trying to detachMediaView when it wasn't the most recent MediaView Setter
03-03 21:19:49.889 I/lowmemorykiller(  502): nr_free_pages: 40689 nr_inactive_file: 135051 nr_active_file: 177227 workingset_refault: 1494278644 pgscan_kswapd: 2507660328 pgscan_direct: 61341145 pgscan_direct_throttle: 1167 init_pgscan_direct: 61230352 init_pgscan_kswapd: 2507660328 base_file_lru: 310853 init_ws_refault: 1494277105 free_swap: 891135 total_swap: 1572863 swap_free_percentage: 56%
03-03 21:19:49.974 W/MediaSessionShuffleStat(15239): attempted to update shuffle state but media session was null: 0
03-03 21:19:49.975 W/LoopStateAdapter(15239): attempted to update repeat mode but media session was null: 0
03-03 21:19:49.983 W/BluetoothMetricsLogger( 2804): MetricsLogger isn't initialized
03-03 21:19:49.983 W/BluetoothMetricsLogger( 2804): MetricsLogger isn't initialized
03-03 21:19:49.991 I/lowmemorykiller(  502): nr_free_pages: 40204 nr_inactive_file: 135226 nr_active_file: 178779 workingset_refault: 1494280082 pgscan_kswapd: 2507660328 pgscan_direct: 61341145 pgscan_direct_throttle: 1167 init_pgscan_direct: 61230352 init_pgscan_kswapd: 2507660328 base_file_lru: 310853 init_ws_refault: 1494277105 free_swap: 892031 total_swap: 1572863 swap_free_percentage: 56%
03-03 21:19:50.042 W/JobInfo (15239): Requested important-while-foreground flag for job2752 is ignored and takes no effect
03-03 21:19:48.817 I/instant_current(  901): cic_idx:0
03-03 21:19:50.090 I/lowmemorykiller(  502): nr_free_pages: 39185 nr_inactive_file: 135454 nr_active_file: 179919 workingset_refault: 1494281336 pgscan_kswapd: 2507660328 pgscan_direct: 61341145 pgscan_direct_throttle: 1167 init_pgscan_direct: 61230352 init_pgscan_kswapd: 2507660328 base_file_lru: 310853 init_ws_refault: 1494277105 free_swap: 892735 total_swap: 1572863 swap_free_percentage: 56%
03-03 21:19:48.851 I/[wlan][6899]qmFlushTimeoutReorderBubble( 6899): (QM INFO) QM:(Bub Timeout) 0:0 Bub(1)[3558]{3558,3813} -> Bub(0)[3558]{3561,3816}
03-03 21:19:50.099 W/HWUI    (15239): Image decoding logging dropped!
03-03 21:19:50.189 I/android.hardware.thermal-service.mediatek( 1046): getTemperaturesWithType TemperatureType: 3
03-03 21:19:50.190 W/android.hardware.thermal-service.mediatek( 1046): i=0 tz_data[i].tz_idx[0]=10
03-03 21:19:50.190 W/android.hardware.thermal-service.mediatek( 1046): i=1 tz_data[i].tz_idx[0]=10
03-03 21:19:50.190 W/android.hardware.thermal-service.mediatek( 1046): i=2 tz_data[i].tz_idx[0]=7
03-03 21:19:50.190 W/android.hardware.thermal-service.mediatek( 1046): i=3 tz_data[i].tz_idx[0]=56
03-03 21:19:50.190 I/android.hardware.thermal-service.mediatek( 1046): fill_temperatures filterType1 name: SKIN type: SKIN throttlingStatus: LIGHT value: 38.466 ret_temps size 0
03-03 21:19:50.190 W/android.hardware.thermal-service.mediatek( 1046): i=4 tz_data[i].tz_idx[0]=0
03-03 21:19:50.190 W/android.hardware.thermal-service.mediatek( 1046): i=5 tz_data[i].tz_idx[0]=51
03-03 21:19:50.190 W/android.hardware.thermal-service.mediatek( 1046): i=6 tz_data[i].tz_idx[0]=-1
03-03 21:19:50.190 W/android.hardware.thermal-service.mediatek( 1046): i=7 tz_data[i].tz_idx[0]=-1
03-03 21:19:50.190 W/android.hardware.thermal-service.mediatek( 1046): i=8 tz_data[i].tz_idx[0]=-1
03-03 21:19:50.190 W/android.hardware.thermal-service.mediatek( 1046): i=9 tz_data[i].tz_idx[0]=10
03-03 21:19:50.190 W/android.hardware.thermal-service.mediatek( 1046): i=10 tz_data[i].tz_idx[0]=10
03-03 21:19:50.190 W/android.hardware.thermal-service.mediatek( 1046): i=11 tz_data[i].tz_idx[0]=-1
03-03 21:19:50.190 W/android.hardware.thermal-service.mediatek( 1046): i=12 tz_data[i].tz_idx[0]=-1
03-03 21:19:50.190 W/android.hardware.thermal-service.mediatek( 1046): i=13 tz_data[i].tz_idx[0]=10
03-03 21:19:50.191 I/lowmemorykiller(  502): nr_free_pages: 38648 nr_inactive_file: 135687 nr_active_file: 180237 workingset_refault: 1494281820 pgscan_kswapd: 2507660328 pgscan_direct: 61341145 pgscan_direct_throttle: 1167 init_pgscan_direct: 61230352 init_pgscan_kswapd: 2507660328 base_file_lru: 310853 init_ws_refault: 1494277105 free_swap: 892735 total_swap: 1572863 swap_free_percentage: 56%
03-03 21:19:50.197 I/BufferQueueProducer( 1080): [NotificationShade#142850](this:0xb4000075ed887e68,id:-1,api:0,p:-1,c:1080) queueBuffer: fps=119.53 dur=1003.90 max=8.98 min=7.55
03-03 21:19:50.201 W/dataInfoSend( 2594): type=1400 audit(0.0:837677640): avc:  denied  { bpf } for  capability=39  scontext=u:r:bpfloader:s0 tcontext=u:r:bpfloader:s0 tclass=capability2 permissive=0
03-03 21:19:50.201 W/dataInfoSend( 2594): type=1400 audit(0.0:837677641): avc:  denied  { bpf } for  capability=39  scontext=u:r:bpfloader:s0 tcontext=u:r:bpfloader:s0 tclass=capability2 permissive=0
03-03 21:19:48.967 W/audit   (17507): audit_lost=836150110 audit_rate_limit=5 audit_backlog_limit=64
03-03 21:19:50.201 W/dataInfoSend( 2594): type=1400 audit(0.0:837677642): avc:  denied  { bpf } for  capability=39  scontext=u:r:bpfloader:s0 tcontext=u:r:bpfloader:s0 tclass=capability2 permissive=0
03-03 21:19:48.967 E/audit   (17507): rate limit exceeded
03-03 21:19:50.201 W/dataInfoSend( 2594): type=1400 audit(0.0:837677643): avc:  denied  { bpf } for  capability=39  scontext=u:r:bpfloader:s0 tcontext=u:r:bpfloader:s0 tclass=capability2 permissive=0
03-03 21:19:50.201 W/dataInfoSend( 2594): type=1400 audit(0.0:837677644): avc:  denied  { bpf } for  capability=39  scontext=u:r:bpfloader:s0 tcontext=u:r:bpfloader:s0 tclass=capability2 permissive=0
03-03 21:19:48.981 I/        (  151): [wdk-c] cpu=7 o_k=7 lbit=0x80 cbit=0xff,7f,7,1,219974153,ff,490073537,11768342,490073602,11768344,[490159460603909,15000000] 23 ffffffff s_cpu 7 - 0 0 0 0 0 0 0 0
03-03 21:19:48.981 I/wdt_dump_cntcv CPU(  151): 7 CNTCV_CTL:1 CNTCV_TVAL:6568 CNTVCT:ab44a8ad4b3 SYST_CNTCR:4490d SYST_DISTL:0 SYST_CNTCV:ab44a8ad4af
03-03 21:19:49.005 I/        (  149): [wdk-c] cpu=5 o_k=5 lbit=0xa0 cbit=0xff,5f,7,1,219974153,ff,490073537,11768342,490073602,11768344,[490159484692216,14975923] 23 ffffffff
03-03 21:19:49.005 I/wdt_dump_cntcv CPU(  149): 5 CNTCV_CTL:1 CNTCV_TVAL:654b CNTVCT:ab44a8ad4d3 SYST_CNTCR:4490d SYST_DISTL:0 SYST_CNTCV:ab44a8ad4cf
03-03 21:19:49.023 I/        (  148): [wdk-c] cpu=4 o_k=4 lbit=0xb0 cbit=0xff,4f,7,1,219974153,ff,490073537,11768342,490073602,11768344,[490159502708755,14957903] 23 ffffffff
03-03 21:19:49.023 I/wdt_dump_cntcv CPU(  148): 4 CNTCV_CTL:1 CNTCV_TVAL:6553 CNTVCT:ab44a8ad4cb SYST_CNTCR:4490d SYST_DISTL:0 SYST_CNTCV:ab44a8ad4c7
03-03 21:19:49.023 I/        (  150): [wdk-c] cpu=6 o_k=6 lbit=0xf0 cbit=0xff,f,7,1,219974153,ff,490073537,11768342,490073602,11768344,[490159502750601,14957856] 23 ffffffff
03-03 21:19:49.023 I/wdt_dump_cntcv CPU(  150): 6 CNTCV_CTL:1 CNTCV_TVAL:6548 CNTVCT:ab44a8ad4d3 SYST_CNTCR:4490d SYST_DISTL:0 SYST_CNTCV:ab44a8ad4cc
03-03 21:19:49.023 I/        (  146): [wdk-c] cpu=2 o_k=2 lbit=0xf4 cbit=0xff,b,7,1,219974153,ff,490073537,11768342,490073602,11768344,[490159502812216,14957788] 23 ffffffff
03-03 21:19:49.023 I/wdt_dump_cntcv CPU(  146): 2 CNTCV_CTL:1 CNTCV_TVAL:6528 CNTVCT:ab44a8ad4f7 SYST_CNTCR:4490d SYST_DISTL:0 SYST_CNTCV:ab44a8ad4f0
03-03 21:19:49.023 I/        (  145): [wdk-c] cpu=1 o_k=1 lbit=0xf6 cbit=0xff,9,7,1,219974153,ff,490073537,11768342,490073602,11768344,[490159502841447,14957759] 23 ffffffff
03-03 21:19:49.023 I/wdt_dump_cntcv CPU(  145): 1 CNTCV_CTL:1 CNTCV_TVAL:652c CNTVCT:ab44a8ad4f3 SYST_CNTCR:4490d SYST_DISTL:0 SYST_CNTCV:ab44a8ad4ec
03-03 21:19:49.023 I/        (  147): [wdk-c] cpu=3 o_k=3 lbit=0xfe cbit=0xff,1,7,1,219974153,ff,490073537,11768342,490073602,11768344,[490159502902370,14957696] 23 ffffffff
03-03 21:19:49.023 I/wdt_dump_cntcv CPU(  147): 3 CNTCV_CTL:1 CNTCV_TVAL:6041 CNTVCT:ab44a8ad4eb SYST_CNTCR:4490d SYST_DISTL:0 SYST_CNTCV:ab44a8ad4e4
03-03 21:19:49.023 I/        (  144): [thread:144] 2026-03-03 15:49:50.261215 UTC;android time 2026-03-03 15:49:50.261215
03-03 21:19:49.026 I/        (  144): [wdk-k] cpu=0 o_k=0 lbit=0xff cbit=0xff,0,7,1,219974153,ff,490073537,11768342,490073602,11768344,[490159503155216,14957444] 23 ffffffff
03-03 21:19:49.026 I/wdt_dump_cntcv CPU(  144): 0 CNTCV_CTL:1 CNTCV_TVAL:3784 CNTVCT:ab44a8ad4df SYST_CNTCR:4490d SYST_DISTL:0 SYST_CNTCV:ab44a8ad4db
03-03 21:19:50.282 I/hwcomposer( 1022): [HWCDisplay] [Display_0 (type:1, mode:2)] fps:119.475487,dur:1004.39,max:9.32,min:7.43  
03-03 21:19:50.291 I/lowmemorykiller(  502): nr_free_pages: 38522 nr_inactive_file: 135718 nr_active_file: 180348 workingset_refault: 1494281895 pgscan_kswapd: 2507660328 pgscan_direct: 61341145 pgscan_direct_throttle: 1167 init_pgscan_direct: 61230352 init_pgscan_kswapd: 2507660328 base_file_lru: 310853 init_ws_refault: 1494277105 free_swap: 892799 total_swap: 1572863 swap_free_percentage: 56%
03-03 21:19:50.314 I/touch_boost( 1166): enable=1, boost_up=0, boost_down=1, render_deboost=0, active_time=100, duration=120, idleprefer(TA,FG)=(0,0), util(TA,FG)=(0,0), freq(c0,c1,c2)=(1800000,900000,0)
03-03 21:19:50.315 I/mtkpower_client( 1166): perf_lock_acq, hdl:0, dur:120, num:14, pid:1166, tid:1166
03-03 21:19:50.316 I/libPowerHal( 1047): [perfLockAcq] idx:2 hdl:396871 hint:-1 pid:1166 tid:1166 duration:120 lock_user:touch_boost => ret_hdl:396871
03-03 21:19:50.316 I/libPowerHal( 1047): [setClusterFreq] touch_boost set cpufreq[0] min:1800000 max:-1 cpufreq[1] min:900000 max:-1 
03-03 21:19:50.316 I/libPowerHal( 1047): [setClusterFreq]  set cpu_ctrl cpufreq: 1800000 -1 900000 -1 
03-03 21:19:50.316 I/libPowerHal( 1047): [PE] touch_boost update cmd:1404100, param:0
03-03 21:19:49.077 W/[FTS_TS]fts_input_report_b(  581): [B]P0(684, 1956)[p:25,tm:32] DOWN!
03-03 21:19:50.316 I/libPowerHal( 1047): [PE] touch_boost update cmd:1404300, param:0
03-03 21:19:50.316 I/libPowerHal( 1047): [PE] touch_boost update cmd:1408100, param:0
03-03 21:19:50.316 I/libPowerHal( 1047): [PE] touch_boost update cmd:1408300, param:0
03-03 21:19:50.318 I/mtkpower_client( 1166): ret_hdl:396871
03-03 21:19:50.318 I/touch_boost( 1166): set_top_grp_aware
03-03 21:19:50.318 I/mtkpower_client( 1166): perf_lock_acq, hdl:396858, dur:2000, num:4, pid:1166, tid:1166
03-03 21:19:50.318 I/libPowerHal( 1047): [perfLockAcq] idx:1 hdl:396858 hint:-1 pid:1166 tid:1166 duration:2000 lock_user:touch_boost => ret_hdl:396858
03-03 21:19:50.318 I/libPowerHal( 1047): [PU] scn:1, update
03-03 21:19:50.318 I/mtkpower_client( 1166): ret_hdl:396858
03-03 21:19:49.091 I/[wlan][6899]qmFlushTimeoutReorderBubble( 6899): (QM INFO) QM:(Bub Timeout) 0:0 Bub(1)[3561]{3561,3816} -> Bub(0)[3561]{3567,3822}
03-03 21:19:49.114 I/[wlan][6899]statsParseARPInfo( 6899): (RX INFO) <RX> Arp Req From IP: 192.***.***.1 SSN:4064
03-03 21:19:49.135 W/[FTS_TS]fts_input_report_b(  581): [B]P0 UP!
03-03 21:19:49.135 W/[FTS_TS]fts_input_report_b(  581): [B]Points All Up!
03-03 21:19:49.148 I/[wlan][6899]roamingFsmProcessEvent( 6899): (ROAMING INFO) ROAMING_EVENT_DISCOVERY Data[25690] RCPI[90(-65)] PER[100] Thr[56(-82)] Reason[1] Time[25175]
03-03 21:19:49.148 I/[wlan][6899]roamingFsmSendCmd( 6899): (ROAMING INFO) [0](FAIL)->Send(ROAM): Current Time = 489860868
03-03 21:19:49.148 I/[wlan][6899]roamingFsmRunEventDiscovery( 6899): (ROAMING EVENT) [0] EVENT-ROAMING DISCOVERY: Current Time = 489860868
03-03 21:19:49.148 I/[wlan][6899]roamingFsmRunEventDiscovery( 6899): (ROAMING INFO) RCPI 90(-65)
03-03 21:19:49.148 I/[wlan][6899]roamingFsmRunEventDiscovery( 6899): (ROAMING INFO) ucPER 100
03-03 21:19:49.148 I/[wlan][6899]roamingFsmSteps( 6899): (ROAMING STATE) [ROAMING0] TRANSITION: [DECISION] -> [DISCOVERY]
03-03 21:19:49.148 I/[wlan][6899]aisFsmSteps( 6899): (AIS STATE) [AIS0][0] TRANSITION: [NORMAL_TR] -> [LOOKING_FOR]
03-03 21:19:49.148 I/[wlan][6899]aisScanProcessReqCh( 6899): (AIS INFO) [Roaming] Target Scan: Total number of scan channel(s)=1
03-03 21:19:49.148 I/[wlan][6899]scnFsmSteps( 6899): (SCN STATE) [SCAN]TRANSITION: [IDLE] -> [SCANNING]
03-03 21:19:49.148 I/[wlan][6899]SCANLOG( 6899): (SCN INFO) [SCN:200:D2F] 1: a86e1b8d5
03-03 21:19:49.148 I/[wlan][6899]SCANLOG( 6899): (SCN INFO) [SCN:200:D2F] ScanReqV2: ScanType=1,BSS=0,SSIDType=8,Num=1,Ext=0,ChannelType=4,Num=1,Ext=0,Seq=169,Ver=1,Dw=0,Min=0,Func=(0x3,0x0),D=0,Mac=00:00:**:**:**:00,BSSID=00:00:**:**:**:00,OpT=0,DfsT=0,ChCnt=0 ,Ssid: Reddy@2F,Ch: 7
03-03 21:19:50.392 I/lowmemorykiller(  502): nr_free_pages: 38459 nr_inactive_file: 135729 nr_active_file: 180363 workingset_refault: 1494281907 pgscan_kswapd: 2507660328 pgscan_direct: 61341145 pgscan_direct_throttle: 1167 init_pgscan_direct: 61230352 init_pgscan_kswapd: 2507660328 base_file_lru: 310853 init_ws_refault: 1494277105 free_swap: 892863 total_swap: 1572863 swap_free_percentage: 56%
03-03 21:19:50.434 I/touch_boost( 1166): enable=0, boost_up=0, boost_down=1, render_deboost=0, active_time=100, duration=120, idleprefer(TA,FG)=(0,0), util(TA,FG)=(0,0), freq(c0,c1,c2)=(1800000,900000,0)
03-03 21:19:50.434 I/mtkpower_client( 1166): perf_lock_rel, hdl:396871, tid:1166
03-03 21:19:50.435 I/libPowerHal( 1047): [perfLockRel] hdl:396871, idx:2
03-03 21:19:50.435 I/touch_boost( 1166): set_top_grp_aware
03-03 21:19:50.435 I/mtkpower_client( 1166): perf_lock_acq, hdl:396858, dur:2000, num:4, pid:1166, tid:1166
03-03 21:19:50.436 I/libPowerHal( 1047): [setClusterFreq]  set cpu_ctrl cpufreq: -1 -1 -1 -1 
03-03 21:19:50.436 I/libPowerHal( 1047): [PD] touch_boost update cmd:1404100 param:0
03-03 21:19:50.436 I/libPowerHal( 1047): [PD] touch_boost update cmd:1404300 param:0
03-03 21:19:50.436 I/libPowerHal( 1047): [PD] touch_boost update cmd:1408100 param:0
03-03 21:19:50.436 I/libPowerHal( 1047): [PD] touch_boost update cmd:1408300 param:0
03-03 21:19:50.438 I/libPowerHal( 1047): [perfLockAcq] idx:1 hdl:396858 hint:-1 pid:1166 tid:1166 duration:2000 lock_user:touch_boost => ret_hdl:396858
03-03 21:19:50.438 I/libPowerHal( 1047): [PU] scn:1, update
03-03 21:19:50.440 I/mtkpower_client( 1166): ret_hdl:396858
03-03 21:19:49.246 I/[wlan][6899]kalPerMonUpdate( 6899): (SW4 INFO) <1000ms> Tput: 335008(0.327mbps) [25628:48:16248:38][0:0:0:0][0:0:0:0][0:0:0:0] Pending:1/4096 [0:1:0:0][0:0:0:0][0:0:0:0][0:0:0:0] LQ[505444:494038:42695] idle:0 lv:0 th:5 fg:0x9 TxCpu[40445,42914,175047,38970,19605,20603,18057,20436] RxCpu[0,0,0,0,0,0,0,0] TxDp[ST:BS:FO:QM:DP]:0:0:0:0:1511 Tx[SQ:TI:TM:TDD:TDM:TIC:TFP]:0:376077:376077:0:0:8543:376075 MgmtSub[2:0:1:0:0:0:0:0:0:0:0:3:3:10:0:0]
03-03 21:19:49.248 I/[wlan][6900]halDumpMsduReportStats( 6900): (HAL INFO) TX_Delay D:[1:5:10:20]=[47:1:0:0:0#0] C:[10:20:50:80]=[1:0:0:0:19#549] M:[5:10:20:50]=[1:0:0:0:19#130] A:[5:10:20:50]=[0:0:0:0:0#0] F:[10:20:50:80]=[0:0:0:0:0#0] Txfail:0
03-03 21:19:49.248 I/[wlan][6900]halDumpHifStats( 6900): (HAL INFO) I[0 / 975056 1 0 1 0x0 0x0 0] T[34264 34264 34264 / 376076 376076 375368 375844] R[1618677 / 208815] T_Q:T_R[0:332 0:0 0:0 0:0 0:2 0:0 0:0 0:0]  R_R:R_N[0:0 0:0 0:0 0:0] Msdu:F[8190/8192]P[1]D[0] Tok[73/4096] Rfb[4144/0/6/209/0/0/0/0/4150] txreg[265362] rxreg[1255574]
03-03 21:19:49.248 I/[wlan][6899]kalPerMonUpdate( 6899): (SW4 INFO) ndevdrp:[0:0:0:0][0:0:0:4] NAPI[975056,0,0,0,0,0,0,0,0,0,0] RxReorder[209:0:0:0] RxPending[0:0:0:0] RfbTrack[0:60:10:0:0:0:0:0:0:0:0:0:0:0:0:0:0:0:0] drv[RM,IL,RI,PA,PF,DU,DA,RT,RM,RW,RA,RB,DT,NS,IB,HS,LS,DD,ME,BD,NI,DR,TE,PE,CE,DN,FE,DE,IE,TME,CM,FB,ID,FD,NL]:1683565,0,1418454,1418454,0,0,0,1602337,4294971025,1370429,32192,1296,200217,0,0,7,0,7029,0,1945,0,191196,0,0,40,200177,0,0,0,0,42,0,0,0,0
03-03 21:19:49.251 I/[wlan][6899]wlanLinkQualityMonitor( 6899): (SW4 INFO) Link Quality: Tx(rate:10, total:505444, retry:62127, fail:40846, RTS fail:0, ACK fail:40846), Rx(rate:344, total:494038, dup:7029, error:416166), PER(71), Congestion(idle slot:491880790, diff:36162, AwakeDur:9005957)
03-03 21:19:49.251 I/[wlan][6900]wlanTxCmdDoneCb( 6900): (TX INFO) Add command: 000000001b7e220a, 0000000078da7d5e, cmd=0x85, seq=77
03-03 21:19:49.251 I/[wlan][6900]wlanTxCmdDoneCb( 6900): (TX INFO) Add command: 00000000fc6f9f35, 00000000ae7907ff, cmd=0x82, seq=78
03-03 21:19:49.252 I/[wlan][6900]soc7_0_DumpWfsyscpupcr( 6900): (HAL INFO) wm pc=490159.731331/0xf048246c;490159.731339/0xf038c89c;490159.731344/0xf038bffe;490159.731349/0xf0475dfc;490159.731355/0xf0412d98;
03-03 21:19:49.252 I/[wlan][6900]soc7_0_DumpWfsyscpupcr( 6900): (HAL INFO) wm lp=490159.731331/0xf048247a;490159.731339/0xf038c8d0;490159.731344/0xf038c96a;490159.731349/0xf041276a;490159.731355/0xf0412790;
03-03 21:19:49.252 I/[wlan][6899]nicRxProcessEventPacket( 6899): (RX INFO) Not static config event: id=0x21, seq=77
03-03 21:19:49.252 I/[wlan][6899]nicGetPendingCmdInfo( 6899): (TX INFO) Get command: 000000001b7e220a, 0000000078da7d5e, cmd=0x85, seq=77
03-03 21:19:50.493 I/lowmemorykiller(  502): nr_free_pages: 38270 nr_inactive_file: 135731 nr_active_file: 180363 workingset_refault: 1494281907 pgscan_kswapd: 2507660328 pgscan_direct: 61341145 pgscan_direct_throttle: 1167 init_pgscan_direct: 61230352 init_pgscan_kswapd: 2507660328 base_file_lru: 310853 init_ws_refault: 1494277105 free_swap: 892927 total_swap: 1572863 swap_free_percentage: 56%
03-03 21:19:49.253 I/[wlan][6899]nicGetPendingCmdInfo( 6899): (TX INFO) Get command: 00000000fc6f9f35, 00000000ae7907ff, cmd=0x82, seq=78
03-03 21:19:49.260 I/[wlan][6899]qmHandleEventBssAbsencePresence( 6899): (QM INFO) NAF:B=0,A=1,F=2,P=2972
03-03 21:19:49.319 I/[wlan][6899]scanCheckEpigramVhtIE( 6899): (RLM WARN) [Epigram] VHT length is invalid(26), skip!
03-03 21:19:50.582 I/libPerfCtl( 1041): xgfGetFPS pid:2067 fps:120
03-03 21:19:50.582 I/libPerfCtl( 1041): xgfGetFPS pid:2332 fps:-1
03-03 21:19:50.582 I/libPerfCtl( 1041): xgfGetFPS pid:14908 fps:-1
03-03 21:19:50.593 I/lowmemorykiller(  502): nr_free_pages: 38207 nr_inactive_file: 135727 nr_active_file: 180420 workingset_refault: 1494281964 pgscan_kswapd: 2507660328 pgscan_direct: 61341145 pgscan_direct_throttle: 1167 init_pgscan_direct: 61230352 init_pgscan_kswapd: 2507660328 base_file_lru: 310853 init_ws_refault: 1494277105 free_swap: 892927 total_swap: 1572863 swap_free_percentage: 56%
03-03 21:19:49.357 I/instant_current(  901): cic_idx:0
03-03 21:19:50.602 W/BluetoothMetricsLogger( 2804): MetricsLogger isn't initialized
03-03 21:19:50.602 W/BluetoothMetricsLogger( 2804): MetricsLogger isn't initialized
03-03 21:19:49.372 I/[wlan][6899]SCANLOG( 6899): (SCN INFO) [SCN:500:F2D] scnEventScanDone Version4!size of ScanDone476,ucCompleteChanCount[1],ucCurrentState7, u4ScanDurBcnCnt[1],Seq[169]
03-03 21:19:49.373 I/[wlan][6899]SCANLOG( 6899): (SCN INFO) [SCN:500:F2D] 1: a86e1b8d5
03-03 21:19:49.373 I/[wlan][6899]scnFsmDumpScanDoneInfo( 6899): (SCN INFO) Country Code = IN, Detected_Channel_Num = 1
03-03 21:19:49.373 I/[wlan][6899]scnFsmDumpScanDoneInfo( 6899): (SCN INFO) Channel  :      7
03-03 21:19:49.373 I/[wlan][6899]scnFsmDumpScanDoneInfo( 6899): (SCN INFO) IdleTime :   4658
03-03 21:19:49.373 I/[wlan][6899]scnFsmDumpScanDoneInfo( 6899): (SCN INFO) MdrdyCnt :     41
03-03 21:19:49.373 I/[wlan][6899]scnFsmDumpScanDoneInfo( 6899): (SCN INFO) BAndPCnt :      1
03-03 21:19:49.373 I/[wlan][6899]scnFsmSteps( 6899): (SCN STATE) [SCAN]TRANSITION: [SCANNING] -> [IDLE]
03-03 21:19:49.373 I/[wlan][6899]aisFsmRunEventScanDone( 6899): (AIS INFO) ScanDone 169, status(0) native req(169)
03-03 21:19:49.373 I/[wlan][6899]kalSendUevent( 6899): (INIT INFO) Send UEvent = Scan=Status:NORMAL,DBDC:DISABLE,Time:224,Channel:7 ,Reason:OK
03-03 21:19:49.374 I/[wlan][6899]SCANLOG( 6899): (SCN INFO) [SCN:600:D2K] Total:1/19  Reddy@2F;
03-03 21:19:49.376 I/[wlan][6899]SCANLOG( 6899): (SCN INFO) [SCN:600:D2K] 1: a86e1b8d5
03-03 21:19:49.376 I/[wlan][6899]SCANLOG( 6899): (SCN INFO) [SCN:600:D2K] Call cfg80211_scan_done (aborted=0)
03-03 21:19:49.376 I/[wlan][6899]aisFsmSteps( 6899): (AIS STATE) [AIS0][0] TRANSITION: [LOOKING_FOR] -> [SEARCH]
03-03 21:19:49.376 I/[wlan][6899]apsUpdateEssApList( 6899): (SCN INFO) Find Reddy@2F in 11 BSSes, result 1
03-03 21:19:49.376 I/[wlan][6899]apsSearchBssDescByScore( 6899): (SCN INFO) ConnectionPolicy = 0, reason = 1
03-03 21:19:49.376 I/[wlan][6899]scanCalculateTotalScore( 6899): (SCN INFO) a8:6e:**:**:**:d5 cRSSI[-60] Band[2.4G] Score,Total 2614,DE[100], PR[0], SM[400], RSSI[304],BD[0],BL[400],SAA[100], BW[80], SC[50],ST[100],CI[582],IT[498],CU[0,0],PF[0], TPUT[0], DESENSE[0]
03-03 21:19:49.376 I/[wlan][6899]apsSearchBssDescByScore( 6899): (SCN INFO) Can't roam out, try blocklist
03-03 21:19:49.376 I/[wlan][6899]scanCalculateTotalScore( 6899): (SCN INFO) a8:6e:**:**:**:d5 cRSSI[-60] Band[2.4G] Score,Total 2614,DE[100], PR[0], SM[400], RSSI[304],BD[0],BL[400],SAA[100], BW[80], SC[50],ST[100],CI[582],IT[498],CU[0,0],PF[0], TPUT[0], DESENSE[0]
03-03 21:19:49.376 I/[wlan][6899]scanNeedReplaceCandidate( 6899): (SCN INFO) CandBss in opchnl,add CurBss Score
03-03 21:19:49.376 I/[wlan][6899]scanNeedReplaceCandidate( 6899): (SCN INFO) CurrBss in opchnl,add CandBss Score
03-03 21:19:49.376 I/[wlan][6899]apsSearchBssDescByScore( 6899): (SCN INFO) Selected a8:6e:**:**:**:d5, cRSSI[-60] Band[2.4G] Score 2614 when find Reddy@2F, 00:00:**:**:**:00 in 1 BSSes, fix channel 0.
03-03 21:19:49.376 I/[wlan][6899]apsResetEssApList( 6899): (SCN INFO) BssIndex:0 reset prCurEssLin done
03-03 21:19:49.376 I/[wlan][6899]aisSearchHandleBadBssDesc( 6899): (ROAMING INFO) fgIsConnected=1, prBssDesc a8:6e:**:**:**:d5, ucBssIndex=0
03-03 21:19:49.376 I/[wlan][6899]roamingFsmRunEventNewCandidate( 6899): (ROAMING EVENT) [0] EVENT-NEW CANDIDATE: Current Time = 489861096
03-03 21:19:49.376 I/[wlan][6899]roamingFsmSteps( 6899): (ROAMING STATE) [ROAMING0] TRANSITION: [DISCOVERY] -> [HANDLE_NEW_CANDIDATE]
03-03 21:19:49.376 I/[wlan][6899]roamingFsmSteps( 6899): (ROAMING STATE) [ROAMING0] TRANSITION: [HANDLE_NEW_CANDIDATE] -> [ROAM]
03-03 21:19:49.376 I/[wlan][6899]aisFsmRunEventRoamingRoam( 6899): (AIS INFO) [AIS0][0] curr state=SEARCH not allowed roaming
03-03 21:19:49.376 I/[wlan][6899]aisSearchHandleBadBssDesc( 6899): (AIS INFO) [Roaming] No target found, try to full scan again
03-03 21:19:49.376 I/[wlan][6899]aisFsmSteps( 6899): (AIS STATE) [AIS0][0] TRANSITION: [SEARCH] -> [LOOKING_FOR]
03-03 21:19:49.376 I/[wlan][6899]scanSetRequestChannel( 6899): (SCN WARN) No channel to scan, set to full scan
03-03 21:19:49.376 I/[wlan][6899]scanSetRequestChannel( 6899): (SCN INFO) channel num(0=>0) 00000000 00000000 00000000 00000000 00000000 00000000 00000000 00000000 00000000 00000000 00000000 00000000 00000000 00000000 00000000 00000000
03-03 21:19:49.376 I/[wlan][6899]scnFsmSteps( 6899): (SCN STATE) [SCAN]TRANSITION: [IDLE] -> [SCANNING]
03-03 21:19:49.376 I/[wlan][6899]SCANLOG( 6899): (SCN INFO) [SCN:200:D2F] ScanReqV2: ScanType=1,BSS=0,SSIDType=8,Num=1,Ext=0,ChannelType=0,Num=0,Ext=0,Seq=170,Ver=1,Dw=0,Min=0,Func=(0x3,0x0),D=0,Mac=00:00:**:**:**:00,BSSID=00:00:**:**:**:00,OpT=0,DfsT=0,ChCnt=0 ,Ssid: Reddy@2F
03-03 21:19:49.378 I/[wlan][6899]qmHandleEventBssAbsencePresence( 6899): (QM INFO) NAF:B=0,A=0,F=0,P=2972
03-03 21:19:50.619 I/netd    (  987): interfaceGetCfg(wlan0) -> {InterfaceConfigurationParcel{ifName: wlan0, hwAddr: 76:b3:e2:17:a4:7f, ipv4Addr: 192.168.4.9, prefixLength: 24, flags: [up, broadcast, running, multicast]}} <0.33ms>
03-03 21:19:50.682 W/android.hardware.thermal-service.mediatek( 1046): parseMsg: Get from client TYPE=thermal_hal_notify NAME=SKIN
03-03 21:19:50.683 W/android.hardware.thermal-service.mediatek( 1046): parseMsg:name.c_str():SKIN
03-03 21:19:50.683 W/android.hardware.thermal-service.mediatek( 1046): parseMsg:tz notify:SKIN
03-03 21:19:50.683 I/android.hardware.thermal-service.mediatek( 1046): Wait to accept a connection
03-03 21:19:50.683 I/android.hardware.thermal-service.mediatek( 1046): Sending notification:  Type: SKIN Name: SKIN CurrentValue: 38.466 ThrottlingStatus: LIGHT
03-03 21:19:50.683 I/android.hardware.thermal-service.mediatek( 1046): sendThermalChangedCallback
03-03 21:19:50.693 I/lowmemorykiller(  502): nr_free_pages: 37955 nr_inactive_file: 135727 nr_active_file: 180420 workingset_refault: 1494281964 pgscan_kswapd: 2507660328 pgscan_direct: 61341145 pgscan_direct_throttle: 1167 init_pgscan_direct: 61230352 init_pgscan_kswapd: 2507660328 base_file_lru: 310853 init_ws_refault: 1494277105 free_swap: 892991 total_swap: 1572863 swap_free_percentage: 56%
03-03 21:19:50.696 I/touch_boost( 1166): enable=1, boost_up=0, boost_down=1, render_deboost=0, active_time=100, duration=120, idleprefer(TA,FG)=(0,0), util(TA,FG)=(0,0), freq(c0,c1,c2)=(1800000,900000,0)
03-03 21:19:50.696 I/mtkpower_client( 1166): perf_lock_acq, hdl:0, dur:120, num:14, pid:1166, tid:1166
03-03 21:19:50.697 I/mtkpower_client( 1166): ret_hdl:396872
03-03 21:19:50.697 I/touch_boost( 1166): set_top_grp_aware
03-03 21:19:50.697 I/mtkpower_client( 1166): perf_lock_acq, hdl:396858, dur:2000, num:4, pid:1166, tid:1166
03-03 21:19:49.457 W/[FTS_TS]fts_input_report_b(  581): [B]P0(719, 1970)[p:22,tm:32] DOWN!
03-03 21:19:50.698 I/libPowerHal( 1047): [perfLockAcq] idx:2 hdl:396872 hint:-1 pid:1166 tid:1166 duration:120 lock_user:touch_boost => ret_hdl:396872
03-03 21:19:50.698 I/libPowerHal( 1047): [setClusterFreq] touch_boost set cpufreq[0] min:1800000 max:-1 cpufreq[1] min:900000 max:-1 
03-03 21:19:50.698 I/libPowerHal( 1047): [setClusterFreq]  set cpu_ctrl cpufreq: 1800000 -1 900000 -1 
03-03 21:19:50.698 I/libPowerHal( 1047): [PE] touch_boost update cmd:1404100, param:0
03-03 21:19:50.698 I/libPowerHal( 1047): [PE] touch_boost update cmd:1404300, param:0
03-03 21:19:50.699 I/libPowerHal( 1047): [PE] touch_boost update cmd:1408100, param:0
03-03 21:19:50.699 I/libPowerHal( 1047): [PE] touch_boost update cmd:1408300, param:0
03-03 21:19:50.699 I/mtkpower_client( 1166): ret_hdl:396858
03-03 21:19:50.700 I/libPowerHal( 1047): [perfLockAcq] idx:1 hdl:396858 hint:-1 pid:1166 tid:1166 duration:2000 lock_user:touch_boost => ret_hdl:396858
03-03 21:19:50.700 I/libPowerHal( 1047): [PU] scn:1, update
03-03 21:19:50.723 I/BufferQueueProducer( 1080): [com.example.foxos/com.example.foxos.MainActivity#142838](this:0xb4000075ed9080b8,id:-1,api:0,p:-1,c:1080) queueBuffer: fps=119.60 dur=1003.37 max=8.98 min=7.58
03-03 21:19:49.490 I/[wlan][6899]qmHandleEventBssAbsencePresence( 6899): (QM INFO) NAF:B=0,A=1,F=2,P=112
03-03 21:19:50.765 I/BufferQueueProducer( 1080): [Taskbar#122](this:0xb4000075ed86b6c8,id:-1,api:0,p:-1,c:1080) queueBuffer: fps=4.74 dur=3587.49 max=3269.91 min=7.99
03-03 21:19:49.533 W/[FTS_TS]fts_input_report_b(  581): [B]P0 UP!
03-03 21:19:49.533 W/[FTS_TS]fts_input_report_b(  581): [B]Points All Up!
03-03 21:19:50.776 I/lowmemorykiller(  502): nr_free_pages: 37577 nr_inactive_file: 135727 nr_active_file: 180648 workingset_refault: 1494282192 pgscan_kswapd: 2507660328 pgscan_direct: 61341145 pgscan_direct_throttle: 1167 init_pgscan_direct: 61230352 init_pgscan_kswapd: 2507660328 base_file_lru: 310853 init_ws_refault: 1494277105 free_swap: 892991 total_swap: 1572863 swap_free_percentage: 56%
03-03 21:19:49.535 I/[wlan][6899]scanCheckEpigramVhtIE( 6899): (RLM WARN) [Epigram] VHT length is invalid(24), skip!
03-03 21:19:50.815 I/touch_boost( 1166): enable=0, boost_up=0, boost_down=1, render_deboost=0, active_time=100, duration=120, idleprefer(TA,FG)=(0,0), util(TA,FG)=(0,0), freq(c0,c1,c2)=(1800000,900000,0)
03-03 21:19:50.816 I/mtkpower_client( 1166): perf_lock_rel, hdl:396872, tid:1166
03-03 21:19:50.816 I/touch_boost( 1166): set_top_grp_aware
03-03 21:19:50.816 I/mtkpower_client( 1166): perf_lock_acq, hdl:396858, dur:2000, num:4, pid:1166, tid:1166
03-03 21:19:50.816 I/libPowerHal( 1047): [perfLockRel] hdl:396872, idx:2
03-03 21:19:50.816 I/libPowerHal( 1047): [setClusterFreq]  set cpu_ctrl cpufreq: -1 -1 -1 -1 
03-03 21:19:50.817 I/libPowerHal( 1047): [PD] touch_boost update cmd:1404100 param:0
03-03 21:19:50.817 I/libPowerHal( 1047): [PD] touch_boost update cmd:1404300 param:0
03-03 21:19:50.817 I/libPowerHal( 1047): [PD] touch_boost update cmd:1408100 param:0
03-03 21:19:50.817 I/libPowerHal( 1047): [PD] touch_boost update cmd:1408300 param:0
03-03 21:19:50.818 I/mtkpower_client( 1166): ret_hdl:396858
03-03 21:19:50.820 I/libPowerHal( 1047): [perfLockAcq] idx:1 hdl:396858 hint:-1 pid:1166 tid:1166 duration:2000 lock_user:touch_boost => ret_hdl:396858
03-03 21:19:50.820 I/libPowerHal( 1047): [PU] scn:1, update
03-03 21:19:50.820 W/BluetoothMetricsLogger( 2804): MetricsLogger isn't initialized
03-03 21:19:50.821 W/BluetoothMetricsLogger( 2804): MetricsLogger isn't initialized
03-03 21:19:50.824 I/NearbyDiscovery(17176): (REDACTED) BloomFilterAdvManager: Detected bloom filter but too far away, ignoring. %sm, %s
03-03 21:19:50.825 I/NearbyDiscovery(18610): (REDACTED) BloomFilterAdvManager: Detected bloom filter but too far away, ignoring. %sm, %s
03-03 21:19:50.877 I/lowmemorykiller(  502): nr_free_pages: 37514 nr_inactive_file: 135727 nr_active_file: 180652 workingset_refault: 1494282196 pgscan_kswapd: 2507660328 pgscan_direct: 61341145 pgscan_direct_throttle: 1167 init_pgscan_direct: 61230352 init_pgscan_kswapd: 2507660328 base_file_lru: 316375 init_ws_refault: 1494282192 free_swap: 892991 total_swap: 1572863 swap_free_percentage: 56%
03-03 21:19:50.965 W/s.youtube.music(15239): userfaultfd: MOVE ioctl seems unsupported: Connection timed out
03-03 21:19:50.978 I/lowmemorykiller(  502): nr_free_pages: 37262 nr_inactive_file: 135727 nr_active_file: 180664 workingset_refault: 1494282205 pgscan_kswapd: 2507660328 pgscan_direct: 61341145 pgscan_direct_throttle: 1167 init_pgscan_direct: 61230352 init_pgscan_kswapd: 2507660328 base_file_lru: 316375 init_ws_refault: 1494282192 free_swap: 892991 total_swap: 1572863 swap_free_percentage: 56%
03-03 21:19:51.025 I/BufferQueueProducer( 1080): [StatusBar#92](this:0xb4000075ed8577d8,id:-1,api:0,p:-1,c:1080) queueBuffer: fps=0.26 dur=3830.01 max=3830.01 min=3830.01
03-03 21:19:49.810 I/[wlan][6899]qmHandleEventBssAbsencePresence( 6899): (QM INFO) NAF:B=0,A=0,F=0,P=112
03-03 21:19:51.078 I/lowmemorykiller(  502): nr_free_pages: 37448 nr_inactive_file: 135740 nr_active_file: 180664 workingset_refault: 1494282206 pgscan_kswapd: 2507660328 pgscan_direct: 61341145 pgscan_direct_throttle: 1167 init_pgscan_direct: 61230352 init_pgscan_kswapd: 2507660328 base_file_lru: 316375 init_ws_refault: 1494282192 free_swap: 892991 total_swap: 1572863 swap_free_percentage: 56%
03-03 21:19:51.080 E/NotifRow( 2067): Magnetic state changed from IDLE to IDLE on a null swiped listener, or the logging key of the listener is null
03-03 21:19:51.091 W/WindowOnBackDispatcher( 2067): sendCancelIfRunning: isInProgress=false callback=com.android.systemui.back.domain.interactor.BackActionInteractor$callback$2@13fe0d2
03-03 21:19:51.095 W/WindowManager( 1666): Changing focus from Window{6bf6bb6 u0 NotificationShade} to Window{bdd1d92 u0 com.example.foxos/com.example.foxos.MainActivity} displayId=0 Callers=com.android.server.wm.RootWindowContainer.updateFocusedWindowLocked:494 com.android.server.wm.WindowManagerService.updateFocusedWindowLocked:6812 com.android.server.wm.WindowManagerService.relayoutWindow:2786 com.android.server.wm.Session.relayout:288 
03-03 21:19:51.099 I/netd    (  987): tetherGetStats() -> {[TetherStatsParcel{iface: ccmni1, rxBytes: 3509550, rxPackets: 43041, txBytes: 3464010, txPackets: 46238, ifIndex: 0}, TetherStatsParcel{iface: ccmni2, rxBytes: 4035077, rxPackets: 51937, txBytes: 7654680, txPackets: 64146, ifIndex: 0}, TetherStatsParcel{iface: ccmni3, rxBytes: 3051754, rxPackets: 38176, txBytes: 3102428, txPackets: 41528, ifIndex: 0}, TetherStatsParcel{iface: v4-ccmni1, rxBytes: 368437434, rxPackets: 319516, txBytes: 98443403, txPackets: 140718, ifIndex: 0}, TetherStatsParcel{iface: v4-ccmni2, rxBytes: 177232448, rxPackets: 228673, txBytes: 311312455, txPackets: 310211, ifIndex: 0}, TetherStatsParcel{iface: v4-ccmni3, rxBytes: 4326832642, rxPackets: 1328562, txBytes: 509179019, txPackets: 977900, ifIndex: 0}, TetherStatsParcel{iface: wlan0, rxBytes: 1782021127, rxPackets: 1894403, txBytes: 2587817868, txPackets: 2362967, ifIndex: 0}]} <3.90ms>
03-03 21:19:51.109 I/SurfaceFlinger( 1080): setDesiredDisplayModeSpecs: calling_process=system_server
03-03 21:19:51.110 I/SurfaceFlinger( 1080): onHandleDestroyed: layerId=142852, name=Surface(name=8d82e66 StatusBar)/@0x8ccea1a - animation-leash of insets_animation#142852
03-03 21:19:51.110 I/SurfaceFlinger( 1080): onHandleDestroyed: layerId=142853, name=Surface(name=5912cfa Taskbar)/@0xccba996 - animation-leash of insets_animation#142853
