--------- beginning of kernel
03-03 21:19:45.175 I/[wlan][6899]kalPerMonUpdate( 6899): (SW4 INFO) <1025ms> Tput: 119240(0.116mbps) [13685:18:1593:16][0:0:0:0][0:0:0:0][0:0:0:0] Pending:1/4096 [0:1:0:0][0:0:0:0][0:0:0:0][0:0:0:0] LQ[505282:493969:29737] idle:0 lv:0 th:5 fg:0x9 TxCpu[40419,42890,175009,38963,19598,20594,18052,20434] RxCpu[0,0,0,0,0,0,0,0] TxDp[ST:BS:FO:QM:DP]:0:0:0:0:1500 Tx[SQ:TI:TM:TDD:TDM:TIC:TFP]:0:375959:375959:0:0:8515:375957 MgmtSub[2:0:1:0:0:0:0:0:0:0:0:3:3:10:0:0]
03-03 21:19:45.175 I/[wlan][6899]kalPerMonUpdate( 6899): (SW4 INFO) ndevdrp:[0:0:0:0][0:0:0:4] NAPI[974908,0,0,0,0,0,0,0,0,0,0] RxReorder[209:0:0:0] RxPending[0:0:0:0] RfbTrack[0:60:10:0:0:0:0:0:0:0:0:0:0:0:0:0:0:0:0] drv[RM,IL,RI,PA,PF,DU,DA,RT,RM,RW,RA,RB,DT,NS,IB,HS,LS,DD,ME,BD,NI,DR,TE,PE,CE,DN,FE,DE,IE,TME,CM,FB,ID,FD,NL]:1683437,0,1418372,1418372,0,0,0,1602249,4294971025,1370358,32183,1295,200210,0,0,7,0,7024,0,1945,0,191194,0,0,40,200170,0,0,0,0,42,0,0,0,0
03-03 21:19:45.175 I/[wlan][6899]wlanLinkQualityMonitor( 6899): (SW4 INFO) Link Quality: Tx(rate:10, total:505282, retry:62091, fail:40705, RTS fail:0, ACK fail:40705), Rx(rate:516, total:493969, dup:7024, error:415743), PER(82), Congestion(idle slot:491729130, diff:26022, AwakeDur:9001848)
03-03 21:19:45.176 I/[wlan][6900]wlanTxCmdDoneCb( 6900): (TX INFO) Add command: 0000000015517860, 0000000078da7d5e, cmd=0x85, seq=58
03-03 21:19:45.176 I/[wlan][6900]wlanTxCmdDoneCb( 6900): (TX INFO) Add command: 0000000088d09226, 00000000ae7907ff, cmd=0x82, seq=59
03-03 21:19:45.176 I/[wlan][6900]soc7_0_DumpWfsyscpupcr( 6900): (HAL INFO) wm pc=490155.655731/0xf042d1f6;490155.655745/0xf042d05c;490155.655754/0xf049e286;490155.655765/0xf049e2de;490155.655774/0xf049a85c;
03-03 21:19:45.176 I/[wlan][6900]soc7_0_DumpWfsyscpupcr( 6900): (HAL INFO) wm lp=490155.655731/0xf042d1c8;490155.655745/0x008004a4;490155.655754/0xf049e294;490155.655765/0xf049e320;490155.655774/0xf047ab16;
03-03 21:19:45.176 I/[wlan][6900]halDumpMsduReportStats( 6900): (HAL INFO) TX_Delay D:[1:5:10:20]=[18:0:0:0:0#0] C:[10:20:50:80]=[1:0:0:0:24#1437] M:[5:10:20:50]=[0:1:0:0:26#892] A:[5:10:20:50]=[0:0:0:0:0#0] F:[10:20:50:80]=[0:0:0:0:2#174] Txfail:2
03-03 21:19:45.176 I/[wlan][6900]halDumpHifStats( 6900): (HAL INFO) I[0 / 974909 1 0 0 0x0 0x0 0] T[34248 34248 34245 / 375958 375958 375368 375788] R[1618582 / 208726] T_Q:T_R[0:215 0:0 0:0 0:0 0:1 0:0 0:3 0:0]  R_R:R_N[0:0 0:0 0:0 0:0] Msdu:F[8190/8192]P[1]D[0] Tok[11/4096] Rfb[4150/0/0/209/0/0/0/0/4150] txreg[265260] rxreg[1255429]
03-03 21:19:45.177 I/[wlan][6899]nicRxProcessEventPacket( 6899): (RX INFO) Not static config event: id=0x21, seq=58
03-03 21:19:45.177 I/[wlan][6899]nicGetPendingCmdInfo( 6899): (TX INFO) Get command: 0000000015517860, 0000000078da7d5e, cmd=0x85, seq=58
03-03 21:19:45.177 I/[wlan][6899]nicGetPendingCmdInfo( 6899): (TX INFO) Get command: 0000000088d09226, 00000000ae7907ff, cmd=0x82, seq=59
03-03 21:19:45.225 I/[wlan][6899]scanCheckEpigramVhtIE( 6899): (RLM WARN) [Epigram] VHT length is invalid(26), skip!
--------- beginning of main
03-03 21:19:46.480 I/touch_boost( 1166): enable=1, boost_up=0, boost_down=1, render_deboost=0, active_time=100, duration=120, idleprefer(TA,FG)=(0,0), util(TA,FG)=(0,0), freq(c0,c1,c2)=(1800000,900000,0)
03-03 21:19:46.480 I/mtkpower_client( 1166): perf_lock_acq, hdl:0, dur:120, num:14, pid:1166, tid:1166
03-03 21:19:45.242 W/[FTS_TS]fts_input_report_b(  581): [B]P0(921, 2201)[p:24,tm:48] DOWN!
03-03 21:19:46.481 I/mtkpower_client( 1166): ret_hdl:396865
03-03 21:19:46.481 I/touch_boost( 1166): set_top_grp_aware
03-03 21:19:46.481 I/mtkpower_client( 1166): perf_lock_acq, hdl:396858, dur:2000, num:4, pid:1166, tid:1166
03-03 21:19:46.481 I/libPowerHal( 1047): [perfLockAcq] idx:2 hdl:396865 hint:-1 pid:1166 tid:1166 duration:120 lock_user:touch_boost => ret_hdl:396865
03-03 21:19:46.481 I/libPowerHal( 1047): [setClusterFreq] touch_boost set cpufreq[0] min:1800000 max:-1 cpufreq[1] min:900000 max:-1 
03-03 21:19:46.481 I/libPowerHal( 1047): [setClusterFreq]  set cpu_ctrl cpufreq: 1800000 -1 900000 -1 
03-03 21:19:46.481 I/libPowerHal( 1047): [PE] touch_boost update cmd:1404100, param:0
03-03 21:19:46.481 I/libPowerHal( 1047): [PE] touch_boost update cmd:1404300, param:0
03-03 21:19:46.481 I/libPowerHal( 1047): [PE] touch_boost update cmd:1408100, param:0
03-03 21:19:46.482 I/libPowerHal( 1047): [PE] touch_boost update cmd:1408300, param:0
03-03 21:19:46.482 I/mtkpower_client( 1166): ret_hdl:396858
03-03 21:19:46.483 I/libPowerHal( 1047): [perfLockAcq] idx:1 hdl:396858 hint:-1 pid:1166 tid:1166 duration:2000 lock_user:touch_boost => ret_hdl:396858
03-03 21:19:46.483 I/libPowerHal( 1047): [PU] scn:1, update
03-03 21:19:45.280 W/[FTS_TS]fts_input_report_b(  581): [B]P0 UP!
03-03 21:19:45.280 W/[FTS_TS]fts_input_report_b(  581): [B]Points All Up!
03-03 21:19:45.307 I/[    C0] [ccci1/dpmf]dpmaif-txq(    0): 0-3(status=0xf)[2048]: 2048-1718413-1759301, 2048-319577-319577, 2048-0-0, 2048-77-77
03-03 21:19:45.307 I/ccmni1  (13074): to:clr(28089:0)
03-03 21:19:45.307 I/ccmni1  (13074): ccmni1(0,0), rx=(12311209,13650262852,753093), tx=(4491892,0,0), txq_len=(0,0), tx_drop=(0,0,0), rx_drop=(0,0), tx_busy=(0,0), sta=(0x2,0x80,0x1,0x1)
03-03 21:19:45.307 I/ccmni2  (13074): to:clr(28089:0)
03-03 21:19:45.307 I/ccmni2  (13074): ccmni2(1,1), rx=(15410485,17392969851,753093), tx=(5208052,0,0), txq_len=(0,0), tx_drop=(0,0,0), rx_drop=(0,0), tx_busy=(0,0), sta=(0x3,0x81,0x0,0x0)
03-03 21:19:45.307 I/ccmni3  (13074): to:clr(28089:0)
03-03 21:19:45.307 I/ccmni3  (13074): ccmni3(1,1), rx=(20921713,25121342061,753093), tx=(6175701,0,0), txq_len=(0,0), tx_drop=(0,0,0), rx_drop=(0,0), tx_busy=(0,0), sta=(0x3,0x81,0x0,0x0)
03-03 21:19:45.307 I/        (    0): [    C0] [ccci1/dpmf]dpmaif-txq pos: w/r/rel=(210,210,210)(178,178,178)(0,0,0)(154,154,154), tx_busy=4131,0,0,0, last_isr=1bd5a1beed22f,1bd5d8e68bb8f,0,1bd4dbf94f5f0
03-03 21:19:45.307 I/[    C0] [ccci1/dpmf]dpmaif-rxq0(    0): received:4153510; q_state=1; budget:16383; w/r=(20532,20532)
03-03 21:19:45.307 I/        (13074): [ccci1/cif]total cnt=206546;rxq0 isr_cnt=5788;rxq1 isr_cnt=33288;rxq2 isr_cnt=0;rxq3 isr_cnt=812;rxq4 isr_cnt=22500;rxq5 isr_cnt=144651;rxq6 isr_cnt=44;rxq7 isr_cnt=3;rxq8 isr_cnt=0;rxq9 isr_cnt=0;rxq10 isr_cnt=0;rxq11 isr_cnt=0;rxq12 isr_cnt=0;rxq13 isr_cnt=0;rxq14 isr_cnt=0;rxq15 isr_cnt=1;rxq16 isr_cnt=0;rxq17 isr_cnt=0;rxq18 isr_cnt=0;rxq19 isr_cnt=0;rxq20 isr_cnt=0;rxq21 isr_cnt=0;rxq22 isr_cnt=0;rxq23 isr_cnt=0;
03-03 21:19:46.581 I/libPerfCtl( 1041): xgfGetFPS pid:2067 fps:-1
03-03 21:19:46.581 I/libPerfCtl( 1041): xgfGetFPS pid:2332 fps:-1
03-03 21:19:46.581 I/libPerfCtl( 1041): xgfGetFPS pid:14908 fps:-1
03-03 21:19:46.600 I/touch_boost( 1166): enable=0, boost_up=0, boost_down=1, render_deboost=0, active_time=100, duration=120, idleprefer(TA,FG)=(0,0), util(TA,FG)=(0,0), freq(c0,c1,c2)=(1800000,900000,0)
03-03 21:19:46.600 I/mtkpower_client( 1166): perf_lock_rel, hdl:396865, tid:1166
03-03 21:19:46.600 I/touch_boost( 1166): set_top_grp_aware
03-03 21:19:46.600 I/mtkpower_client( 1166): perf_lock_acq, hdl:396858, dur:2000, num:4, pid:1166, tid:1166
03-03 21:19:46.600 I/libPowerHal( 1047): [perfLockRel] hdl:396865, idx:2
03-03 21:19:46.601 I/libPowerHal( 1047): [setClusterFreq]  set cpu_ctrl cpufreq: -1 -1 -1 -1 
03-03 21:19:46.601 I/libPowerHal( 1047): [PD] touch_boost update cmd:1404100 param:0
03-03 21:19:46.601 I/libPowerHal( 1047): [PD] touch_boost update cmd:1404300 param:0
03-03 21:19:46.601 I/libPowerHal( 1047): [PD] touch_boost update cmd:1408100 param:0
03-03 21:19:46.601 I/libPowerHal( 1047): [PD] touch_boost update cmd:1408300 param:0
03-03 21:19:46.602 E/libPowerHal( 1047): [getHintRscSize] hint_id 56 cannot be found in PowerScnTbl
03-03 21:19:46.602 I/mtkpower_client( 1166): ret_hdl:396858
03-03 21:19:46.602 I/libPowerHal( 1047): [perfLockAcq] idx:1 hdl:396858 hint:-1 pid:1166 tid:1166 duration:2000 lock_user:touch_boost => ret_hdl:396858
03-03 21:19:46.602 I/libPowerHal( 1047): [PU] scn:1, update
03-03 21:19:45.402 I/[wlan][6899]roamingFsmProcessEvent( 6899): (ROAMING INFO) ROAMING_EVENT_DISCOVERY Data[22363] RCPI[91(-65)] PER[87] Thr[56(-82)] Reason[1] Time[25171]
03-03 21:19:45.402 I/[wlan][6899]roamingFsmSendCmd( 6899): (ROAMING INFO) [0](FAIL)->Send(ROAM): Current Time = 489857120
03-03 21:19:45.402 I/[wlan][6899]roamingFsmRunEventDiscovery( 6899): (ROAMING EVENT) [0] EVENT-ROAMING DISCOVERY: Current Time = 489857120
03-03 21:19:45.402 I/[wlan][6899]roamingFsmRunEventDiscovery( 6899): (ROAMING INFO) RCPI 91(-65)
03-03 21:19:45.402 I/[wlan][6899]roamingFsmRunEventDiscovery( 6899): (ROAMING INFO) ucPER 87
03-03 21:19:45.402 I/[wlan][6899]roamingFsmSteps( 6899): (ROAMING STATE) [ROAMING0] TRANSITION: [DECISION] -> [DISCOVERY]
03-03 21:19:45.402 I/[wlan][6899]aisFsmSteps( 6899): (AIS STATE) [AIS0][0] TRANSITION: [NORMAL_TR] -> [LOOKING_FOR]
03-03 21:19:45.402 I/[wlan][6899]aisScanProcessReqCh( 6899): (AIS INFO) [Roaming] Target Scan: Total number of scan channel(s)=1
03-03 21:19:45.402 I/[wlan][6899]scnFsmSteps( 6899): (SCN STATE) [SCAN]TRANSITION: [IDLE] -> [SCANNING]
03-03 21:19:45.402 I/[wlan][6899]SCANLOG( 6899): (SCN INFO) [SCN:200:D2F] 1: a86e1b8d5
03-03 21:19:45.402 I/[wlan][6899]SCANLOG( 6899): (SCN INFO) [SCN:200:D2F] ScanReqV2: ScanType=1,BSS=0,SSIDType=8,Num=1,Ext=0,ChannelType=4,Num=1,Ext=0,Seq=167,Ver=1,Dw=0,Min=0,Func=(0x3,0x0),D=0,Mac=00:00:**:**:**:00,BSSID=00:00:**:**:**:00,OpT=0,DfsT=0,ChCnt=0 ,Ssid: Reddy@2F,Ch: 7
03-03 21:19:46.649 I/NearbySharing(18610): Network state changed: NetworkState(isRestricted=false, isOnline=true, isCongested=false, isMetered=false, isWifiConnected=true)
03-03 21:19:46.677 W/android.hardware.thermal-service.mediatek( 1046): parseMsg: Get from client TYPE=thermal_hal_notify NAME=SKIN
03-03 21:19:46.677 W/android.hardware.thermal-service.mediatek( 1046): parseMsg:name.c_str():SKIN
03-03 21:19:46.677 W/android.hardware.thermal-service.mediatek( 1046): parseMsg:tz notify:SKIN
03-03 21:19:46.677 I/android.hardware.thermal-service.mediatek( 1046): Wait to accept a connection
03-03 21:19:46.678 I/android.hardware.thermal-service.mediatek( 1046): Sending notification:  Type: SKIN Name: SKIN CurrentValue: 38.245 ThrottlingStatus: LIGHT
03-03 21:19:46.678 I/android.hardware.thermal-service.mediatek( 1046): sendThermalChangedCallback
03-03 21:19:45.443 I/[wlan][6899]qmFlushTimeoutReorderBubble( 6899): (QM INFO) QM:(Bub Timeout) 0:0 Bub(1)[3490]{3490,3745} -> Bub(0)[3490]{3494,3749}
03-03 21:19:46.709 I/BufferQueueProducer( 1080): [com.example.foxos/com.example.foxos.MainActivity#142838](this:0xb4000075ed9080b8,id:-1,api:0,p:-1,c:1080) queueBuffer: fps=117.61 dur=1003.29 max=16.86 min=7.50
03-03 21:19:45.514 I/[wlan][6899]qmHandleEventBssAbsencePresence( 6899): (QM INFO) NAF:B=0,A=1,F=2,P=5364
03-03 21:19:45.577 I/instant_current(  901): cic_idx:0
03-03 21:19:46.848 W/BluetoothMetricsLogger( 2804): MetricsLogger isn't initialized
03-03 21:19:46.848 W/BluetoothMetricsLogger( 2804): MetricsLogger isn't initialized
03-03 21:19:45.626 I/[wlan][6899]SCANLOG( 6899): (SCN INFO) [SCN:500:F2D] scnEventScanDone Version4!size of ScanDone476,ucCompleteChanCount[1],ucCurrentState7, u4ScanDurBcnCnt[1],Seq[167]
03-03 21:19:45.626 I/[wlan][6899]SCANLOG( 6899): (SCN INFO) [SCN:500:F2D] 1: aa6e138d5
03-03 21:19:45.626 I/[wlan][6899]scnFsmDumpScanDoneInfo( 6899): (SCN INFO) Country Code = IN, Detected_Channel_Num = 1
03-03 21:19:45.626 I/[wlan][6899]scnFsmDumpScanDoneInfo( 6899): (SCN INFO) Channel  :      7
03-03 21:19:45.626 I/[wlan][6899]scnFsmDumpScanDoneInfo( 6899): (SCN INFO) IdleTime :   3949
03-03 21:19:45.626 I/[wlan][6899]scnFsmDumpScanDoneInfo( 6899): (SCN INFO) MdrdyCnt :     92
03-03 21:19:45.626 I/[wlan][6899]scnFsmDumpScanDoneInfo( 6899): (SCN INFO) BAndPCnt :      1
03-03 21:19:45.626 I/[wlan][6899]scnFsmSteps( 6899): (SCN STATE) [SCAN]TRANSITION: [SCANNING] -> [IDLE]
03-03 21:19:45.626 I/[wlan][6899]aisFsmRunEventScanDone( 6899): (AIS INFO) ScanDone 167, status(0) native req(167)
03-03 21:19:45.626 I/[wlan][6899]kalSendUevent( 6899): (INIT INFO) Send UEvent = Scan=Status:NORMAL,DBDC:DISABLE,Time:224,Channel:7 ,Reason:OK
03-03 21:19:45.627 I/[wlan][6899]SCANLOG( 6899): (SCN INFO) [SCN:600:D2K] Total:1/19  Reddy@2F_5G;
03-03 21:19:45.627 I/[wlan][6899]SCANLOG( 6899): (SCN INFO) [SCN:600:D2K] 2: aa6e138d5a86e1b8d5
03-03 21:19:45.627 I/[wlan][6899]SCANLOG( 6899): (SCN INFO) [SCN:600:D2K] Call cfg80211_scan_done (aborted=0)
03-03 21:19:45.627 I/[wlan][6899]aisFsmSteps( 6899): (AIS STATE) [AIS0][0] TRANSITION: [LOOKING_FOR] -> [SEARCH]
03-03 21:19:45.627 I/[wlan][6899]apsUpdateEssApList( 6899): (SCN INFO) Find Reddy@2F in 10 BSSes, result 1
03-03 21:19:45.627 I/[wlan][6899]apsSearchBssDescByScore( 6899): (SCN INFO) ConnectionPolicy = 0, reason = 1
03-03 21:19:45.627 I/[wlan][6899]scanCalculateTotalScore( 6899): (SCN INFO) a8:6e:**:**:**:d5 cRSSI[-65] Band[2.4G] Score,Total 2402,DE[100], PR[0], SM[300], RSSI[264],BD[0],BL[400],SAA[100], BW[80], SC[50],ST[100],CI[582],IT[426],CU[0,0],PF[0], TPUT[0], DESENSE[0]
03-03 21:19:45.627 I/[wlan][6899]apsSearchBssDescByScore( 6899): (SCN INFO) Can't roam out, try blocklist
03-03 21:19:46.869 I/netd    (  987): interfaceGetCfg(wlan0) -> {InterfaceConfigurationParcel{ifName: wlan0, hwAddr: 76:b3:e2:17:a4:7f, ipv4Addr: 192.168.4.9, prefixLength: 24, flags: [up, broadcast, running, multicast]}} <0.31ms>
03-03 21:19:45.627 I/[wlan][6899]scanCalculateTotalScore( 6899): (SCN INFO) a8:6e:**:**:**:d5 cRSSI[-65] Band[2.4G] Score,Total 2402,DE[100], PR[0], SM[300], RSSI[264],BD[0],BL[400],SAA[100], BW[80], SC[50],ST[100],CI[582],IT[426],CU[0,0],PF[0], TPUT[0], DESENSE[0]
03-03 21:19:45.628 I/[wlan][6899]scanNeedReplaceCandidate( 6899): (SCN INFO) CandBss in opchnl,add CurBss Score
03-03 21:19:45.628 I/[wlan][6899]scanNeedReplaceCandidate( 6899): (SCN INFO) CurrBss in opchnl,add CandBss Score
03-03 21:19:45.628 I/[wlan][6899]apsSearchBssDescByScore( 6899): (SCN INFO) Selected a8:6e:**:**:**:d5, cRSSI[-65] Band[2.4G] Score 2402 when find Reddy@2F, 00:00:**:**:**:00 in 1 BSSes, fix channel 0.
03-03 21:19:45.628 I/[wlan][6899]apsResetEssApList( 6899): (SCN INFO) BssIndex:0 reset prCurEssLin done
03-03 21:19:45.628 I/[wlan][6899]aisSearchHandleBadBssDesc( 6899): (ROAMING INFO) fgIsConnected=1, prBssDesc a8:6e:**:**:**:d5, ucBssIndex=0
03-03 21:19:45.628 I/[wlan][6899]roamingFsmRunEventNewCandidate( 6899): (ROAMING EVENT) [0] EVENT-NEW CANDIDATE: Current Time = 489857348
03-03 21:19:45.628 I/[wlan][6899]roamingFsmSteps( 6899): (ROAMING STATE) [ROAMING0] TRANSITION: [DISCOVERY] -> [HANDLE_NEW_CANDIDATE]
03-03 21:19:45.628 I/[wlan][6899]roamingFsmSteps( 6899): (ROAMING STATE) [ROAMING0] TRANSITION: [HANDLE_NEW_CANDIDATE] -> [ROAM]
03-03 21:19:45.628 I/[wlan][6899]aisFsmRunEventRoamingRoam( 6899): (AIS INFO) [AIS0][0] curr state=SEARCH not allowed roaming
03-03 21:19:45.628 I/[wlan][6899]aisSearchHandleBadBssDesc( 6899): (AIS INFO) [Roaming] No target found, try to full scan again
03-03 21:19:45.628 I/[wlan][6899]aisFsmSteps( 6899): (AIS STATE) [AIS0][0] TRANSITION: [SEARCH] -> [LOOKING_FOR]
03-03 21:19:45.628 I/[wlan][6899]scanSetRequestChannel( 6899): (SCN INFO) channel num(0=>5) 00000000 00000000 00000000 00000000 00000000 00000000 00000100 0000048C 00000000 00000000 00000000 00000000 00000000 00000000 00000000 00000000
03-03 21:19:45.628 I/[wlan][6899]scnFsmSteps( 6899): (SCN STATE) [SCAN]TRANSITION: [IDLE] -> [SCANNING]
03-03 21:19:45.628 I/[wlan][6899]SCANLOG( 6899): (SCN INFO) [SCN:200:D2F] ScanReqV2: ScanType=1,BSS=0,SSIDType=8,Num=1,Ext=0,ChannelType=4,Num=5,Ext=0,Seq=168,Ver=1,Dw=0,Min=0,Func=(0x3,0x0),D=0,Mac=00:00:**:**:**:00,BSSID=00:00:**:**:**:00,OpT=0,DfsT=0,ChCnt=0 ,Ssid: Reddy@2F,Ch: 2 3 7 10 40
03-03 21:19:45.632 I/[wlan][6899]qmHandleEventBssAbsencePresence( 6899): (QM INFO) NAF:B=0,A=0,F=0,P=5364
03-03 21:19:45.655 I/[    C1] [wlan][0]statsParseARPInfo(    0): (TX INFO) ARP REQ SRC MAC/IP[76:b3:**:**:**:7f]/[192.***.***.9], TAR MAC/IP[00:00:**:**:**:00]/[192.***.***.1], SeqNo: 127
03-03 21:19:45.744 I/[wlan][6899]qmHandleEventBssAbsencePresence( 6899): (QM INFO) NAF:B=0,A=1,F=2,P=112
03-03 21:19:45.747 I/[wlan][6899]scanCheckEpigramVhtIE( 6899): (RLM WARN) [Epigram] VHT length is invalid(26), skip!
03-03 21:19:47.051 W/BluetoothMetricsLogger( 2804): MetricsLogger isn't initialized
03-03 21:19:47.052 W/BluetoothMetricsLogger( 2804): MetricsLogger isn't initialized
03-03 21:19:45.889 W/[FTS_TS]fts_input_report_b(  581): [B]P0(726, 6)[p:20,tm:32] DOWN!
03-03 21:19:47.127 I/touch_boost( 1166): enable=1, boost_up=0, boost_down=1, render_deboost=0, active_time=100, duration=120, idleprefer(TA,FG)=(0,0), util(TA,FG)=(0,0), freq(c0,c1,c2)=(1800000,900000,0)
03-03 21:19:47.127 I/mtkpower_client( 1166): perf_lock_acq, hdl:0, dur:120, num:14, pid:1166, tid:1166
03-03 21:19:47.129 I/mtkpower_client( 1166): ret_hdl:396866
03-03 21:19:47.129 I/touch_boost( 1166): set_top_grp_aware
03-03 21:19:47.129 I/mtkpower_client( 1166): perf_lock_acq, hdl:396858, dur:2000, num:4, pid:1166, tid:1166
03-03 21:19:47.130 W/BluetoothMetricsLogger( 2804): MetricsLogger isn't initialized
03-03 21:19:47.130 I/libPowerHal( 1047): [perfLockAcq] idx:2 hdl:396866 hint:-1 pid:1166 tid:1166 duration:120 lock_user:touch_boost => ret_hdl:396866
03-03 21:19:47.130 W/BluetoothMetricsLogger( 2804): MetricsLogger isn't initialized
03-03 21:19:47.130 I/libPowerHal( 1047): [setClusterFreq] touch_boost set cpufreq[0] min:1800000 max:-1 cpufreq[1] min:900000 max:-1 
03-03 21:19:47.130 I/libPowerHal( 1047): [setClusterFreq]  set cpu_ctrl cpufreq: 1800000 -1 900000 -1 
03-03 21:19:47.130 I/libPowerHal( 1047): [PE] touch_boost update cmd:1404100, param:0
03-03 21:19:47.130 I/libPowerHal( 1047): [PE] touch_boost update cmd:1404300, param:0
03-03 21:19:47.130 I/libPowerHal( 1047): [PE] touch_boost update cmd:1408100, param:0
03-03 21:19:47.130 I/libPowerHal( 1047): [PE] touch_boost update cmd:1408300, param:0
03-03 21:19:47.130 I/mtkpower_client( 1166): ret_hdl:396858
03-03 21:19:47.131 I/libPowerHal( 1047): [perfLockAcq] idx:1 hdl:396858 hint:-1 pid:1166 tid:1166 duration:2000 lock_user:touch_boost => ret_hdl:396858
03-03 21:19:47.131 I/libPowerHal( 1047): [PU] scn:1, update
03-03 21:19:45.898 I/        ( 1696): hang_detect HANG_KICK ( 300)
03-03 21:19:45.898 I/        ( 1696): [Hang_Detect] hang_detect enabled 10
03-03 21:19:47.154 W/BluetoothMetricsLogger( 2804): MetricsLogger isn't initialized
03-03 21:19:47.154 W/BluetoothMetricsLogger( 2804): MetricsLogger isn't initialized
03-03 21:19:47.168 I/netd    (  987): tetherGetStats() -> {[TetherStatsParcel{iface: ccmni1, rxBytes: 3509550, rxPackets: 43041, txBytes: 3464010, txPackets: 46238, ifIndex: 0}, TetherStatsParcel{iface: ccmni2, rxBytes: 4035077, rxPackets: 51937, txBytes: 7654680, txPackets: 64146, ifIndex: 0}, TetherStatsParcel{iface: ccmni3, rxBytes: 3051754, rxPackets: 38176, txBytes: 3102428, txPackets: 41528, ifIndex: 0}, TetherStatsParcel{iface: v4-ccmni1, rxBytes: 368437434, rxPackets: 319516, txBytes: 98443403, txPackets: 140718, ifIndex: 0}, TetherStatsParcel{iface: v4-ccmni2, rxBytes: 177232448, rxPackets: 228673, txBytes: 311312455, txPackets: 310211, ifIndex: 0}, TetherStatsParcel{iface: v4-ccmni3, rxBytes: 4326832642, rxPackets: 1328562, txBytes: 509179019, txPackets: 977900, ifIndex: 0}, TetherStatsParcel{iface: wlan0, rxBytes: 1782021127, rxPackets: 1894403, txBytes: 2587817868, txPackets: 2362967, ifIndex: 0}]} <1.44ms>
--------- beginning of system
03-03 21:19:47.168 I/WindowManager( 1666): Relayout Window{6bf6bb6 u0 NotificationShade}: oldVis=4 newVis=0 focusMayChange = true requestedWidth = 1080 requestedHeight = 2400 outFrames = ClientWindowFrames{frame=[0,0][1080,2400] display=[0,0][1080,2400] parentFrame=[0,0][0,0]} outSurfaceControl = Surface(name=NotificationShade)/@0xe4951a2
03-03 21:19:47.173 I/SurfaceFlinger( 1080): setDesiredDisplayModeSpecs: calling_process=system_server
03-03 21:19:47.173 I/SurfaceFlinger( 1080): setDesiredDisplayModeSpecs: policy={defaultModeId=1, allowGroupSwitching=false, primaryRanges={physical=[0.00 Hz, 120.10 Hz], render=[0.00 Hz, 120.00 Hz]}, appRequestRanges={physical=[0.00 Hz, 120.10 Hz], render=[0.00 Hz, 120.00 Hz]} idleScreenConfig=nullptr}
03-03 21:19:47.177 I/android.hardware.thermal-service.mediatek( 1046): getTemperaturesWithType TemperatureType: 3
03-03 21:19:47.178 I/BufferQueueProducer( 1080): [Taskbar#122](this:0xb4000075ed86b6c8,id:-1,api:0,p:-1,c:1080) queueBuffer: fps=11.67 dur=1370.66 max=1003.55 min=7.62
03-03 21:19:47.178 W/android.hardware.thermal-service.mediatek( 1046): i=0 tz_data[i].tz_idx[0]=10
03-03 21:19:47.178 W/android.hardware.thermal-service.mediatek( 1046): i=1 tz_data[i].tz_idx[0]=10
03-03 21:19:47.178 W/android.hardware.thermal-service.mediatek( 1046): i=2 tz_data[i].tz_idx[0]=7
03-03 21:19:47.178 W/android.hardware.thermal-service.mediatek( 1046): i=3 tz_data[i].tz_idx[0]=56
03-03 21:19:47.178 I/android.hardware.thermal-service.mediatek( 1046): fill_temperatures filterType1 name: SKIN type: SKIN throttlingStatus: LIGHT value: 38.245 ret_temps size 0
03-03 21:19:47.178 W/android.hardware.thermal-service.mediatek( 1046): i=4 tz_data[i].tz_idx[0]=0
03-03 21:19:47.178 W/android.hardware.thermal-service.mediatek( 1046): i=5 tz_data[i].tz_idx[0]=51
03-03 21:19:47.178 W/android.hardware.thermal-service.mediatek( 1046): i=6 tz_data[i].tz_idx[0]=-1
03-03 21:19:47.178 W/android.hardware.thermal-service.mediatek( 1046): i=7 tz_data[i].tz_idx[0]=-1
03-03 21:19:47.178 W/android.hardware.thermal-service.mediatek( 1046): i=8 tz_data[i].tz_idx[0]=-1
03-03 21:19:47.178 W/android.hardware.thermal-service.mediatek( 1046): i=9 tz_data[i].tz_idx[0]=10
03-03 21:19:47.178 W/android.hardware.thermal-service.mediatek( 1046): i=10 tz_data[i].tz_idx[0]=10
03-03 21:19:47.178 W/android.hardware.thermal-service.mediatek( 1046): i=11 tz_data[i].tz_idx[0]=-1
03-03 21:19:47.178 W/android.hardware.thermal-service.mediatek( 1046): i=12 tz_data[i].tz_idx[0]=-1
03-03 21:19:47.178 W/android.hardware.thermal-service.mediatek( 1046): i=13 tz_data[i].tz_idx[0]=10
03-03 21:19:47.179 I/SurfaceFlinger( 1080): onHandleDestroyed: layerId=142846, name=Surface(name=8d82e66 StatusBar)/@0x8ccea1a - animation-leash of insets_animation#142846
03-03 21:19:47.179 I/SurfaceFlinger( 1080): onHandleDestroyed: layerId=142847, name=Surface(name=5912cfa Taskbar)/@0xccba996 - animation-leash of insets_animation#142847
03-03 21:19:47.177 W/dataInfoSend( 2594): type=1400 audit(0.0:837668615): avc:  denied  { bpf } for  capability=39  scontext=u:r:bpfloader:s0 tcontext=u:r:bpfloader:s0 tclass=capability2 permissive=0
03-03 21:19:47.177 W/dataInfoSend( 2594): type=1400 audit(0.0:837668616): avc:  denied  { bpf } for  capability=39  scontext=u:r:bpfloader:s0 tcontext=u:r:bpfloader:s0 tclass=capability2 permissive=0
03-03 21:19:47.177 W/dataInfoSend( 2594): type=1400 audit(0.0:837668617): avc:  denied  { bpf } for  capability=39  scontext=u:r:bpfloader:s0 tcontext=u:r:bpfloader:s0 tclass=capability2 permissive=0
03-03 21:19:47.177 W/dataInfoSend( 2594): type=1400 audit(0.0:837668618): avc:  denied  { bpf } for  capability=39  scontext=u:r:bpfloader:s0 tcontext=u:r:bpfloader:s0 tclass=capability2 permissive=0
03-03 21:19:47.177 W/dataInfoSend( 2594): type=1400 audit(0.0:837668619): avc:  denied  { bpf } for  capability=39  scontext=u:r:bpfloader:s0 tcontext=u:r:bpfloader:s0 tclass=capability2 permissive=0
03-03 21:19:45.945 W/audit   (17507): audit_lost=836141100 audit_rate_limit=5 audit_backlog_limit=64
03-03 21:19:45.945 E/audit   (17507): rate limit exceeded
03-03 21:19:47.188 W/WindowManager( 1666): Changing focus from Window{bdd1d92 u0 com.example.foxos/com.example.foxos.MainActivity} to Window{6bf6bb6 u0 NotificationShade} displayId=0 Callers=com.android.server.wm.RootWindowContainer.updateFocusedWindowLocked:494 com.android.server.wm.WindowManagerService.updateFocusedWindowLocked:6812 com.android.server.wm.WindowManagerService.relayoutWindow:2786 com.android.server.wm.Session.relayout:288 
03-03 21:19:47.195 I/BufferQueueProducer( 1080): [StatusBar#92](this:0xb4000075ed8577d8,id:-1,api:0,p:-1,c:1080) queueBuffer: fps=1.72 dur=1162.41 max=861.12 min=301.29
03-03 21:19:47.197 I/SurfaceFlinger( 1080): onHandleDestroyed: layerId=142851, name=Surface(name=5912cfa Taskbar)/@0xccba996 - animation-leash of insets_animation#142851
03-03 21:19:47.206 W/HWUI    ( 2067): Image decoding logging dropped!
03-03 21:19:47.206 I/SurfaceFlinger( 1080): onHandleDestroyed: layerId=142848, name=Surface(name=8d82e66 StatusBar)/@0x8ccea1a - animation-leash of insets_animation#142848
03-03 21:19:47.207 I/SurfaceFlinger( 1080): onHandleDestroyed: layerId=142849, name=Surface(name=5912cfa Taskbar)/@0xccba996 - animation-leash of insets_animation#142849
03-03 21:19:47.208 W/HWUI    ( 2067): Image decoding logging dropped!
03-03 21:19:47.247 I/touch_boost( 1166): enable=0, boost_up=0, boost_down=1, render_deboost=0, active_time=100, duration=120, idleprefer(TA,FG)=(0,0), util(TA,FG)=(0,0), freq(c0,c1,c2)=(1800000,900000,0)
03-03 21:19:47.247 I/mtkpower_client( 1166): perf_lock_rel, hdl:396866, tid:1166
03-03 21:19:47.248 I/libPowerHal( 1047): [perfLockRel] hdl:396866, idx:2
03-03 21:19:46.008 W/[FTS_TS]fts_input_report_b(  581): [B]P0 UP!
03-03 21:19:46.008 W/[FTS_TS]fts_input_report_b(  581): [B]Points All Up!
03-03 21:19:47.249 I/libPowerHal( 1047): [setClusterFreq]  set cpu_ctrl cpufreq: -1 -1 -1 -1 
03-03 21:19:47.249 I/libPowerHal( 1047): [PD] touch_boost update cmd:1404100 param:0
03-03 21:19:47.249 I/libPowerHal( 1047): [PD] touch_boost update cmd:1404300 param:0
03-03 21:19:47.249 I/libPowerHal( 1047): [PD] touch_boost update cmd:1408100 param:0
03-03 21:19:47.249 I/libPowerHal( 1047): [PD] touch_boost update cmd:1408300 param:0
03-03 21:19:47.248 I/touch_boost( 1166): set_top_grp_aware
03-03 21:19:47.250 I/mtkpower_client( 1166): perf_lock_acq, hdl:396858, dur:2000, num:4, pid:1166, tid:1166
03-03 21:19:47.251 I/mtkpower_client( 1166): ret_hdl:396858
03-03 21:19:47.251 I/libPowerHal( 1047): [perfLockAcq] idx:1 hdl:396858 hint:-1 pid:1166 tid:1166 duration:2000 lock_user:touch_boost => ret_hdl:396858
03-03 21:19:47.251 I/libPowerHal( 1047): [PU] scn:1, update
03-03 21:19:47.271 I/hwcomposer( 1022): [HWCDisplay] [Display_0 (type:1, mode:2)] fps:117.640457,dur:1003.06,max:16.73,min:5.81  
03-03 21:19:46.044 I/[wlan][6899]qmHandleEventBssAbsencePresence( 6899): (QM INFO) NAF:B=0,A=0,F=0,P=112
03-03 21:19:46.117 I/instant_current(  901): cic_idx:0
03-03 21:19:46.154 I/[wlan][6899]qmHandleEventBssAbsencePresence( 6899): (QM INFO) NAF:B=0,A=1,F=2,P=108
03-03 21:19:47.432 I/touch_boost( 1166): enable=1, boost_up=0, boost_down=1, render_deboost=0, active_time=100, duration=120, idleprefer(TA,FG)=(0,0), util(TA,FG)=(0,0), freq(c0,c1,c2)=(1800000,900000,0)
03-03 21:19:46.194 W/[FTS_TS]fts_input_report_b(  581): [B]P0(793, 584)[p:28,tm:32] DOWN!
03-03 21:19:47.432 I/mtkpower_client( 1166): perf_lock_acq, hdl:0, dur:120, num:14, pid:1166, tid:1166
03-03 21:19:47.435 I/mtkpower_client( 1166): ret_hdl:396867
03-03 21:19:47.435 I/touch_boost( 1166): set_top_grp_aware
03-03 21:19:47.435 I/mtkpower_client( 1166): perf_lock_acq, hdl:396858, dur:2000, num:4, pid:1166, tid:1166
03-03 21:19:47.435 I/libPowerHal( 1047): [perfLockAcq] idx:2 hdl:396867 hint:-1 pid:1166 tid:1166 duration:120 lock_user:touch_boost => ret_hdl:396867
03-03 21:19:47.435 I/libPowerHal( 1047): [setClusterFreq] touch_boost set cpufreq[0] min:1800000 max:-1 cpufreq[1] min:900000 max:-1 
03-03 21:19:47.435 I/libPowerHal( 1047): [setClusterFreq]  set cpu_ctrl cpufreq: 1800000 -1 900000 -1 
03-03 21:19:47.435 I/libPowerHal( 1047): [PE] touch_boost update cmd:1404100, param:0
03-03 21:19:47.435 I/libPowerHal( 1047): [PE] touch_boost update cmd:1404300, param:0
03-03 21:19:47.435 I/libPowerHal( 1047): [PE] touch_boost update cmd:1408100, param:0
03-03 21:19:47.435 I/libPowerHal( 1047): [PE] touch_boost update cmd:1408300, param:0
03-03 21:19:47.437 I/mtkpower_client( 1166): ret_hdl:396858
03-03 21:19:47.438 I/libPowerHal( 1047): [perfLockAcq] idx:1 hdl:396858 hint:-1 pid:1166 tid:1166 duration:2000 lock_user:touch_boost => ret_hdl:396858
03-03 21:19:47.438 I/libPowerHal( 1047): [PU] scn:1, update
03-03 21:19:46.199 I/[wlan][6899]kalPerMonUpdate( 6899): (SW4 INFO) <1024ms> Tput: 36992(0.036mbps) [3775:9:960:3][0:0:0:0][0:0:0:0][0:0:0:0] Pending:1/4096 [0:1:0:0][0:0:0:0][0:0:0:0][0:0:0:0] LQ[505341:493992:26022] idle:0 lv:0 th:5 fg:0x9 TxCpu[40421,42894,175011,38963,19598,20595,18052,20434] RxCpu[0,0,0,0,0,0,0,0] TxDp[ST:BS:FO:QM:DP]:0:0:0:0:1501 Tx[SQ:TI:TM:TDD:TDM:TIC:TFP]:0:375968:375968:0:0:8520:375966 MgmtSub[2:0:1:0:0:0:0:0:0:0:0:3:3:10:0:0]
03-03 21:19:46.199 I/[wlan][6899]kalPerMonUpdate( 6899): (SW4 INFO) ndevdrp:[0:0:0:0][0:0:0:4] NAPI[974927,0,0,0,0,0,0,0,0,0,0] RxReorder[210:0:0:0] RxPending[0:0:0:0] RfbTrack[0:60:10:0:0:0:0:0:0:0:0:0:0:0:0:0:0:0:0] drv[RM,IL,RI,PA,PF,DU,DA,RT,RM,RW,RA,RB,DT,NS,IB,HS,LS,DD,ME,BD,NI,DR,TE,PE,CE,DN,FE,DE,IE,TME,CM,FB,ID,FD,NL]:1683454,0,1418375,1418375,0,0,0,1602254,4294971025,1370358,32186,1295,200211,0,0,7,0,7025,0,1945,0,191194,0,0,40,200171,0,0,0,0,42,0,0,0,0
03-03 21:19:46.199 W/asicConnac2xFillCmdTxdInfo( 6899): 12 callbacks suppressed
03-03 21:19:46.199 I/[wlan][6899]asicConnac2xFillCmdTxdInfo( 6899): (TX INFO) TX CMD: ID[0x7E] SEQ[63] SET[1] LEN[376]
03-03 21:19:46.199 I/[wlan][6899]asicConnac2xFillCmdTxdInfo( 6899): (TX INFO) TX CMD: ID[0x85] SEQ[64] SET[0] LEN[92]
03-03 21:19:46.199 I/[wlan][6899]asicConnac2xFillCmdTxdInfo( 6899): (TX INFO) TX CMD: ID[0x82] SEQ[65] SET[0] LEN[76]
03-03 21:19:46.199 I/[wlan][6899]wlanLinkQualityMonitor( 6899): (SW4 INFO) Link Quality: Tx(rate:10, total:505341, retry:62103, fail:40740, RTS fail:0, ACK fail:40740), Rx(rate:516, total:493992, dup:7025, error:415801), PER(59), Congestion(idle slot:491762372, diff:33242, AwakeDur:9002873)
03-03 21:19:46.199 I/[wlan][6900]wlanTxCmdDoneCb( 6900): (TX INFO) Add command: 0000000037841435, 0000000078da7d5e, cmd=0x85, seq=64
03-03 21:19:46.199 I/[wlan][6900]wlanTxCmdDoneCb( 6900): (TX INFO) Add command: 00000000b8d8c22e, 00000000ae7907ff, cmd=0x82, seq=65
03-03 21:19:46.200 I/[wlan][6900]soc7_0_DumpWfsyscpupcr( 6900): (HAL INFO) wm pc=490156.679340/0xf0497934;490156.679346/0x00905184;490156.679349/0x00905186;490156.679353/0xf044482c;490156.679356/0xf0444846;
03-03 21:19:46.200 I/[wlan][6900]soc7_0_DumpWfsyscpupcr( 6900): (HAL INFO) wm lp=490156.679340/0xf0497d28;490156.679346/0x00905186;490156.679349/0xf03a9b5e;490156.679353/0xf04708ac;490156.679356/0xf0444830;
03-03 21:19:46.200 I/[wlan][6900]halDumpMsduReportStats( 6900): (HAL INFO) TX_Delay D:[1:5:10:20]=[8:0:1:0:0#0] C:[10:20:50:80]=[0:0:0:0:1#76] M:[5:10:20:50]=[0:0:0:0:1#75] A:[5:10:20:50]=[0:0:0:0:0#0] F:[10:20:50:80]=[0:0:0:0:0#0] Txfail:0
03-03 21:19:46.200 I/[wlan][6900]halDumpHifStats( 6900): (HAL INFO) I[0 / 974928 1 0 0 0x0 0x0 0] T[34254 34254 34251 / 375967 375967 375368 375789] R[1618587 / 208739] T_Q:T_R[0:224 0:0 0:0 0:0 0:1 0:0 0:3 0:0]  R_R:R_N[0:0 0:0 0:0 0:0] Msdu:F[8190/8192]P[1]D[0] Tok[19/4096] Rfb[4149/0/0/210/0/0/0/0/4150] txreg[265268] rxreg[1255446]
03-03 21:19:46.200 I/[wlan][6899]nicRxProcessEventPacket( 6899): (RX INFO) Not static config event: id=0x21, seq=64
03-03 21:19:46.200 I/[wlan][6899]nicGetPendingCmdInfo( 6899): (TX INFO) Get command: 0000000037841435, 0000000078da7d5e, cmd=0x85, seq=64
03-03 21:19:46.201 I/[wlan][6899]nicGetPendingCmdInfo( 6899): (TX INFO) Get command: 00000000b8d8c22e, 00000000ae7907ff, cmd=0x82, seq=65
03-03 21:19:46.219 I/[wlan][6899]scanCheckEpigramVhtIE( 6899): (RLM WARN) [Epigram] VHT length is invalid(24), skip!
03-03 21:19:46.219 I/[wlan][6899]scanCheckEpigramVhtIE( 6899): (RLM WARN) [Epigram] VHT length is invalid(7), skip!
03-03 21:19:46.219 I/[wlan][6899]scanCheckEpigramVhtIE( 6899): (RLM WARN) [Epigram] VHT length is invalid(7), skip!
03-03 21:19:46.244 I/[wlan][6899]scanCheckEpigramVhtIE( 6899): (RLM WARN) [Epigram] VHT length is invalid(26), skip!
03-03 21:19:47.490 I/bzxn    (24810): #onStartListening
03-03 21:19:47.490 I/bzxn    (24810): setActivityLaunchForClick
03-03 21:19:47.490 I/bzxn    (24810): #getOmnientAudioSearchPermissionCheckActivityIntent
03-03 21:19:46.269 I/[DISP]mtk_dsi_esd_cmp(  240): expect[0x9f], read[0x9f]
03-03 21:19:46.272 I/[wlan][6899]scanCheckEpigramVhtIE( 6899): (RLM WARN) [Epigram] VHT length is invalid(26), skip!
03-03 21:19:46.276 I/[wlan][6899]scanCheckEpigramVhtIE( 6899): (RLM WARN) [Epigram] VHT length is invalid(26), skip!
03-03 21:19:46.280 I/[wlan][6899]scanCheckEpigramVhtIE( 6899): (RLM WARN) [Epigram] VHT length is invalid(26), skip!
03-03 21:19:46.281 I/[wlan][6899]SCANLOG( 6899): (SCN INFO) [SCN:500:F2D] scnEventScanDone Version4!size of ScanDone476,ucCompleteChanCount[5],ucCurrentState7, u4ScanDurBcnCnt[6],Seq[168]
03-03 21:19:46.281 I/[wlan][6899]SCANLOG( 6899): (SCN INFO) [SCN:500:F2D] 7: a86e1b8d5f00917ab3a86e1b8d7aa6e188d5a86e1ba18aa6e18a16aa6e19a16
03-03 21:19:46.281 I/[wlan][6899]scnFsmDumpScanDoneInfo( 6899): (SCN INFO) Country Code = IN, Detected_Channel_Num = 5
03-03 21:19:46.281 I/[wlan][6899]scnFsmDumpScanDoneInfo( 6899): (SCN INFO) Channel  :      2     3     7    10    40
03-03 21:19:46.281 I/[wlan][6899]scnFsmDumpScanDoneInfo( 6899): (SCN INFO) IdleTime :   5379  5989  3590  4648  5678
03-03 21:19:46.281 I/[wlan][6899]scnFsmDumpScanDoneInfo( 6899): (SCN INFO) MdrdyCnt :      4    50    82     6     8
03-03 21:19:46.281 I/[wlan][6899]scnFsmDumpScanDoneInfo( 6899): (SCN INFO) BAndPCnt :      0     0     0     1     5
03-03 21:19:46.281 I/[wlan][6899]scnFsmSteps( 6899): (SCN STATE) [SCAN]TRANSITION: [SCANNING] -> [IDLE]
03-03 21:19:46.281 I/[wlan][6899]aisFsmRunEventScanDone( 6899): (AIS INFO) ScanDone 168, status(0) native req(168)
03-03 21:19:46.282 I/[wlan][6899]kalSendUevent( 6899): (INIT INFO) Send UEvent = Scan=Status:NORMAL,DBDC:DISABLE,Time:652,Channel:2 3 7 10 40 ,Reason:OK
03-03 21:19:46.282 I/[wlan][6899]SCANLOG( 6899): (SCN INFO) [SCN:600:D2K] Total:7/19  Reddy@2F; SLN STAR PG 7; Realme 5 Pro; Reddy@2F_5G_1; Reddy@3F_5G; Reddy@3F_5G_1; Reddy@3F_5G_2;
03-03 21:19:46.282 I/[wlan][6899]SCANLOG( 6899): (SCN INFO) [SCN:600:D2K] 7: a86e1b8d5f00917ab3a86e1b8d7aa6e188d5a86e1ba18aa6e18a16aa6e19a16
03-03 21:19:46.282 I/[wlan][6899]SCANLOG( 6899): (SCN INFO) [SCN:600:D2K] Call cfg80211_scan_done (aborted=0)
03-03 21:19:46.282 I/[wlan][6899]aisFsmSteps( 6899): (AIS STATE) [AIS0][0] TRANSITION: [LOOKING_FOR] -> [SEARCH]
03-03 21:19:46.282 I/[wlan][6899]apsUpdateEssApList( 6899): (SCN INFO) Find Reddy@2F in 11 BSSes, result 1
03-03 21:19:46.282 I/[wlan][6899]apsSearchBssDescByScore( 6899): (SCN INFO) ConnectionPolicy = 0, reason = 1
03-03 21:19:46.282 I/[wlan][6899]scanCalculateTotalScore( 6899): (SCN INFO) a8:6e:**:**:**:d5 cRSSI[-67] Band[2.4G] Score,Total 2444,DE[100], PR[0], SM[400], RSSI[248],BD[0],BL[400],SAA[100], BW[80], SC[50],ST[100],CI[582],IT[384],CU[0,0],PF[0], TPUT[0], DESENSE[0]
03-03 21:19:46.282 I/[wlan][6899]apsSearchBssDescByScore( 6899): (SCN INFO) Can't roam out, try blocklist
03-03 21:19:46.282 I/[wlan][6899]scanCalculateTotalScore( 6899): (SCN INFO) a8:6e:**:**:**:d5 cRSSI[-67] Band[2.4G] Score,Total 2444,DE[100], PR[0], SM[400], RSSI[248],BD[0],BL[400],SAA[100], BW[80], SC[50],ST[100],CI[582],IT[384],CU[0,0],PF[0], TPUT[0], DESENSE[0]
03-03 21:19:46.282 I/[wlan][6899]scanNeedReplaceCandidate( 6899): (SCN INFO) CandBss in opchnl,add CurBss Score
03-03 21:19:46.282 I/[wlan][6899]scanNeedReplaceCandidate( 6899): (SCN INFO) CurrBss in opchnl,add CandBss Score
03-03 21:19:46.282 I/[wlan][6899]apsSearchBssDescByScore( 6899): (SCN INFO) Selected a8:6e:**:**:**:d5, cRSSI[-67] Band[2.4G] Score 2444 when find Reddy@2F, 00:00:**:**:**:00 in 1 BSSes, fix channel 0.
03-03 21:19:46.282 I/[wlan][6899]apsResetEssApList( 6899): (SCN INFO) BssIndex:0 reset prCurEssLin done
03-03 21:19:46.282 I/[wlan][6899]aisSearchHandleBadBssDesc( 6899): (ROAMING INFO) fgIsConnected=1, prBssDesc a8:6e:**:**:**:d5, ucBssIndex=0
03-03 21:19:46.282 I/[wlan][6899]roamingFsmRunEventNewCandidate( 6899): (ROAMING EVENT) [0] EVENT-NEW CANDIDATE: Current Time = 489858000
03-03 21:19:46.282 I/[wlan][6899]roamingFsmSteps( 6899): (ROAMING STATE) [ROAMING0] TRANSITION: [ROAM] -> [HANDLE_NEW_CANDIDATE]
03-03 21:19:46.282 I/[wlan][6899]roamingFsmSteps( 6899): (ROAMING STATE) [ROAMING0] TRANSITION: [HANDLE_NEW_CANDIDATE] -> [ROAM]
03-03 21:19:46.282 I/[wlan][6899]aisFsmRunEventRoamingRoam( 6899): (AIS INFO) [AIS0][0] curr state=SEARCH not allowed roaming
03-03 21:19:46.282 I/[wlan][6899]roamingFsmRunEventFail( 6899): (ROAMING STATE) [0] EVENT-ROAMING FAIL: reason 1 Current Time = 489858000
03-03 21:19:46.282 I/[wlan][6899]roamingFsmSendCmd( 6899): (ROAMING INFO) [0](ROAM)->Send(FAIL): Current Time = 489858000
03-03 21:19:46.282 I/[wlan][6899]asicConnac2xFillCmdTxdInfo( 6899): (TX INFO) TX CMD: ID[0x30] SEQ[66] SET[1] LEN[88]
03-03 21:19:46.282 I/[wlan][6899]roamingFsmSteps( 6899): (ROAMING STATE) [ROAMING0] TRANSITION: [ROAM] -> [DECISION]
03-03 21:19:46.282 I/[wlan][6899]aisFsmSteps( 6899): (AIS STATE) [AIS0][0] TRANSITION: [SEARCH] -> [NORMAL_TR]
03-03 21:19:47.524 I/netd    (  987): interfaceGetCfg(wlan0) -> {InterfaceConfigurationParcel{ifName: wlan0, hwAddr: 76:b3:e2:17:a4:7f, ipv4Addr: 192.168.4.9, prefixLength: 24, flags: [up, broadcast, running, multicast]}} <0.27ms>
03-03 21:19:46.287 I/[wlan][6899]qmHandleEventBssAbsencePresence( 6899): (QM INFO) NAF:B=0,A=0,F=0,P=108
03-03 21:19:47.551 I/touch_boost( 1166): enable=0, boost_up=0, boost_down=1, render_deboost=0, active_time=100, duration=120, idleprefer(TA,FG)=(0,0), util(TA,FG)=(0,0), freq(c0,c1,c2)=(1800000,900000,0)
03-03 21:19:47.551 I/mtkpower_client( 1166): perf_lock_rel, hdl:396867, tid:1166
03-03 21:19:47.552 I/touch_boost( 1166): set_top_grp_aware
03-03 21:19:47.552 I/mtkpower_client( 1166): perf_lock_acq, hdl:396858, dur:2000, num:4, pid:1166, tid:1166
03-03 21:19:47.552 I/libPowerHal( 1047): [perfLockRel] hdl:396867, idx:2
03-03 21:19:47.552 I/libPowerHal( 1047): [setClusterFreq]  set cpu_ctrl cpufreq: -1 -1 -1 -1 
03-03 21:19:47.553 I/libPowerHal( 1047): [PD] touch_boost update cmd:1404100 param:0
03-03 21:19:47.553 I/libPowerHal( 1047): [PD] touch_boost update cmd:1404300 param:0
03-03 21:19:47.553 I/libPowerHal( 1047): [PD] touch_boost update cmd:1408100 param:0
03-03 21:19:47.553 I/libPowerHal( 1047): [PD] touch_boost update cmd:1408300 param:0
03-03 21:19:47.554 I/mtkpower_client( 1166): ret_hdl:396858
03-03 21:19:47.555 I/libPowerHal( 1047): [perfLockAcq] idx:1 hdl:396858 hint:-1 pid:1166 tid:1166 duration:2000 lock_user:touch_boost => ret_hdl:396858
03-03 21:19:47.555 I/libPowerHal( 1047): [PU] scn:1, update
03-03 21:19:46.315 I/[wlan][6899]qmFlushTimeoutReorderBubble( 6899): (QM INFO) QM:(Bub Timeout) 0:0 Bub(1)[3494]{3494,3749} -> Bub(0)[3494]{3496,3751}
03-03 21:19:47.582 I/libPerfCtl( 1041): xgfGetFPS pid:2067 fps:120
03-03 21:19:47.582 I/libPerfCtl( 1041): xgfGetFPS pid:2332 fps:-1
03-03 21:19:47.582 I/libPerfCtl( 1041): xgfGetFPS pid:14908 fps:-1
03-03 21:19:46.357 I/[wlan][6899]scanCheckEpigramVhtIE( 6899): (RLM WARN) [Epigram] VHT length is invalid(26), skip!
03-03 21:19:46.368 W/[FTS_TS]fts_input_report_b(  581): [B]P0 UP!
03-03 21:19:46.368 W/[FTS_TS]fts_input_report_b(  581): [B]Points All Up!
03-03 21:19:46.423 I/[    C1] [wlan][0]statsParseARPInfo(    0): (TX INFO) ARP REQ SRC MAC/IP[76:b3:**:**:**:7f]/[192.***.***.9], TAR MAC/IP[00:00:**:**:**:00]/[192.***.***.1], SeqNo: 128
03-03 21:19:46.423 I/[wlan][6899]nic_txd_v2_compose( 6899): (TX INFO) TX[ARP] WIDX[6] PID[2]
03-03 21:19:47.678 W/android.hardware.thermal-service.mediatek( 1046): parseMsg: Get from client TYPE=thermal_hal_notify NAME=SKIN
03-03 21:19:47.678 W/android.hardware.thermal-service.mediatek( 1046): parseMsg:name.c_str():SKIN
03-03 21:19:47.678 W/android.hardware.thermal-service.mediatek( 1046): parseMsg:tz notify:SKIN
03-03 21:19:47.678 I/android.hardware.thermal-service.mediatek( 1046): Wait to accept a connection
03-03 21:19:47.679 I/android.hardware.thermal-service.mediatek( 1046): Sending notification:  Type: SKIN Name: SKIN CurrentValue: 38.245 ThrottlingStatus: LIGHT
03-03 21:19:47.680 I/android.hardware.thermal-service.mediatek( 1046): sendThermalChangedCallback
03-03 21:19:46.453 I/[wlan][6899]scanCheckEpigramVhtIE( 6899): (RLM WARN) [Epigram] VHT length is invalid(26), skip!
03-03 21:19:47.713 I/BufferQueueProducer( 1080): [com.example.foxos/com.example.foxos.MainActivity#142838](this:0xb4000075ed9080b8,id:-1,api:0,p:-1,c:1080) queueBuffer: fps=118.55 dur=1003.82 max=16.00 min=7.44
03-03 21:19:46.656 I/instant_current(  901): cic_idx:0
03-03 21:19:46.787 I/[wlan][6899]kalDumpPwrLevel( 6899): (SW4 INFO) Current power level: 0
03-03 21:19:46.809 I/[wlan][6899]statsParseARPInfo( 6899): (RX INFO) <RX> Arp Rsp From IP: 192.***.***.1 SSN:237
03-03 21:19:46.810 I/[wlan][6899]wlanPktTxDone( 6899): (TX INFO) TX DONE, Type[ARP] Tag[0x578a2f00] WIDX:PID[6:1] SN[3868] Status[0], SeqNo: 126
03-03 21:19:48.050 I/netd    (  987): setProcSysNet(4, 2, wlan0, retrans_time_ms, 750) <0.20ms>
03-03 21:19:48.051 I/netd    (  987): setProcSysNet(4, 2, wlan0, ucast_solicit, 10) <0.15ms>
03-03 21:19:48.052 I/netd    (  987): setProcSysNet(6, 2, wlan0, retrans_time_ms, 750) <0.25ms>
03-03 21:19:48.053 I/netd    (  987): setProcSysNet(6, 2, wlan0, ucast_solicit, 10) <0.22ms>
03-03 21:19:48.113 I/touch_boost( 1166): enable=1, boost_up=0, boost_down=1, render_deboost=0, active_time=100, duration=120, idleprefer(TA,FG)=(0,0), util(TA,FG)=(0,0), freq(c0,c1,c2)=(1800000,900000,0)
03-03 21:19:48.114 I/mtkpower_client( 1166): perf_lock_acq, hdl:0, dur:120, num:14, pid:1166, tid:1166
03-03 21:19:46.876 W/[FTS_TS]fts_input_report_b(  581): [B]P0(844, 1242)[p:26,tm:48] DOWN!
03-03 21:19:48.115 I/mtkpower_client( 1166): ret_hdl:396868
03-03 21:19:48.115 I/touch_boost( 1166): set_top_grp_aware
03-03 21:19:48.115 I/mtkpower_client( 1166): perf_lock_acq, hdl:396858, dur:2000, num:4, pid:1166, tid:1166
03-03 21:19:48.115 I/libPowerHal( 1047): [perfLockAcq] idx:2 hdl:396868 hint:-1 pid:1166 tid:1166 duration:120 lock_user:touch_boost => ret_hdl:396868
03-03 21:19:48.115 I/libPowerHal( 1047): [setClusterFreq] touch_boost set cpufreq[0] min:1800000 max:-1 cpufreq[1] min:900000 max:-1 
03-03 21:19:48.115 I/libPowerHal( 1047): [setClusterFreq]  set cpu_ctrl cpufreq: 1800000 -1 900000 -1 
03-03 21:19:48.115 I/libPowerHal( 1047): [PE] touch_boost update cmd:1404100, param:0
03-03 21:19:48.115 I/libPowerHal( 1047): [PE] touch_boost update cmd:1404300, param:0
03-03 21:19:48.115 I/libPowerHal( 1047): [PE] touch_boost update cmd:1408100, param:0
03-03 21:19:48.115 I/libPowerHal( 1047): [PE] touch_boost update cmd:1408300, param:0
03-03 21:19:48.116 I/libPowerHal( 1047): [perfLockAcq] idx:1 hdl:396858 hint:-1 pid:1166 tid:1166 duration:2000 lock_user:touch_boost => ret_hdl:396858
03-03 21:19:48.116 I/mtkpower_client( 1166): ret_hdl:396858
03-03 21:19:48.116 I/libPowerHal( 1047): [PU] scn:1, update
03-03 21:19:48.133 W/JobServiceContext( 1666): Sending onNetworkChanged for a job that isn't started. JobStatus{35fde76 androidx.work.systemjobscheduler:u0a372/571 @androidx.work.systemjobscheduler@com.instagram.android/androidx.work.impl.background.systemjob.SystemJobService u=0 s=10372 TIME=-45s982ms:none NET READY}
03-03 21:19:48.133 W/JobServiceContext( 1666): Sending onNetworkChanged for a job that isn't started. JobStatus{116ec95 androidx.work.systemjobscheduler:u0a372/568 @androidx.work.systemjobscheduler@com.instagram.android/androidx.work.impl.background.systemjob.SystemJobService u=0 s=10372 TIME=-46s126ms:none NET READY}
03-03 21:19:48.139 I/ActivityManager( 1666): Start proc 15239:com.google.android.apps.youtube.music/u0a169 for service {com.google.android.apps.youtube.music/androidx.work.impl.background.systemjob.SystemJobService}
03-03 21:19:48.139 I/START_DEBUG( 1666): send START_TIMEOUT message    ProcessRecord :ProcessRecord{1388c6f 15239:com.google.android.apps.youtube.music/u0a169}
03-03 21:19:48.139 I/ActivityManager( 1666): ProcessObserver broadcast disabled
03-03 21:19:48.154 I/s.youtube.music(15239): Using CollectorTypeCMC GC.
03-03 21:19:48.171 I/adbd    (28396): jdwp connection from 15239
03-03 21:19:48.175 I/START_DEBUG( 1666): send BINDTIMEOUT    ProcessRecord :ProcessRecord{1388c6f 15239:com.google.android.apps.youtube.music/u0a169}
03-03 21:19:48.175 I/START_DEBUG( 1666): remove START_TIMEOUT finish    ProcessRecord :ProcessRecord{1388c6f 15239:com.google.android.apps.youtube.music/u0a169}
03-03 21:19:48.181 I/android.hardware.thermal-service.mediatek( 1046): getTemperaturesWithType TemperatureType: 3
03-03 21:19:48.181 W/android.hardware.thermal-service.mediatek( 1046): i=0 tz_data[i].tz_idx[0]=10
03-03 21:19:48.181 W/android.hardware.thermal-service.mediatek( 1046): i=1 tz_data[i].tz_idx[0]=10
03-03 21:19:48.181 W/android.hardware.thermal-service.mediatek( 1046): i=2 tz_data[i].tz_idx[0]=7
03-03 21:19:48.181 W/android.hardware.thermal-service.mediatek( 1046): i=3 tz_data[i].tz_idx[0]=56
03-03 21:19:48.181 I/android.hardware.thermal-service.mediatek( 1046): fill_temperatures filterType1 name: SKIN type: SKIN throttlingStatus: LIGHT value: 38.245 ret_temps size 0
03-03 21:19:48.181 W/android.hardware.thermal-service.mediatek( 1046): i=4 tz_data[i].tz_idx[0]=0
03-03 21:19:48.181 W/android.hardware.thermal-service.mediatek( 1046): i=5 tz_data[i].tz_idx[0]=51
03-03 21:19:48.181 W/android.hardware.thermal-service.mediatek( 1046): i=6 tz_data[i].tz_idx[0]=-1
03-03 21:19:48.181 W/android.hardware.thermal-service.mediatek( 1046): i=7 tz_data[i].tz_idx[0]=-1
03-03 21:19:48.181 W/android.hardware.thermal-service.mediatek( 1046): i=8 tz_data[i].tz_idx[0]=-1
03-03 21:19:48.181 W/android.hardware.thermal-service.mediatek( 1046): i=9 tz_data[i].tz_idx[0]=10
03-03 21:19:48.181 W/android.hardware.thermal-service.mediatek( 1046): i=10 tz_data[i].tz_idx[0]=10
03-03 21:19:48.181 W/android.hardware.thermal-service.mediatek( 1046): i=11 tz_data[i].tz_idx[0]=-1
03-03 21:19:48.181 W/android.hardware.thermal-service.mediatek( 1046): i=12 tz_data[i].tz_idx[0]=-1
03-03 21:19:48.181 W/android.hardware.thermal-service.mediatek( 1046): i=13 tz_data[i].tz_idx[0]=10
03-03 21:19:48.189 I/netd    (  987): tetherGetStats() -> {[TetherStatsParcel{iface: ccmni1, rxBytes: 3509550, rxPackets: 43041, txBytes: 3464010, txPackets: 46238, ifIndex: 0}, TetherStatsParcel{iface: ccmni2, rxBytes: 4035077, rxPackets: 51937, txBytes: 7654680, txPackets: 64146, ifIndex: 0}, TetherStatsParcel{iface: ccmni3, rxBytes: 3051754, rxPackets: 38176, txBytes: 3102428, txPackets: 41528, ifIndex: 0}, TetherStatsParcel{iface: v4-ccmni1, rxBytes: 368437434, rxPackets: 319516, txBytes: 98443403, txPackets: 140718, ifIndex: 0}, TetherStatsParcel{iface: v4-ccmni2, rxBytes: 177232448, rxPackets: 228673, txBytes: 311312455, txPackets: 310211, ifIndex: 0}, TetherStatsParcel{iface: v4-ccmni3, rxBytes: 4326832642, rxPackets: 1328562, txBytes: 509179019, txPackets: 977900, ifIndex: 0}, TetherStatsParcel{iface: wlan0, rxBytes: 1782021127, rxPackets: 1894403, txBytes: 2587817868, txPackets: 2362967, ifIndex: 0}]} <5.04ms>
03-03 21:19:48.185 W/dataInfoSend( 2594): type=1400 audit(0.0:837671620): avc:  denied  { bpf } for  capability=39  scontext=u:r:bpfloader:s0 tcontext=u:r:bpfloader:s0 tclass=capability2 permissive=0
03-03 21:19:48.185 W/dataInfoSend( 2594): type=1400 audit(0.0:837671621): avc:  denied  { bpf } for  capability=39  scontext=u:r:bpfloader:s0 tcontext=u:r:bpfloader:s0 tclass=capability2 permissive=0
03-03 21:19:48.185 W/dataInfoSend( 2594): type=1400 audit(0.0:837671622): avc:  denied  { bpf } for  capability=39  scontext=u:r:bpfloader:s0 tcontext=u:r:bpfloader:s0 tclass=capability2 permissive=0
03-03 21:19:48.185 W/dataInfoSend( 2594): type=1400 audit(0.0:837671623): avc:  denied  { bpf } for  capability=39  scontext=u:r:bpfloader:s0 tcontext=u:r:bpfloader:s0 tclass=capability2 permissive=0
03-03 21:19:48.185 W/dataInfoSend( 2594): type=1400 audit(0.0:837671624): avc:  denied  { bpf } for  capability=39  scontext=u:r:bpfloader:s0 tcontext=u:r:bpfloader:s0 tclass=capability2 permissive=0
03-03 21:19:48.189 I/BufferQueueProducer( 1080): [NotificationShade#142850](this:0xb4000075ed887e68,id:-1,api:0,p:-1,c:1080) queueBuffer: fps=72.76 dur=1003.27 max=393.02 min=7.97
03-03 21:19:46.952 W/audit   (17507): audit_lost=836144100 audit_rate_limit=5 audit_backlog_limit=64
03-03 21:19:46.952 E/audit   (17507): rate limit exceeded
03-03 21:19:46.978 W/[FTS_TS]fts_input_report_b(  581): [B]P0 UP!
03-03 21:19:46.978 W/[FTS_TS]fts_input_report_b(  581): [B]Points All Up!
03-03 21:19:48.233 I/touch_boost( 1166): enable=0, boost_up=0, boost_down=1, render_deboost=0, active_time=100, duration=120, idleprefer(TA,FG)=(0,0), util(TA,FG)=(0,0), freq(c0,c1,c2)=(1800000,900000,0)
03-03 21:19:48.233 I/mtkpower_client( 1166): perf_lock_rel, hdl:396868, tid:1166
03-03 21:19:48.233 I/touch_boost( 1166): set_top_grp_aware
03-03 21:19:48.233 I/mtkpower_client( 1166): perf_lock_acq, hdl:396858, dur:2000, num:4, pid:1166, tid:1166
03-03 21:19:48.234 I/libPowerHal( 1047): [perfLockRel] hdl:396868, idx:2
03-03 21:19:48.234 I/libPowerHal( 1047): [setClusterFreq]  set cpu_ctrl cpufreq: -1 -1 -1 -1 
03-03 21:19:48.234 I/libPowerHal( 1047): [PD] touch_boost update cmd:1404100 param:0
03-03 21:19:48.234 I/libPowerHal( 1047): [PD] touch_boost update cmd:1404300 param:0
03-03 21:19:48.234 I/libPowerHal( 1047): [PD] touch_boost update cmd:1408100 param:0
03-03 21:19:48.234 I/libPowerHal( 1047): [PD] touch_boost update cmd:1408300 param:0
03-03 21:19:48.235 I/mtkpower_client( 1166): ret_hdl:396858
03-03 21:19:48.235 I/libPowerHal( 1047): [perfLockAcq] idx:1 hdl:396858 hint:-1 pid:1166 tid:1166 duration:2000 lock_user:touch_boost => ret_hdl:396858
03-03 21:19:48.235 I/libPowerHal( 1047): [PU] scn:1, update
03-03 21:19:48.235 E/msys    (11067): E[N mns]_CacheRefreshTimerCallback(454)=>Start active cache refresh DNS resolution
