03-03 21:19:48.235 E/msys    (11067): E[N mns]_CacheRefreshTimerCallback(454)=>Start active cache refresh DNS resolution
03-03 21:19:48.236 E/msys    (11067): E[N mns]_CacheRefreshTimerCallback(454)=>Start active cache refresh DNS resolution
03-03 21:19:48.236 I/resolv  (  987): GetAddrInfoHandler::run: {482 262626 482 983522 10372 0}
03-03 21:19:48.237 I/resolv  (  987): GetAddrInfoHandler::run: {482 262626 482 983522 10372 0}
03-03 21:19:48.238 I/resolv  (  987): GetAddrInfoHandler::run: {482 262626 482 983522 10372 0}
03-03 21:19:48.238 I/resolv  (  987): res_nmkquery: (QUERY, IN, A)
03-03 21:19:48.239 I/resolv  (  987): res_nmkquery: (QUERY, IN, A)
03-03 21:19:47.001 I/[wlan][15256]statsParseUDPInfo(15256): (TX INFO) <TX> DNS: IPID[0xd7ca] TransID[0x303a] SeqNo[129]
03-03 21:19:47.002 I/[wlan][6899]nic_txd_v2_compose( 6899): (TX INFO) TX[DNS] WIDX[6] PID[3]
03-03 21:19:47.002 I/[wlan][15257]statsParseUDPInfo(15257): (TX INFO) <TX> DNS: IPID[0x24ef] TransID[0x6e01] SeqNo[130]
03-03 21:19:48.242 I/resolv  (  987): res_nmkquery: (QUERY, IN, A)
03-03 21:19:47.005 I/[wlan][15258]statsParseUDPInfo(15258): (TX INFO) <TX> DNS: IPID[0x7e94] TransID[0x2efb] SeqNo[131]
03-03 21:19:48.236 E/msys    (11067): E[N mns]_CacheRefreshTimerCallback(454)=>Start active cache refresh DNS resolution
03-03 21:19:48.250 E/msys    (11067): E[N mns]_CacheRefreshTimerCallback(454)=>Start active cache refresh DNS resolution
03-03 21:19:48.250 E/msys    (11067): E[N mns]_CacheRefreshTimerCallback(454)=>Start active cache refresh DNS resolution
03-03 21:19:48.251 I/resolv  (  987): GetAddrInfoHandler::run: {482 262626 482 983522 10372 0}
03-03 21:19:48.252 I/resolv  (  987): res_nmkquery: (QUERY, IN, A)
03-03 21:19:47.015 I/[wlan][15260]statsParseUDPInfo(15260): (TX INFO) <TX> DNS: IPID[0x6b8] TransID[0x6a77] SeqNo[132]
03-03 21:19:48.253 I/NtAudioManager(11067): getStreamVolume streamType :3, pkg :com.instagram.android, index :8
03-03 21:19:48.253 I/NtAudioManager(11067): pkg :com.instagram.android, getStreamVolume streamType: 3 too fast, return last index :8
03-03 21:19:48.257 I/NtAudioManager(11067): pkg :com.instagram.android, getStreamVolume streamType: 3 too fast, return last index :8
03-03 21:19:48.257 I/NtAudioManager(11067): pkg :com.instagram.android, getStreamVolume streamType: 3 too fast, return last index :8
03-03 21:19:48.260 I/NtAudioManager(11067): pkg :com.instagram.android, getStreamVolume streamType: 3 too fast, return last index :8
03-03 21:19:47.019 I/[wlan][6899]statsParseARPInfo( 6899): (RX INFO) <RX> Arp Rsp From IP: 192.***.***.1 SSN:238
03-03 21:19:48.262 I/NtAudioManager(11067): pkg :com.instagram.android, getStreamVolume streamType: 3 too fast, return last index :8
03-03 21:19:48.265 I/NtAudioManager(11067): pkg :com.instagram.android, getStreamVolume streamType: 3 too fast, return last index :8
03-03 21:19:48.266 I/NtAudioManager(11067): pkg :com.instagram.android, getStreamVolume streamType: 3 too fast, return last index :8
03-03 21:19:48.266 I/NtAudioManager(11067): pkg :com.instagram.android, getStreamVolume streamType: 3 too fast, return last index :8
03-03 21:19:48.267 I/NtAudioManager(11067): pkg :com.instagram.android, getStreamVolume streamType: 3 too fast, return last index :8
03-03 21:19:48.267 E/msys    (11067): E[N MQTT]onConnectError(562)=>Connect Error: folly::AsyncSocketException: AsyncSocketException: connect timed out after 199994ms, type = Timed out
03-03 21:19:48.267 I/NtAudioManager(11067): pkg :com.instagram.android, getStreamVolume streamType: 3 too fast, return last index :8
03-03 21:19:48.275 I/hwcomposer( 1022): [HWCDisplay] [Display_0 (type:1, mode:2)] fps:118.574509,dur:1003.59,max:17.18,min:6.22  
03-03 21:19:47.035 I/[wlan][6899]statsParseARPInfo( 6899): (RX INFO) <RX> Arp Rsp From IP: 192.***.***.1 SSN:239
03-03 21:19:47.035 I/[wlan][6899]wlanPktTxDone( 6899): (TX INFO) TX DONE, Type[ARP] Tag[0x51e6f400] WIDX:PID[6:2] SN[3884] Status[0], SeqNo: 128
03-03 21:19:48.278 E/msys    (11067): E[N mns]_OnDiskCacheGetData(632)=>Start post callback cache refresh DNS resolution
03-03 21:19:48.286 I/NtAudioManager(11067): pkg :com.instagram.android, getStreamVolume streamType: 3 too fast, return last index :8
03-03 21:19:48.311 I/NtAudioManager(11067): getStreamVolume streamType :3, pkg :com.instagram.android, index :8
03-03 21:19:48.312 I/NtAudioManager(11067): pkg :com.instagram.android, getStreamVolume streamType: 3 too fast, return last index :8
03-03 21:19:48.313 I/NtAudioManager(11067): pkg :com.instagram.android, getStreamVolume streamType: 3 too fast, return last index :8
03-03 21:19:48.313 I/NtAudioManager(11067): pkg :com.instagram.android, getStreamVolume streamType: 3 too fast, return last index :8
03-03 21:19:48.314 I/NtAudioManager(11067): pkg :com.instagram.android, getStreamVolume streamType: 3 too fast, return last index :8
03-03 21:19:48.314 I/NtAudioManager(11067): pkg :com.instagram.android, getStreamVolume streamType: 3 too fast, return last index :8
03-03 21:19:48.334 W/RealtimeClientManager(11067): Channel state: MqttChannelState{mConnectionState=DISCONNECTED, mDisconnectionReason=null, mLastConnectionMs=904882563, mLastDisconnectMs=905336567}
03-03 21:19:48.334 E/msys    (11067): E[S MSync]_ModularSyncHandleNetworkResponse(1718)=>DB[223] - Encountered a network error (2002: TransientError domain: MNSQUICConnection code: 1 detail: Local error: 0x40000015: 35 seconds timeout)
03-03 21:19:48.335 E/msys    (11067): E[S MSync]_ModularSyncHandleNetworkErrorResponse(1430)=>DB[223] - handle network error response
03-03 21:19:48.339 E/MQTTBypassDGWStreamGroupCallbacks.cpp(11067): onStreamGroupError TransientError domain: MNSQUICConnection code: 1 detail: Local error: 0x40000015: 35 seconds timeout
03-03 21:19:48.340 E/msys    (11067): E[N mns]_OnDiskCacheGetData(632)=>Start post callback cache refresh DNS resolution
03-03 21:19:47.099 I/        (30446): [name:spm&][SPM] mcusys was not off
03-03 21:19:47.099 I/        (30446): [name:spm&] Pending Wakeup Sources: WLAN Timer WLAN timeout disp_crtc0_wakelock
03-03 21:19:48.341 I/resolv  (  987): GetAddrInfoHandler::run: {482 262626 482 983522 10372 0}
03-03 21:19:48.342 I/resolv  (  987): res_nmkquery: (QUERY, IN, A)
03-03 21:19:47.105 I/[wlan][15264]statsParseUDPInfo(15264): (TX INFO) <TX> DNS: IPID[0xe73b] TransID[0xcd93] SeqNo[133]
03-03 21:19:48.345 W/ActivityManager( 1666): Background start not allowed: service Intent { act=Orca.START xflg=0x4 cmp=com.instagram.android/com.facebook.rti.pushv2.inapp.InappFbnsService (has extras) } to com.instagram.android/com.facebook.rti.pushv2.inapp.InappFbnsService from pid=11067 uid=10372 pkg=com.instagram.android startFg?=false
03-03 21:19:48.346 W/RtiGracefulSystemMethodHelper(11067): [AI] Failed to start service due to IllegalStateException on Android O
03-03 21:19:48.346 W/RtiGracefulSystemMethodHelper(11067): android.app.BackgroundServiceStartNotAllowedException: Not allowed to start service Intent { act=Orca.START xflg=0x4 cmp=com.instagram.android/com.facebook.rti.pushv2.inapp.InappFbnsService (has extras) }: app is in background uid UidRecord{fd7dfd u0a372 TRNB bg:+7m36s675ms idle change:uncachedprocstateprocadj procs:0 seq(4924437,4924437)} caps=-------T
03-03 21:19:48.346 W/RtiGracefulSystemMethodHelper(11067): 	at android.app.ContextImpl.startServiceCommon(ContextImpl.java:2048)
03-03 21:19:48.346 W/RtiGracefulSystemMethodHelper(11067): 	at android.app.ContextImpl.startService(ContextImpl.java:2003)
03-03 21:19:48.346 W/RtiGracefulSystemMethodHelper(11067): 	at android.content.ContextWrapper.startService(ContextWrapper.java:855)
03-03 21:19:48.346 W/RtiGracefulSystemMethodHelper(11067): 	at X.2nW.A01(Unknown Source:30)
03-03 21:19:48.346 W/RtiGracefulSystemMethodHelper(11067): 	at X.6JD.A01(Unknown Source:12)
03-03 21:19:48.346 W/RtiGracefulSystemMethodHelper(11067): 	at X.2nS.A00(Unknown Source:85)
03-03 21:19:48.346 W/RtiGracefulSystemMethodHelper(11067): 	at X.2nG.DPZ(Unknown Source:283)
03-03 21:19:48.346 W/RtiGracefulSystemMethodHelper(11067): 	at com.instagram.push.FbnsInitBroadcastReceiver.onReceive(Unknown Source:313)
03-03 21:19:48.346 W/RtiGracefulSystemMethodHelper(11067): 	at android.app.LoadedApk$ReceiverDispatcher$Args.lambda$getRunnable$0(LoadedApk.java:1883)
03-03 21:19:48.346 W/RtiGracefulSystemMethodHelper(11067): 	at android.app.LoadedApk$ReceiverDispatcher$Args.$r8$lambda$mcNAAl1SQ4MyJPyDg8TJ2x2h0Rk(Unknown Source:0)
03-03 21:19:48.346 W/RtiGracefulSystemMethodHelper(11067): 	at android.app.LoadedApk$ReceiverDispatcher$Args$$ExternalSyntheticLambda0.run(D8$$SyntheticClass:0)
03-03 21:19:48.346 W/RtiGracefulSystemMethodHelper(11067): 	at android.os.Handler.handleCallback(Handler.java:995)
03-03 21:19:48.346 W/RtiGracefulSystemMethodHelper(11067): 	at android.os.Handler.dispatchMessage(Handler.java:103)
03-03 21:19:48.346 W/RtiGracefulSystemMethodHelper(11067): 	at android.os.Looper.loopOnce(Looper.java:283)
03-03 21:19:48.346 W/RtiGracefulSystemMethodHelper(11067): 	at android.os.Looper.loop(Looper.java:392)
03-03 21:19:48.346 W/RtiGracefulSystemMethodHelper(11067): 	at android.app.ActivityThread.main(ActivityThread.java:9231)
03-03 21:19:48.346 W/RtiGracefulSystemMethodHelper(11067): 	at java.lang.reflect.Method.invoke(Native Method)
03-03 21:19:48.346 W/RtiGracefulSystemMethodHelper(11067): 	at com.android.internal.os.RuntimeInit$MethodAndArgsCaller.run(RuntimeInit.java:633)
03-03 21:19:48.346 W/RtiGracefulSystemMethodHelper(11067): 	at com.android.internal.os.ZygoteInit.main(ZygoteInit.java:1026)
03-03 21:19:48.346 W/MQTTBypassDGWStreamGroupConnection.cpp(11067): Restarting due to reason: StreamError
03-03 21:19:48.350 W/IrisSyncManager(11067): Iris unsubscribed
03-03 21:19:48.351 E/SlowAppComponent(11067): 0ms: SystemJobService instantiating…
03-03 21:19:48.352 E/SlowAppComponent(11067): Main thread was blocked for 57ms in the background starting with SystemJobService
03-03 21:19:48.353 W/RealtimeClientManager(11067): Channel state: MqttChannelState{mConnectionState=CONNECTING, mDisconnectionReason=null, mLastConnectionMs=904882563, mLastDisconnectMs=905336567}
03-03 21:19:48.365 I/NtAudioManager(11067): getStreamVolume streamType :3, pkg :com.instagram.android, index :8
03-03 21:19:48.365 I/NtAudioManager(11067): pkg :com.instagram.android, getStreamVolume streamType: 3 too fast, return last index :8
03-03 21:19:48.365 I/NtAudioManager(11067): pkg :com.instagram.android, getStreamVolume streamType: 3 too fast, return last index :8
03-03 21:19:48.366 I/NtAudioManager(11067): pkg :com.instagram.android, getStreamVolume streamType: 3 too fast, return last index :8
03-03 21:19:48.367 I/NtAudioManager(11067): pkg :com.instagram.android, getStreamVolume streamType: 3 too fast, return last index :8
03-03 21:19:48.370 I/NtAudioManager(11067): pkg :com.instagram.android, getStreamVolume streamType: 3 too fast, return last index :8
03-03 21:19:48.370 I/NtAudioManager(11067): pkg :com.instagram.android, getStreamVolume streamType: 3 too fast, return last index :8
03-03 21:19:48.370 I/NtAudioManager(11067): pkg :com.instagram.android, getStreamVolume streamType: 3 too fast, return last index :8
03-03 21:19:48.372 I/NtAudioManager(11067): pkg :com.instagram.android, getStreamVolume streamType: 3 too fast, return last index :8
03-03 21:19:48.372 I/NetworkScheduler.Stats(18610): (REDACTED) Task %s/%s started execution. cause:%s exec_start_elapsed_seconds: %s
03-03 21:19:48.374 I/NtAudioManager(11067): pkg :com.instagram.android, getStreamVolume streamType: 3 too fast, return last index :8
03-03 21:19:48.376 I/NtAudioManager(11067): pkg :com.instagram.android, getStreamVolume streamType: 3 too fast, return last index :8
03-03 21:19:48.377 I/NtAudioManager(11067): pkg :com.instagram.android, getStreamVolume streamType: 3 too fast, return last index :8
03-03 21:19:48.377 I/NtAudioManager(11067): pkg :com.instagram.android, getStreamVolume streamType: 3 too fast, return last index :8
03-03 21:19:48.378 I/NtAudioManager(11067): pkg :com.instagram.android, getStreamVolume streamType: 3 too fast, return last index :8
03-03 21:19:48.378 I/NtAudioManager(11067): pkg :com.instagram.android, getStreamVolume streamType: 3 too fast, return last index :8
03-03 21:19:48.378 I/NtAudioManager(11067): pkg :com.instagram.android, getStreamVolume streamType: 3 too fast, return last index :8
03-03 21:19:48.386 I/resolv  (  987): GetAddrInfoHandler::run: {482 262626 482 983522 10372 0}
03-03 21:19:48.388 I/resolv  (  987): res_nmkquery: (QUERY, IN, A)
03-03 21:19:47.150 I/[wlan][15270]statsParseUDPInfo(15270): (TX INFO) <TX> DNS: IPID[0xa826] TransID[0x1d97] SeqNo[134]
03-03 21:19:48.389 I/NetworkScheduler.Stats(18610): (REDACTED) Task %s/%s finished executing. cause:%s result: %s elapsed_millis: %s uptime_millis: %s exec_start_elapsed_seconds: %s
03-03 21:19:48.405 W/s.youtube.music(15239): Failed to find entry 'classes.dex': Entry not found
03-03 21:19:48.408 W/s.youtube.music(15239): Failed to find entry 'classes.dex': Entry not found
03-03 21:19:47.197 I/instant_current(  901): cic_idx:0
03-03 21:19:47.208 I/[wlan][6899]kalPerMonUpdate( 6899): (SW4 INFO) <1008ms> Tput: 184896(0.180mbps) [21373:34:1924:23][0:0:0:0][0:0:0:0][0:0:0:0] Pending:2/4096 [0:2:0:0][0:0:0:0][0:0:0:0][0:0:0:0] LQ[505363:493999:33242] idle:0 lv:0 th:5 fg:0x9 TxCpu[40424,42897,175027,38966,19601,20598,18054,20435] RxCpu[0,0,0,0,0,0,0,0] TxDp[ST:BS:FO:QM:DP]:0:0:0:0:1506 Tx[SQ:TI:TM:TDD:TDM:TIC:TFP]:0:376002:376002:0:0:8526:375999 MgmtSub[2:0:1:0:0:0:0:0:0:0:0:3:3:10:0:0]
03-03 21:19:47.208 I/[wlan][6900]halDumpMsduReportStats( 6900): (HAL INFO) TX_Delay D:[1:5:10:20]=[34:0:0:0:0#0] C:[10:20:50:80]=[0:0:0:0:24#1025] M:[5:10:20:50]=[0:0:1:1:22#429] A:[5:10:20:50]=[0:0:0:0:0#0] F:[10:20:50:80]=[0:0:0:0:0#0] Txfail:0
03-03 21:19:47.208 I/[wlan][6899]kalPerMonUpdate( 6899): (SW4 INFO) ndevdrp:[0:0:0:0][0:0:0:4] NAPI[974979,0,0,0,0,0,0,0,0,0,0] RxReorder[209:0:0:0] RxPending[0:0:0:0] RfbTrack[0:60:10:0:0:0:0:0:0:0:0:0:0:0:0:0:0:0:0] drv[RM,IL,RI,PA,PF,DU,DA,RT,RM,RW,RA,RB,DT,NS,IB,HS,LS,DD,ME,BD,NI,DR,TE,PE,CE,DN,FE,DE,IE,TME,CM,FB,ID,FD,NL]:1683490,0,1418398,1418398,0,0,0,1602276,4294971025,1370380,32187,1295,200211,0,0,7,0,7025,0,1945,0,191194,0,0,40,200171,0,0,0,0,42,0,0,0,0
03-03 21:19:47.208 I/[wlan][6900]halDumpHifStats( 6900): (HAL INFO) I[0 / 974979 1 0 1 0x0 0x0 0] T[34255 34255 34255 / 376001 376001 375368 375813] R[1618609 / 208777] T_Q:T_R[0:258 0:0 0:0 0:0 0:1 0:0 0:0 0:0]  R_R:R_N[0:0 0:0 0:0 0:0] Msdu:F[8189/8192]P[1]D[0] Tok[29/4096] Rfb[4150/0/0/209/0/0/0/0/4150] txreg[265296] rxreg[1255498]
03-03 21:19:48.454 I/DefaultProcessValidator(19302): Validating WorkManager process
03-03 21:19:48.455 W/BluetoothMetricsLogger( 2804): MetricsLogger isn't initialized
03-03 21:19:48.456 W/BluetoothMetricsLogger( 2804): MetricsLogger isn't initialized
03-03 21:19:48.466 I/s.youtube.music(15239): AssetManager2(0xb40000721195fa18) locale list changing from [] to [en-GB]
03-03 21:19:48.467 I/DefaultProcessValidator(19302): Processes: NONE, true, com.google.android.apps.messaging, com.google.android.apps.messaging
03-03 21:19:47.227 I/[wlan][6899]asicConnac2xFillCmdTxdInfo( 6899): (TX INFO) TX CMD: ID[0x7E] SEQ[67] SET[1] LEN[376]
03-03 21:19:47.227 I/[wlan][6899]asicConnac2xFillCmdTxdInfo( 6899): (TX INFO) TX CMD: ID[0x85] SEQ[68] SET[0] LEN[92]
03-03 21:19:47.227 I/[wlan][6899]asicConnac2xFillCmdTxdInfo( 6899): (TX INFO) TX CMD: ID[0x82] SEQ[69] SET[0] LEN[76]
03-03 21:19:47.227 I/[wlan][6899]wlanLinkQualityMonitor( 6899): (SW4 INFO) Link Quality: Tx(rate:10, total:505363, retry:62108, fail:40786, RTS fail:0, ACK fail:40786), Rx(rate:344, total:493999, dup:7025, error:415927), PER(0), Congestion(idle slot:491801933, diff:39561, AwakeDur:9003905)
03-03 21:19:47.227 I/[wlan][6900]wlanTxCmdDoneCb( 6900): (TX INFO) Add command: 0000000058b61cb3, 0000000078da7d5e, cmd=0x85, seq=68
03-03 21:19:47.227 I/[wlan][6900]wlanTxCmdDoneCb( 6900): (TX INFO) Add command: 000000001a58f5cc, 00000000ae7907ff, cmd=0x82, seq=69
03-03 21:19:47.227 I/[wlan][6900]soc7_0_DumpWfsyscpupcr( 6900): (HAL INFO) wm pc=490157.706841/0xf0442892;490157.706843/0xf044116a;490157.706844/0xf0390e9c;490157.706846/0xf0390ed8;490157.706847/0xf0390468;
03-03 21:19:47.227 I/[wlan][6900]soc7_0_DumpWfsyscpupcr( 6900): (HAL INFO) wm lp=490157.706841/0xf04410ca;490157.706843/0xf044116e;490157.706844/0xf044101c;490157.706846/0xf0390edc;490157.706847/0xf0390edc;
03-03 21:19:47.228 I/[wlan][6899]nicRxProcessEventPacket( 6899): (RX INFO) Not static config event: id=0x21, seq=68
03-03 21:19:47.228 I/[wlan][6899]nicGetPendingCmdInfo( 6899): (TX INFO) Get command: 0000000058b61cb3, 0000000078da7d5e, cmd=0x85, seq=68
03-03 21:19:48.471 E/msys    (11067): E[N mns]_OnDiskCacheGetData(632)=>Start post callback cache refresh DNS resolution
03-03 21:19:48.479 E/msys    (11067): E[N mns]_OnDiskCacheGetData(632)=>Start post callback cache refresh DNS resolution
03-03 21:19:48.493 W/fb4a.InitStatus(11330): Not blocking Provider (2473709)
03-03 21:19:48.535 E/msys    (11067): E[N mns]_OnDiskCacheGetData(632)=>Start post callback cache refresh DNS resolution
03-03 21:19:48.536 I/resolv  (  987): GetAddrInfoHandler::run: {482 262626 482 983522 10372 0}
03-03 21:19:48.536 I/resolv  (  987): res_nmkquery: (QUERY, IN, A)
03-03 21:19:47.228 I/[wlan][6899]nicGetPendingCmdInfo( 6899): (TX INFO) Get command: 000000001a58f5cc, 00000000ae7907ff, cmd=0x82, seq=69
03-03 21:19:47.299 I/[wlan][11247]statsParseUDPInfo(11247): (TX INFO) <TX> DNS: IPID[0xc562] TransID[0x510d] SeqNo[135]
03-03 21:19:48.546 W/ConsentManagerApiServic( 7943): Consent Manager API is not enabled. [CONTEXT service_id=460 ]
03-03 21:19:48.549 I/GmsCoreXrpcWrapper(18610): (REDACTED) Creating a custom channel provider with trafficStatsTag=%d trafficStatsUid=%d
03-03 21:19:48.572 I/NtAudioManager(11330): getStreamVolume streamType :1, pkg :com.facebook.katana, index :16
03-03 21:19:48.579 I/touch_boost( 1166): enable=1, boost_up=0, boost_down=1, render_deboost=0, active_time=100, duration=120, idleprefer(TA,FG)=(0,0), util(TA,FG)=(0,0), freq(c0,c1,c2)=(1800000,900000,0)
03-03 21:19:48.579 I/mtkpower_client( 1166): perf_lock_acq, hdl:0, dur:120, num:14, pid:1166, tid:1166
03-03 21:19:48.580 I/libPowerHal( 1047): [perfLockAcq] idx:2 hdl:396869 hint:-1 pid:1166 tid:1166 duration:120 lock_user:touch_boost => ret_hdl:396869
03-03 21:19:48.580 I/libPowerHal( 1047): [setClusterFreq] touch_boost set cpufreq[0] min:1800000 max:-1 cpufreq[1] min:900000 max:-1 
03-03 21:19:48.580 I/libPowerHal( 1047): [setClusterFreq]  set cpu_ctrl cpufreq: 1800000 -1 900000 -1 
03-03 21:19:48.580 I/libPowerHal( 1047): [PE] touch_boost update cmd:1404100, param:0
03-03 21:19:48.580 I/libPowerHal( 1047): [PE] touch_boost update cmd:1404300, param:0
03-03 21:19:48.580 I/libPowerHal( 1047): [PE] touch_boost update cmd:1408100, param:0
03-03 21:19:48.580 I/libPowerHal( 1047): [PE] touch_boost update cmd:1408300, param:0
03-03 21:19:47.341 W/[FTS_TS]fts_input_report_b(  581): [B]P0(841, 1121)[p:29,tm:32] DOWN!
03-03 21:19:48.580 I/mtkpower_client( 1166): ret_hdl:396869
03-03 21:19:48.580 I/touch_boost( 1166): set_top_grp_aware
03-03 21:19:48.580 I/mtkpower_client( 1166): perf_lock_acq, hdl:396858, dur:2000, num:4, pid:1166, tid:1166
03-03 21:19:48.580 I/mtkpower_client( 1166): ret_hdl:396858
03-03 21:19:48.581 I/libPowerHal( 1047): [perfLockAcq] idx:1 hdl:396858 hint:-1 pid:1166 tid:1166 duration:2000 lock_user:touch_boost => ret_hdl:396858
03-03 21:19:48.581 I/libPowerHal( 1047): [PU] scn:1, update
03-03 21:19:48.581 I/libPerfCtl( 1041): xgfGetFPS pid:2067 fps:120
03-03 21:19:48.581 I/libPerfCtl( 1041): xgfGetFPS pid:2332 fps:-1
03-03 21:19:48.581 I/libPerfCtl( 1041): xgfGetFPS pid:14908 fps:-1
03-03 21:19:48.583 W/fb4a.InitStatus(11330): Not blocking Service (143438114)
03-03 21:19:48.584 W/fb4a.InitStatus(11330): Not blocking Service (143438114)
03-03 21:19:48.585 W/fb4a.InitStatus(11330): Not blocking Service (143438114)
03-03 21:19:48.586 W/fb4a.InitStatus(11330): Not blocking Service (143438114)
03-03 21:19:48.609 W/fb4a.InitStatus(11330): Not blocking Provider (2473709)
03-03 21:19:48.609 I/lowmemorykiller(  502): nr_free_pages: 27486 nr_inactive_file: 105749 nr_active_file: 229490 workingset_refault: 1494235230 pgscan_kswapd: 2507582207 pgscan_direct: 61341145 pgscan_direct_throttle: 1167 init_pgscan_direct: 61230352 init_pgscan_kswapd: 2507170408 base_file_lru: 385829 init_ws_refault: 1493928247 free_swap: 875285 total_swap: 1572863 swap_free_percentage: 55%
03-03 21:19:48.609 I/lowmemorykiller(  502): compact_stall: 16315, init_compact_stall: 16312
03-03 21:19:48.621 I/lowmemorykiller(  502): nr_free_pages: 27599 nr_inactive_file: 105806 nr_active_file: 231086 workingset_refault: 1494236826 pgscan_kswapd: 2507583103 pgscan_direct: 61341145 pgscan_direct_throttle: 1167 init_pgscan_direct: 61230352 init_pgscan_kswapd: 2507582207 base_file_lru: 335239 init_ws_refault: 1494235230 free_swap: 875249 total_swap: 1572863 swap_free_percentage: 55%
03-03 21:19:48.634 I/lowmemorykiller(  502): nr_free_pages: 26213 nr_inactive_file: 105806 nr_active_file: 232454 workingset_refault: 1494238308 pgscan_kswapd: 2507584063 pgscan_direct: 61341145 pgscan_direct_throttle: 1167 init_pgscan_direct: 61230352 init_pgscan_kswapd: 2507583103 base_file_lru: 335239 init_ws_refault: 1494235230 free_swap: 874548 total_swap: 1572863 swap_free_percentage: 55%
03-03 21:19:48.637 I/resolv  (  987): GetAddrInfoHandler::run: {482 262626 482 983522 10034 0}
03-03 21:19:48.642 I/resolv  (  987): res_nmkquery: (QUERY, IN, A)
03-03 21:19:47.405 I/[wlan][15287]statsParseUDPInfo(15287): (TX INFO) <TX> DNS: IPID[0x7064] TransID[0x96b0] SeqNo[136]
03-03 21:19:48.645 I/lowmemorykiller(  502): nr_free_pages: 25079 nr_inactive_file: 105806 nr_active_file: 233879 workingset_refault: 1494239676 pgscan_kswapd: 2507585215 pgscan_direct: 61341145 pgscan_direct_throttle: 1167 init_pgscan_direct: 61230352 init_pgscan_kswapd: 2507584063 base_file_lru: 335239 init_ws_refault: 1494235230 free_swap: 874016 total_swap: 1572863 swap_free_percentage: 55%
03-03 21:19:48.657 I/lowmemorykiller(  502): nr_free_pages: 23315 nr_inactive_file: 105806 nr_active_file: 236216 workingset_refault: 1494242013 pgscan_kswapd: 2507586303 pgscan_direct: 61341145 pgscan_direct_throttle: 1167 init_pgscan_direct: 61230352 init_pgscan_kswapd: 2507585215 base_file_lru: 335239 init_ws_refault: 1494235230 free_swap: 873078 total_swap: 1572863 swap_free_percentage: 55%
03-03 21:19:48.660 I/AS.AudioService( 1666): getMode, get current owner's mode
03-03 21:19:48.660 I/AS.AudioService( 1666): getMode, currentModeHandler is null
03-03 21:19:48.661 W/ActivityManager( 1666): Background start not allowed: service Intent { xflg=0x4 cmp=com.facebook.katana/com.facebook.mqtt.service.MqttServiceV2 (has extras) } to com.facebook.katana/com.facebook.mqtt.service.MqttServiceV2 from pid=11330 uid=10034 pkg=com.facebook.katana startFg?=false
03-03 21:19:48.662 W/fb4a.RtiGracefulSystemMethodHelper(11330): [AI] Failed to start service due to IllegalStateException on Android O
03-03 21:19:48.662 W/fb4a.RtiGracefulSystemMethodHelper(11330): android.app.BackgroundServiceStartNotAllowedException: Not allowed to start service Intent { xflg=0x4 cmp=com.facebook.katana/com.facebook.mqtt.service.MqttServiceV2 (has extras) }: app is in background uid UidRecord{f10c4a4 u0a34 TRNB bg:+3m28s527ms idle change:uncachedprocstateprocadj procs:0 seq(4924446,4924445)} caps=-------T
03-03 21:19:48.662 W/fb4a.RtiGracefulSystemMethodHelper(11330): 	at android.app.ContextImpl.startServiceCommon(ContextImpl.java:2048)
03-03 21:19:48.662 W/fb4a.RtiGracefulSystemMethodHelper(11330): 	at android.app.ContextImpl.startService(ContextImpl.java:2003)
03-03 21:19:48.662 W/fb4a.RtiGracefulSystemMethodHelper(11330): 	at android.content.ContextWrapper.startService(ContextWrapper.java:855)
03-03 21:19:48.662 W/fb4a.RtiGracefulSystemMethodHelper(11330): 	at X.0Ko.A00(:26)
03-03 21:19:48.662 W/fb4a.RtiGracefulSystemMethodHelper(11330): 	at X.5JD.A00(Unknown Source:60)
03-03 21:19:48.662 W/fb4a.RtiGracefulSystemMethodHelper(11330): 	at X.518.A03(Unknown Source:80)
03-03 21:19:48.662 W/fb4a.RtiGracefulSystemMethodHelper(11330): 	at X.518.onDeviceActive(Unknown Source:14)
03-03 21:19:48.662 W/fb4a.RtiGracefulSystemMethodHelper(11330): 	at X.81z.A01(Unknown Source:175)
03-03 21:19:48.662 W/fb4a.RtiGracefulSystemMethodHelper(11330): 	at X.95p.DHw(Unknown Source:267)
03-03 21:19:48.662 W/fb4a.RtiGracefulSystemMethodHelper(11330): 	at X.0oK.onReceive(:170)
03-03 21:19:48.662 W/fb4a.RtiGracefulSystemMethodHelper(11330): 	at X.1Rn.handleMessage(Unknown Source:76)
03-03 21:19:48.662 W/fb4a.RtiGracefulSystemMethodHelper(11330): 	at android.os.Handler.dispatchMessage(Handler.java:110)
03-03 21:19:48.662 W/fb4a.RtiGracefulSystemMethodHelper(11330): 	at android.os.Looper.loopOnce(Looper.java:283)
03-03 21:19:48.662 W/fb4a.RtiGracefulSystemMethodHelper(11330): 	at android.os.Looper.loop(Looper.java:392)
03-03 21:19:48.662 W/fb4a.RtiGracefulSystemMethodHelper(11330): 	at android.os.HandlerThread.run(HandlerThread.java:94)
03-03 21:19:48.662 W/fb4a.RtiGracefulSystemMethodHelper(11330): 	at X.1FF.run(Unknown Source:0)
03-03 21:19:48.670 I/lowmemorykiller(  502): nr_free_pages: 23039 nr_inactive_file: 105806 nr_active_file: 237128 workingset_refault: 1494242982 pgscan_kswapd: 2507587519 pgscan_direct: 61341145 pgscan_direct_throttle: 1167 init_pgscan_direct: 61230352 init_pgscan_kswapd: 2507586303 base_file_lru: 335239 init_ws_refault: 1494235230 free_swap: 872554 total_swap: 1572863 swap_free_percentage: 55%
03-03 21:19:48.672 E/msys    (11067): E[N mns]_OnDiskCacheGetData(632)=>Start post callback cache refresh DNS resolution
03-03 21:19:47.431 W/[FTS_TS]fts_input_report_b(  581): [B]P0 UP!
03-03 21:19:47.431 W/[FTS_TS]fts_input_report_b(  581): [B]Points All Up!
03-03 21:19:48.678 W/fb4a.AppInfoCore(11330): [AI] Package not found when getting package info
03-03 21:19:48.681 W/android.hardware.thermal-service.mediatek( 1046): parseMsg: Get from client TYPE=thermal_hal_notify NAME=SKIN
03-03 21:19:48.681 W/android.hardware.thermal-service.mediatek( 1046): parseMsg:name.c_str():SKIN
03-03 21:19:48.681 W/android.hardware.thermal-service.mediatek( 1046): parseMsg:tz notify:SKIN
03-03 21:19:48.681 I/android.hardware.thermal-service.mediatek( 1046): Wait to accept a connection
03-03 21:19:48.681 I/android.hardware.thermal-service.mediatek( 1046): Sending notification:  Type: SKIN Name: SKIN CurrentValue: 38.245 ThrottlingStatus: LIGHT
03-03 21:19:48.681 I/android.hardware.thermal-service.mediatek( 1046): sendThermalChangedCallback
03-03 21:19:48.682 I/lowmemorykiller(  502): nr_free_pages: 21120 nr_inactive_file: 105863 nr_active_file: 239522 workingset_refault: 1494245376 pgscan_kswapd: 2507588392 pgscan_direct: 61341145 pgscan_direct_throttle: 1167 init_pgscan_direct: 61230352 init_pgscan_kswapd: 2507587519 base_file_lru: 335239 init_ws_refault: 1494235230 free_swap: 871935 total_swap: 1572863 swap_free_percentage: 55%
03-03 21:19:48.693 I/lowmemorykiller(  502): nr_free_pages: 19734 nr_inactive_file: 105791 nr_active_file: 240708 workingset_refault: 1494246516 pgscan_kswapd: 2507588392 pgscan_direct: 61341145 pgscan_direct_throttle: 1167 init_pgscan_direct: 61230352 init_pgscan_kswapd: 2507588392 base_file_lru: 335239 init_ws_refault: 1494235230 free_swap: 872063 total_swap: 1572863 swap_free_percentage: 55%
03-03 21:19:48.697 I/BugleRestore(19302): Returning restoreAnytimeCompatibleRestoreWorkflowSteps [CONTEXT ratelimit_period="10 SECONDS" ]
03-03 21:19:48.698 E/ActivityThread(11067): Failed to find provider info for com.facebook.wakizashi.provider.LastUsedTimestampProvider
03-03 21:19:48.699 I/touch_boost( 1166): enable=0, boost_up=0, boost_down=1, render_deboost=0, active_time=100, duration=120, idleprefer(TA,FG)=(0,0), util(TA,FG)=(0,0), freq(c0,c1,c2)=(1800000,900000,0)
03-03 21:19:48.699 I/mtkpower_client( 1166): perf_lock_rel, hdl:396869, tid:1166
03-03 21:19:48.699 I/mtkpower@impl( 1047): [powerd_req] TIMER_MSG_PERF_LOCK_TIMEOUT hdl:396869
03-03 21:19:48.699 I/libPowerHal( 1047): [perfLockRel] hdl:396869, idx:2
03-03 21:19:48.699 I/touch_boost( 1166): set_top_grp_aware
03-03 21:19:48.699 I/mtkpower_client( 1166): perf_lock_acq, hdl:396858, dur:2000, num:4, pid:1166, tid:1166
03-03 21:19:48.699 I/libPowerHal( 1047): [setClusterFreq]  set cpu_ctrl cpufreq: -1 -1 -1 -1 
03-03 21:19:48.699 I/libPowerHal( 1047): [PD] touch_boost update cmd:1404100 param:0
03-03 21:19:48.699 I/libPowerHal( 1047): [PD] touch_boost update cmd:1404300 param:0
03-03 21:19:48.699 I/libPowerHal( 1047): [PD] touch_boost update cmd:1408100 param:0
03-03 21:19:48.699 I/libPowerHal( 1047): [PD] touch_boost update cmd:1408300 param:0
03-03 21:19:48.700 I/libPowerHal( 1047): [perfLockRel] hdl:396869, idx:-1
03-03 21:19:48.700 I/mtkpower_client( 1166): ret_hdl:396858
03-03 21:19:48.700 I/libPowerHal( 1047): [perfLockAcq] idx:1 hdl:396858 hint:-1 pid:1166 tid:1166 duration:2000 lock_user:touch_boost => ret_hdl:396858
03-03 21:19:48.700 I/libPowerHal( 1047): [PU] scn:1, update
03-03 21:19:48.700 E/ActivityThread(11067): Failed to find provider info for com.facebook.orca.provider.LastUsedTimestampProvider
03-03 21:19:48.702 E/ActivityThread(11067): Failed to find provider info for com.facebook.lite.provider.LastUsedTimestampProvider
03-03 21:19:48.705 I/lowmemorykiller(  502): nr_free_pages: 18222 nr_inactive_file: 105119 nr_active_file: 242745 workingset_refault: 1494247827 pgscan_kswapd: 2507588392 pgscan_direct: 61341145 pgscan_direct_throttle: 1167 init_pgscan_direct: 61230352 init_pgscan_kswapd: 2507588392 base_file_lru: 335239 init_ws_refault: 1494235230 free_swap: 872191 total_swap: 1572863 swap_free_percentage: 55%
03-03 21:19:48.716 I/SyncManagerImpl(19302): #sync(). Running Synclets and scheduling next sync.
03-03 21:19:48.716 I/BufferQueueProducer( 1080): [com.example.foxos/com.example.foxos.MainActivity#142838](this:0xb4000075ed9080b8,id:-1,api:0,p:-1,c:1080) queueBuffer: fps=117.62 dur=1003.24 max=16.87 min=7.56
03-03 21:19:48.718 I/lowmemorykiller(  502): nr_free_pages: 16962 nr_inactive_file: 105008 nr_active_file: 243920 workingset_refault: 1494248881 pgscan_kswapd: 2507588392 pgscan_direct: 61341145 pgscan_direct_throttle: 1167 init_pgscan_direct: 61230352 init_pgscan_kswapd: 2507588392 base_file_lru: 335239 init_ws_refault: 1494235230 free_swap: 872255 total_swap: 1572863 swap_free_percentage: 55%
03-03 21:19:48.728 I/lowmemorykiller(  502): nr_free_pages: 16080 nr_inactive_file: 104481 nr_active_file: 245074 workingset_refault: 1494249508 pgscan_kswapd: 2507588392 pgscan_direct: 61341145 pgscan_direct_throttle: 1167 init_pgscan_direct: 61230352 init_pgscan_kswapd: 2507588392 base_file_lru: 335239 init_ws_refault: 1494235230 free_swap: 872319 total_swap: 1572863 swap_free_percentage: 55%
03-03 21:19:47.501 I/mali 13000000.mali(   79): Tiler heap reclaim scan freed pages: 512 (unused: 2048)
03-03 21:19:48.741 I/lowmemorykiller(  502): nr_free_pages: 19346 nr_inactive_file: 209884 nr_active_file: 140355 workingset_refault: 1494250135 pgscan_kswapd: 2507588392 pgscan_direct: 61341145 pgscan_direct_throttle: 1167 init_pgscan_direct: 61230352 init_pgscan_kswapd: 2507588392 base_file_lru: 335239 init_ws_refault: 1494235230 free_swap: 872447 total_swap: 1572863 swap_free_percentage: 55%
03-03 21:19:48.749 I/SyncManagerImpl(19302): Running synclets: [TemplateFetcherSynclet]
03-03 21:19:48.758 I/LocationReportUplIntOp(18610): Uploading owner sightings. [CONTEXT service_id=284 ratelimit_period="5 MINUTES" ]
03-03 21:19:48.758 I/GmsCoreXrpcWrapper(18610): (REDACTED) Returning a channel provider with trafficStatsTag=%d trafficStatsUid=%d
03-03 21:19:48.759 I/SyncManagerImpl(19302): Starting synclet: TemplateFetcherSynclet
03-03 21:19:48.764 W/ProcessStats( 1666): Tracking association SourceState{e942250 com.instagram.android/10372 ImpBg #1434767} whose proc state 6 is better than process ProcessState{14da849 com.facebook.katana/10034 pkg=com.facebook.katana} proc state 15 (3 skipped)
03-03 21:19:48.770 I/SyncManagerImpl(19302): #sync() complete
03-03 21:19:48.771 I/SyncManagerImpl(19302): Completed sync. Scheduling next wakeup
03-03 21:19:48.775 I/SyncWorkManagerPeriodic(19302): Scheduling next periodic WorkManager workers
03-03 21:19:48.777 I/WM-WorkerWrapper(19302): Worker result SUCCESS for Work [ id=42f2cca4-1eb8-4997-a6f6-a313b2172211, tags={ com.google.apps.tiktok.contrib.work.TikTokListenableWorker,com.google.apps.tiktok.sync.impl.workmanager.SyncPeriodicWorker,sync_constraint:none,TikTokWorker#com.google.apps.tiktok.sync.impl.workmanager.SyncPeriodicWorker } ]
03-03 21:19:48.841 I/lowmemorykiller(  502): nr_free_pages: 59434 nr_inactive_file: 159912 nr_active_file: 152172 workingset_refault: 1494256004 pgscan_kswapd: 2507635432 pgscan_direct: 61341145 pgscan_direct_throttle: 1167 init_pgscan_direct: 61230352 init_pgscan_kswapd: 2507588392 base_file_lru: 335239 init_ws_refault: 1494235230 free_swap: 873599 total_swap: 1572863 swap_free_percentage: 55%
03-03 21:19:48.930 I/SyncWorkManagerPeriodic(19302): Successfully scheduled next periodic workers
03-03 21:19:48.942 I/lowmemorykiller(  502): nr_free_pages: 78180 nr_inactive_file: 134047 nr_active_file: 158719 workingset_refault: 1494259330 pgscan_kswapd: 2507660328 pgscan_direct: 61341145 pgscan_direct_throttle: 1167 init_pgscan_direct: 61230352 init_pgscan_kswapd: 2507635432 base_file_lru: 335239 init_ws_refault: 1494235230 free_swap: 874047 total_swap: 1572863 swap_free_percentage: 55%
03-03 21:19:48.973 W/s.youtube.music(15239): ClassLoaderContext classpath size mismatch. expected=1, found=0 (DLC[];PCL[base.apk*1782853586]{PCL[/system/framework/org.apache.http.legacy.jar*4247870504]#PCL[/system/framework/com.android.location.provider.jar*1570284764]#PCL[/system/framework/com.android.media.remotedisplay.jar*487574312]#PCL[/system_ext/framework/androidx.window.extensions.jar*1030441313]#PCL[/system_ext/framework/androidx.window.sidecar.jar*3860983653]} | DLC[];PCL[])
03-03 21:19:47.737 I/instant_current(  901): cic_idx:0
03-03 21:19:49.035 W/BluetoothMetricsLogger( 2804): MetricsLogger isn't initialized
03-03 21:19:49.035 W/BluetoothMetricsLogger( 2804): MetricsLogger isn't initialized
03-03 21:19:49.041 I/lowmemorykiller(  502): nr_free_pages: 71628 nr_inactive_file: 134104 nr_active_file: 162595 workingset_refault: 1494263206 pgscan_kswapd: 2507660328 pgscan_direct: 61341145 pgscan_direct_throttle: 1167 init_pgscan_direct: 61230352 init_pgscan_kswapd: 2507660328 base_file_lru: 335239 init_ws_refault: 1494235230 free_swap: 875647 total_swap: 1572863 swap_free_percentage: 55%
03-03 21:19:49.089 I/FA      (15239): App measurement initialized, version: 155008
03-03 21:19:49.089 I/FA      (15239): To enable debug logging run: adb shell setprop log.tag.FA VERBOSE
03-03 21:19:49.090 I/FA      (15239): To enable faster debug mode event logging run:
03-03 21:19:49.090 I/FA      (15239):   adb shell setprop debug.firebase.analytics.app com.google.android.apps.youtube.music
03-03 21:19:49.090 E/jdja    (18610): *~*~*~ Previous channel {0} was garbage collected without being shut down! ~*~*~*
03-03 21:19:49.090 E/jdja    (18610):     Make sure to call shutdown()/shutdownNow()
03-03 21:19:49.090 E/jdja    (18610): java.lang.RuntimeException: ManagedChannel allocation site
03-03 21:19:49.090 E/jdja    (18610): 	at jdiz.<init>(:com.google.android.gms@260632035@26.06.32 (260400-869789857):21)
03-03 21:19:49.090 E/jdja    (18610): 	at jdja.<init>(:com.google.android.gms@260632035@26.06.32 (260400-869789857):10)
03-03 21:19:49.090 E/jdja    (18610): 	at jdiy.a(:com.google.android.gms@260632035@26.06.32 (260400-869789857):296)
03-03 21:19:49.090 E/jdja    (18610): 	at jcqu.a(:com.google.android.gms@260632035@26.06.32 (260400-869789857):5)
03-03 21:19:49.090 E/jdja    (18610): 	at cure.h(:com.google.android.gms@260632035@26.06.32 (260400-869789857):150)
03-03 21:19:49.090 E/jdja    (18610): 	at hcqb.a(:com.google.android.gms@260632035@26.06.32 (260400-869789857):154)
03-03 21:19:49.090 E/jdja    (18610): 	at gqhv.a(:com.google.android.gms@260632035@26.06.32 (260400-869789857):13)
03-03 21:19:49.090 E/jdja    (18610): 	at gzeq.a(:com.google.android.gms@260632035@26.06.32 (260400-869789857):3)
03-03 21:19:49.090 E/jdja    (18610): 	at gzdr.run(:com.google.android.gms@260632035@26.06.32 (260400-869789857):19)
03-03 21:19:49.090 E/jdja    (18610): 	at gzes.run(:com.google.android.gms@260632035@26.06.32 (260400-869789857):5)
03-03 21:19:49.090 E/jdja    (18610): 	at bfur.c(:com.google.android.gms@260632035@26.06.32 (260400-869789857):50)
03-03 21:19:49.090 E/jdja    (18610): 	at bfur.run(:com.google.android.gms@260632035@26.06.32 (260400-869789857):73)
03-03 21:19:49.090 E/jdja    (18610): 	at java.util.concurrent.ThreadPoolExecutor.runWorker(ThreadPoolExecutor.java:1154)
03-03 21:19:49.090 E/jdja    (18610): 	at java.util.concurrent.ThreadPoolExecutor$Worker.run(ThreadPoolExecutor.java:652)
03-03 21:19:49.090 E/jdja    (18610): 	at bgai.run(:com.google.android.gms@260632035@26.06.32 (260400-869789857):8)
03-03 21:19:49.090 E/jdja    (18610): 	at java.lang.Thread.run(Thread.java:1564)
03-03 21:19:49.103 I/.gms.persistent(18610): AssetManager2(0xb400007211997af8) locale list changing from [] to [en-GB]
03-03 21:19:49.112 I/touch_boost( 1166): enable=1, boost_up=0, boost_down=1, render_deboost=0, active_time=100, duration=120, idleprefer(TA,FG)=(0,0), util(TA,FG)=(0,0), freq(c0,c1,c2)=(1800000,900000,0)
03-03 21:19:49.112 I/mtkpower_client( 1166): perf_lock_acq, hdl:0, dur:120, num:14, pid:1166, tid:1166
03-03 21:19:47.874 W/[FTS_TS]fts_input_report_b(  581): [B]P0(824, 1212)[p:24,tm:32] DOWN!
03-03 21:19:49.112 I/mtkpower_client( 1166): ret_hdl:396870
03-03 21:19:49.112 I/touch_boost( 1166): set_top_grp_aware
03-03 21:19:49.112 I/mtkpower_client( 1166): perf_lock_acq, hdl:396858, dur:2000, num:4, pid:1166, tid:1166
03-03 21:19:49.113 I/libPowerHal( 1047): [perfLockAcq] idx:2 hdl:396870 hint:-1 pid:1166 tid:1166 duration:120 lock_user:touch_boost => ret_hdl:396870
03-03 21:19:49.113 I/libPowerHal( 1047): [setClusterFreq] touch_boost set cpufreq[0] min:1800000 max:-1 cpufreq[1] min:900000 max:-1 
03-03 21:19:49.113 I/libPowerHal( 1047): [setClusterFreq]  set cpu_ctrl cpufreq: 1800000 -1 900000 -1 
03-03 21:19:49.113 I/libPowerHal( 1047): [PE] touch_boost update cmd:1404100, param:0
03-03 21:19:49.113 I/libPowerHal( 1047): [PE] touch_boost update cmd:1404300, param:0
03-03 21:19:49.113 I/libPowerHal( 1047): [PE] touch_boost update cmd:1408100, param:0
03-03 21:19:49.113 I/libPowerHal( 1047): [PE] touch_boost update cmd:1408300, param:0
03-03 21:19:49.113 I/mtkpower_client( 1166): ret_hdl:396858
03-03 21:19:49.113 I/libPowerHal( 1047): [perfLockAcq] idx:1 hdl:396858 hint:-1 pid:1166 tid:1166 duration:2000 lock_user:touch_boost => ret_hdl:396858
03-03 21:19:49.113 I/libPowerHal( 1047): [PU] scn:1, update
03-03 21:19:47.891 I/[wlan][6899]asicConnac2xFillCmdTxdInfo( 6899): (TX INFO) TX CMD: ID[0x81] SEQ[70] SET[0] LEN[64]
03-03 21:19:47.892 I/[wlan][6900]wlanTxCmdDoneCb( 6900): (TX INFO) Add command: 00000000d7c978a3, 000000002b4ba591, cmd=0x81, seq=70
03-03 21:19:47.892 I/[wlan][6899]nicGetPendingCmdInfo( 6899): (TX INFO) Get command: 00000000d7c978a3, 000000002b4ba591, cmd=0x81, seq=70
03-03 21:19:47.892 I/[wlan][17258]mtk_cfg80211_get_station(17258): (REQ INFO) link speed=10/344, bw=0/0, rssi=-63, BSSID:[a8:6e:**:**:**:d5], idx=0,TxFail=0, TxTimeOut=0, TxOK=183994, RxOK=701012, FcsErr=0
03-03 21:19:49.131 I/WifiHAL ( 2020): feature_set=0x8488341a
03-03 21:19:49.132 I/HalDevMgr( 1666): bestIfaceCreationProposal is null, requestIface=STA, existingIface=[name=wlan0 type=STA]
03-03 21:19:49.139 W/JobService(11067): onNetworkChanged() not implemented in androidx.work.impl.background.systemjob.SystemJobService. Must override in a subclass.
03-03 21:19:49.141 I/lowmemorykiller(  502): nr_free_pages: 62619 nr_inactive_file: 134213 nr_active_file: 167489 workingset_refault: 1494268290 pgscan_kswapd: 2507660328 pgscan_direct: 61341145 pgscan_direct_throttle: 1167 init_pgscan_direct: 61230352 init_pgscan_kswapd: 2507660328 base_file_lru: 335239 init_ws_refault: 1494235230 free_swap: 876095 total_swap: 1572863 swap_free_percentage: 55%
03-03 21:19:49.144 W/JobServiceContext( 1666): Sending onNetworkChanged for a job that isn't started. JobStatus{a6d8cb1 androidx.work.systemjobscheduler:u0a169/2749 @androidx.work.systemjobscheduler@com.google.android.apps.youtube.music/androidx.work.impl.background.systemjob.SystemJobService u=0 s=10169 TIME=-55s294ms:none NET READY}
03-03 21:19:49.171 I/NullBinder(18610): NullBinder for android.net.action.RECOMMEND_NETWORKS triggering remote TransactionTooLargeException due to Service without Chimera impl, calling uid: 1000, calling pid: 0
03-03 21:19:49.171 W/.gms.persistent(18610): Large reply transaction of 2113536 bytes, interface descriptor , code 1
03-03 21:19:49.177 I/BugleRcsEngine(28872): handleMessage processing message:[NOTIFY_UPTIME_IGNORE_STATE_CHANGED] with [non-null]:RcsEngineImpl reference [CONTEXT log_prefix="RcsEngineImpl[DUAL_REG]:[e070ef04-7fc1]>Handler" thread_id=579 ]
03-03 21:19:49.177 I/BugleRcsEngine(28872): Connected state: [1], networkType: [WIFI] [CONTEXT thread_id=573 ]
03-03 21:19:49.185 I/android.hardware.thermal-service.mediatek( 1046): getTemperaturesWithType TemperatureType: 3
03-03 21:19:49.185 W/android.hardware.thermal-service.mediatek( 1046): i=0 tz_data[i].tz_idx[0]=10
03-03 21:19:49.186 W/android.hardware.thermal-service.mediatek( 1046): i=1 tz_data[i].tz_idx[0]=10
03-03 21:19:49.186 W/android.hardware.thermal-service.mediatek( 1046): i=2 tz_data[i].tz_idx[0]=7
03-03 21:19:49.186 W/android.hardware.thermal-service.mediatek( 1046): i=3 tz_data[i].tz_idx[0]=56
03-03 21:19:49.186 I/android.hardware.thermal-service.mediatek( 1046): fill_temperatures filterType1 name: SKIN type: SKIN throttlingStatus: LIGHT value: 38.245 ret_temps size 0
03-03 21:19:49.186 W/android.hardware.thermal-service.mediatek( 1046): i=4 tz_data[i].tz_idx[0]=0
03-03 21:19:49.186 W/android.hardware.thermal-service.mediatek( 1046): i=5 tz_data[i].tz_idx[0]=51
03-03 21:19:49.186 W/android.hardware.thermal-service.mediatek( 1046): i=6 tz_data[i].tz_idx[0]=-1
03-03 21:19:49.186 W/android.hardware.thermal-service.mediatek( 1046): i=7 tz_data[i].tz_idx[0]=-1
03-03 21:19:49.186 W/android.hardware.thermal-service.mediatek( 1046): i=8 tz_data[i].tz_idx[0]=-1
03-03 21:19:49.186 W/android.hardware.thermal-service.mediatek( 1046): i=9 tz_data[i].tz_idx[0]=10
03-03 21:19:49.186 W/android.hardware.thermal-service.mediatek( 1046): i=10 tz_data[i].tz_idx[0]=10
03-03 21:19:49.186 W/android.hardware.thermal-service.mediatek( 1046): i=11 tz_data[i].tz_idx[0]=-1
03-03 21:19:49.186 W/android.hardware.thermal-service.mediatek( 1046): i=12 tz_data[i].tz_idx[0]=-1
03-03 21:19:49.186 W/android.hardware.thermal-service.mediatek( 1046): i=13 tz_data[i].tz_idx[0]=10
03-03 21:19:49.190 W/chromium(15239): [0303/211949.172591:WARNING:net/dns/dns_config_service_android.cc:69] Failed to read DnsConfig.
03-03 21:19:49.193 I/BufferQueueProducer( 1080): [NotificationShade#142850](this:0xb4000075ed887e68,id:-1,api:0,p:-1,c:1080) queueBuffer: fps=86.69 dur=1003.53 max=284.27 min=7.80
03-03 21:19:49.189 W/dataInfoSend( 2594): type=1400 audit(0.0:837674625): avc:  denied  { bpf } for  capability=39  scontext=u:r:bpfloader:s0 tcontext=u:r:bpfloader:s0 tclass=capability2 permissive=0
03-03 21:19:49.193 W/dataInfoSend( 2594): type=1400 audit(0.0:837674626): avc:  denied  { bpf } for  capability=39  scontext=u:r:bpfloader:s0 tcontext=u:r:bpfloader:s0 tclass=capability2 permissive=0
03-03 21:19:49.193 W/dataInfoSend( 2594): type=1400 audit(0.0:837674627): avc:  denied  { bpf } for  capability=39  scontext=u:r:bpfloader:s0 tcontext=u:r:bpfloader:s0 tclass=capability2 permissive=0
03-03 21:19:49.193 W/dataInfoSend( 2594): type=1400 audit(0.0:837674628): avc:  denied  { bpf } for  capability=39  scontext=u:r:bpfloader:s0 tcontext=u:r:bpfloader:s0 tclass=capability2 permissive=0
03-03 21:19:49.193 W/dataInfoSend( 2594): type=1400 audit(0.0:837674629): avc:  denied  { bpf } for  capability=39  scontext=u:r:bpfloader:s0 tcontext=u:r:bpfloader:s0 tclass=capability2 permissive=0
03-03 21:19:49.199 I/resolv  (  987): GetAddrInfoHandler::run: {482 786914 482 983522 10136 0}
03-03 21:19:47.959 W/audit   (17507): audit_lost=836147100 audit_rate_limit=5 audit_backlog_limit=64
03-03 21:19:47.959 E/audit   (17507): rate limit exceeded
03-03 21:19:49.202 I/resolv  (  987): res_nmkquery: (QUERY, IN, A)
03-03 21:19:47.964 W/[FTS_TS]fts_input_report_b(  581): [B]P0 UP!
03-03 21:19:47.964 W/[FTS_TS]fts_input_report_b(  581): [B]Points All Up!
03-03 21:19:47.965 I/[wlan][15321]statsParseUDPInfo(15321): (TX INFO) <TX> DNS: IPID[0xa745] TransID[0xfc52] SeqNo[137]
03-03 21:19:49.223 W/chromium(15239): [0303/211949.223500:WARNING:net/dns/dns_config_service_android.cc:69] Failed to read DnsConfig.
03-03 21:19:49.231 E/ashmem  (15239): Pinning is deprecated since Android Q. Please use trim or other methods.
03-03 21:19:49.232 I/touch_boost( 1166): enable=0, boost_up=0, boost_down=1, render_deboost=0, active_time=100, duration=120, idleprefer(TA,FG)=(0,0), util(TA,FG)=(0,0), freq(c0,c1,c2)=(1800000,900000,0)
03-03 21:19:49.232 I/mtkpower_client( 1166): perf_lock_rel, hdl:396870, tid:1166
03-03 21:19:49.232 I/mtkpower@impl( 1047): [powerd_req] TIMER_MSG_PERF_LOCK_TIMEOUT hdl:396870
03-03 21:19:49.232 I/libPowerHal( 1047): [perfLockRel] hdl:396870, idx:2
03-03 21:19:49.232 I/touch_boost( 1166): set_top_grp_aware
03-03 21:19:49.232 I/mtkpower_client( 1166): perf_lock_acq, hdl:396858, dur:2000, num:4, pid:1166, tid:1166
03-03 21:19:49.232 I/libPowerHal( 1047): [setClusterFreq]  set cpu_ctrl cpufreq: -1 -1 -1 -1 
03-03 21:19:49.232 I/libPowerHal( 1047): [PD] touch_boost update cmd:1404100 param:0
03-03 21:19:49.232 I/libPowerHal( 1047): [PD] touch_boost update cmd:1404300 param:0
03-03 21:19:49.232 I/libPowerHal( 1047): [PD] touch_boost update cmd:1408100 param:0
03-03 21:19:49.232 I/libPowerHal( 1047): [PD] touch_boost update cmd:1408300 param:0
03-03 21:19:49.233 I/libPowerHal( 1047): [perfLockRel] hdl:396870, idx:-1
03-03 21:19:49.233 I/mtkpower_client( 1166): ret_hdl:396858
03-03 21:19:49.233 I/libPowerHal( 1047): [perfLockAcq] idx:1 hdl:396858 hint:-1 pid:1166 tid:1166 duration:2000 lock_user:touch_boost => ret_hdl:396858
03-03 21:19:49.233 I/libPowerHal( 1047): [PU] scn:1, update
03-03 21:19:49.242 I/lowmemorykiller(  502): nr_free_pages: 56949 nr_inactive_file: 134213 nr_active_file: 171023 workingset_refault: 1494271824 pgscan_kswapd: 2507660328 pgscan_direct: 61341145 pgscan_direct_throttle: 1167 init_pgscan_direct: 61230352 init_pgscan_kswapd: 2507660328 base_file_lru: 335239 init_ws_refault: 1494235230 free_swap: 877007 total_swap: 1572863 swap_free_percentage: 55%
03-03 21:19:49.278 I/hwcomposer( 1022): [HWCDisplay] [Display_0 (type:1, mode:2)] fps:119.607208,dur:1003.28,max:9.52,min:7.13  
03-03 21:19:49.290 I/START_DEBUG( 1666): remove BIND_TIMEOUT finish    ProcessRecord :ProcessRecord{1388c6f 15239:com.google.android.apps.youtube.music/u0a169}
03-03 21:19:49.292 W/JobServiceContext( 1666): Sending onNetworkChanged for a job that isn't started. JobStatus{a6d8cb1 androidx.work.systemjobscheduler:u0a169/2749 @androidx.work.systemjobscheduler@com.google.android.apps.youtube.music/androidx.work.impl.background.systemjob.SystemJobService u=0 s=10169 TIME=-55s442ms:none NET READY}
03-03 21:19:49.297 I/netd    (  987): tetherGetStats() -> {[TetherStatsParcel{iface: ccmni1, rxBytes: 3509550, rxPackets: 43041, txBytes: 3464010, txPackets: 46238, ifIndex: 0}, TetherStatsParcel{iface: ccmni2, rxBytes: 4035077, rxPackets: 51937, txBytes: 7654680, txPackets: 64146, ifIndex: 0}, TetherStatsParcel{iface: ccmni3, rxBytes: 3051754, rxPackets: 38176, txBytes: 3102428, txPackets: 41528, ifIndex: 0}, TetherStatsParcel{iface: v4-ccmni1, rxBytes: 368437434, rxPackets: 319516, txBytes: 98443403, txPackets: 140718, ifIndex: 0}, TetherStatsParcel{iface: v4-ccmni2, rxBytes: 177232448, rxPackets: 228673, txBytes: 311312455, txPackets: 310211, ifIndex: 0}, TetherStatsParcel{iface: v4-ccmni3, rxBytes: 4326832642, rxPackets: 1328562, txBytes: 509179019, txPackets: 977900, ifIndex: 0}, TetherStatsParcel{iface: wlan0, rxBytes: 1782021127, rxPackets: 1894403, txBytes: 2587817868, txPackets: 2362967, ifIndex: 0}]} <1.24ms>
03-03 21:19:49.299 W/BluetoothMetricsLogger( 2804): MetricsLogger isn't initialized
03-03 21:19:49.299 W/BluetoothMetricsLogger( 2804): MetricsLogger isn't initialized
03-03 21:19:49.341 W/System  (15239): ClassLoader referenced unknown path: 
03-03 21:19:49.341 I/lowmemorykiller(  502): nr_free_pages: 53484 nr_inactive_file: 134683 nr_active_file: 171453 workingset_refault: 1494272442 pgscan_kswapd: 2507660328 pgscan_direct: 61341145 pgscan_direct_throttle: 1167 init_pgscan_direct: 61230352 init_pgscan_kswapd: 2507660328 base_file_lru: 335239 init_ws_refault: 1494235230 free_swap: 879423 total_swap: 1572863 swap_free_percentage: 55%
03-03 21:19:49.414 I/s.youtube.music(15239): AssetManager2(0xb400007211990758) locale list changing from [] to [en-GB]
03-03 21:19:49.431 I/AdvertisingIdClient( 7943): shouldSendLog 904457843
03-03 21:19:49.431 I/AdvertisingIdClient( 7943): GetInfoInternal elapse 7ms
03-03 21:19:49.442 I/lowmemorykiller(  502): nr_free_pages: 51468 nr_inactive_file: 134862 nr_active_file: 172464 workingset_refault: 1494273731 pgscan_kswapd: 2507660328 pgscan_direct: 61341145 pgscan_direct_throttle: 1167 init_pgscan_direct: 61230352 init_pgscan_kswapd: 2507660328 base_file_lru: 335239 init_ws_refault: 1494235230 free_swap: 882111 total_swap: 1572863 swap_free_percentage: 56%
03-03 21:19:49.473 W/JobInfo (15239): Requested important-while-foreground flag for job2746 is ignored and takes no effect
